Archive member included to satisfy reference by file (symbol)

c:/st/stm32cubeide_1.6.1/stm32cubeide/plugins/com.st.stm32cube.ide.mcu.externaltools.gnu-tools-for-stm32.9-2020-q2-update.win32_1.5.0.202011040924/tools/bin/../lib/gcc/arm-none-eabi/9.3.1/../../../../arm-none-eabi/lib/thumb/v7e-m+fp/hard\libc_nano.a(lib_a-errno.o)
                              src/bsp/syscalls.o (__errno)
c:/st/stm32cubeide_1.6.1/stm32cubeide/plugins/com.st.stm32cube.ide.mcu.externaltools.gnu-tools-for-stm32.9-2020-q2-update.win32_1.5.0.202011040924/tools/bin/../lib/gcc/arm-none-eabi/9.3.1/../../../../arm-none-eabi/lib/thumb/v7e-m+fp/hard\libc_nano.a(lib_a-exit.o)
                              c:/st/stm32cubeide_1.6.1/stm32cubeide/plugins/com.st.stm32cube.ide.mcu.externaltools.gnu-tools-for-stm32.9-2020-q2-update.win32_1.5.0.202011040924/tools/bin/../lib/gcc/arm-none-eabi/9.3.1/../../../../arm-none-eabi/lib/thumb/v7e-m+fp/hard/crt0.o (exit)
c:/st/stm32cubeide_1.6.1/stm32cubeide/plugins/com.st.stm32cube.ide.mcu.externaltools.gnu-tools-for-stm32.9-2020-q2-update.win32_1.5.0.202011040924/tools/bin/../lib/gcc/arm-none-eabi/9.3.1/../../../../arm-none-eabi/lib/thumb/v7e-m+fp/hard\libc_nano.a(lib_a-impure.o)
                              c:/st/stm32cubeide_1.6.1/stm32cubeide/plugins/com.st.stm32cube.ide.mcu.externaltools.gnu-tools-for-stm32.9-2020-q2-update.win32_1.5.0.202011040924/tools/bin/../lib/gcc/arm-none-eabi/9.3.1/../../../../arm-none-eabi/lib/thumb/v7e-m+fp/hard\libc_nano.a(lib_a-exit.o) (_global_impure_ptr)
c:/st/stm32cubeide_1.6.1/stm32cubeide/plugins/com.st.stm32cube.ide.mcu.externaltools.gnu-tools-for-stm32.9-2020-q2-update.win32_1.5.0.202011040924/tools/bin/../lib/gcc/arm-none-eabi/9.3.1/../../../../arm-none-eabi/lib/thumb/v7e-m+fp/hard\libc_nano.a(lib_a-init.o)
                              c:/st/stm32cubeide_1.6.1/stm32cubeide/plugins/com.st.stm32cube.ide.mcu.externaltools.gnu-tools-for-stm32.9-2020-q2-update.win32_1.5.0.202011040924/tools/bin/../lib/gcc/arm-none-eabi/9.3.1/../../../../arm-none-eabi/lib/thumb/v7e-m+fp/hard/crt0.o (__libc_init_array)
c:/st/stm32cubeide_1.6.1/stm32cubeide/plugins/com.st.stm32cube.ide.mcu.externaltools.gnu-tools-for-stm32.9-2020-q2-update.win32_1.5.0.202011040924/tools/bin/../lib/gcc/arm-none-eabi/9.3.1/../../../../arm-none-eabi/lib/thumb/v7e-m+fp/hard\libc_nano.a(lib_a-memset.o)
                              c:/st/stm32cubeide_1.6.1/stm32cubeide/plugins/com.st.stm32cube.ide.mcu.externaltools.gnu-tools-for-stm32.9-2020-q2-update.win32_1.5.0.202011040924/tools/bin/../lib/gcc/arm-none-eabi/9.3.1/../../../../arm-none-eabi/lib/thumb/v7e-m+fp/hard/crt0.o (memset)
c:/st/stm32cubeide_1.6.1/stm32cubeide/plugins/com.st.stm32cube.ide.mcu.externaltools.gnu-tools-for-stm32.9-2020-q2-update.win32_1.5.0.202011040924/tools/bin/../lib/gcc/arm-none-eabi/9.3.1/thumb/v7e-m+fp/hard\libgcc.a(_aeabi_uldivmod.o)
                              src/lib/cube_f429/Drivers/STM32F4xx_HAL_Driver/Src/stm32f4xx_hal_rcc.o (__aeabi_uldivmod)
c:/st/stm32cubeide_1.6.1/stm32cubeide/plugins/com.st.stm32cube.ide.mcu.externaltools.gnu-tools-for-stm32.9-2020-q2-update.win32_1.5.0.202011040924/tools/bin/../lib/gcc/arm-none-eabi/9.3.1/thumb/v7e-m+fp/hard\libgcc.a(_udivmoddi4.o)
                              c:/st/stm32cubeide_1.6.1/stm32cubeide/plugins/com.st.stm32cube.ide.mcu.externaltools.gnu-tools-for-stm32.9-2020-q2-update.win32_1.5.0.202011040924/tools/bin/../lib/gcc/arm-none-eabi/9.3.1/thumb/v7e-m+fp/hard\libgcc.a(_aeabi_uldivmod.o) (__udivmoddi4)
c:/st/stm32cubeide_1.6.1/stm32cubeide/plugins/com.st.stm32cube.ide.mcu.externaltools.gnu-tools-for-stm32.9-2020-q2-update.win32_1.5.0.202011040924/tools/bin/../lib/gcc/arm-none-eabi/9.3.1/thumb/v7e-m+fp/hard\libgcc.a(_dvmd_tls.o)
                              c:/st/stm32cubeide_1.6.1/stm32cubeide/plugins/com.st.stm32cube.ide.mcu.externaltools.gnu-tools-for-stm32.9-2020-q2-update.win32_1.5.0.202011040924/tools/bin/../lib/gcc/arm-none-eabi/9.3.1/thumb/v7e-m+fp/hard\libgcc.a(_aeabi_uldivmod.o) (__aeabi_ldiv0)

Allocating common symbols
Common symbol       size              file

UserRxBufferHS      0x800             src/lib/cube_f429/USB_DEVICE/App/usbd_cdc_if.o
hpcd_USB_OTG_HS     0x408             src/lib/cube_f429/USB_DEVICE/Target/usbd_conf.o
hi2c1               0x54              src/common/i2c.o
uwTick              0x4               src/lib/cube_f429/Drivers/STM32F4xx_HAL_Driver/Src/stm32f4xx_hal.o
pFlash              0x20              src/lib/cube_f429/Drivers/STM32F4xx_HAL_Driver/Src/stm32f4xx_hal_flash.o
hUsbDeviceHS        0x2d0             src/lib/cube_f429/USB_DEVICE/App/usb_device.o
huart1              0x44              src/common/usart.o
UserTxBufferHS      0x800             src/lib/cube_f429/USB_DEVICE/App/usbd_cdc_if.o
USBD_StrDesc        0x200             src/lib/cube_f429/USB_DEVICE/App/usbd_desc.o

Discarded input sections

[...]
Memory Configuration

Name             Origin             Length             Attributes
RAM              0x0000000020000000 0x0000000000030000 xrw
FLASH            0x0000000008000000 0x0000000000200000 xr
*default*        0x0000000000000000 0xffffffffffffffff

Linker script and memory map

LOAD c:/st/stm32cubeide_1.6.1/stm32cubeide/plugins/com.st.stm32cube.ide.mcu.externaltools.gnu-tools-for-stm32.9-2020-q2-update.win32_1.5.0.202011040924/tools/bin/../lib/gcc/arm-none-eabi/9.3.1/thumb/v7e-m+fp/hard/crti.o
LOAD c:/st/stm32cubeide_1.6.1/stm32cubeide/plugins/com.st.stm32cube.ide.mcu.externaltools.gnu-tools-for-stm32.9-2020-q2-update.win32_1.5.0.202011040924/tools/bin/../lib/gcc/arm-none-eabi/9.3.1/thumb/v7e-m+fp/hard/crtbegin.o
LOAD c:/st/stm32cubeide_1.6.1/stm32cubeide/plugins/com.st.stm32cube.ide.mcu.externaltools.gnu-tools-for-stm32.9-2020-q2-update.win32_1.5.0.202011040924/tools/bin/../lib/gcc/arm-none-eabi/9.3.1/../../../../arm-none-eabi/lib/thumb/v7e-m+fp/hard/crt0.o
LOAD src/bsp/bsp.o
LOAD src/bsp/stm32f4xx_hal_msp.o
LOAD src/bsp/stm32f4xx_it.o
LOAD src/bsp/syscalls.o
LOAD src/bsp/sysmem.o
LOAD src/bsp/system_stm32f4xx.o
LOAD src/bsp/startup/startup_stm32f429zitx.o
LOAD src/common/i2c.o
LOAD src/common/usart.o
LOAD src/hw/led.o
LOAD src/lib/cube_f429/Drivers/STM32F4xx_HAL_Driver/Src/stm32f4xx_hal.o
LOAD src/lib/cube_f429/Drivers/STM32F4xx_HAL_Driver/Src/stm32f4xx_hal_cortex.o
LOAD src/lib/cube_f429/Drivers/STM32F4xx_HAL_Driver/Src/stm32f4xx_hal_dma.o
LOAD src/lib/cube_f429/Drivers/STM32F4xx_HAL_Driver/Src/stm32f4xx_hal_dma_ex.o
LOAD src/lib/cube_f429/Drivers/STM32F4xx_HAL_Driver/Src/stm32f4xx_hal_exti.o
LOAD src/lib/cube_f429/Drivers/STM32F4xx_HAL_Driver/Src/stm32f4xx_hal_flash.o
LOAD src/lib/cube_f429/Drivers/STM32F4xx_HAL_Driver/Src/stm32f4xx_hal_flash_ex.o
LOAD src/lib/cube_f429/Drivers/STM32F4xx_HAL_Driver/Src/stm32f4xx_hal_flash_ramfunc.o
LOAD src/lib/cube_f429/Drivers/STM32F4xx_HAL_Driver/Src/stm32f4xx_hal_gpio.o
LOAD src/lib/cube_f429/Drivers/STM32F4xx_HAL_Driver/Src/stm32f4xx_hal_i2c.o
LOAD src/lib/cube_f429/Drivers/STM32F4xx_HAL_Driver/Src/stm32f4xx_hal_i2c_ex.o
LOAD src/lib/cube_f429/Drivers/STM32F4xx_HAL_Driver/Src/stm32f4xx_hal_pcd.o
LOAD src/lib/cube_f429/Drivers/STM32F4xx_HAL_Driver/Src/stm32f4xx_hal_pcd_ex.o
LOAD src/lib/cube_f429/Drivers/STM32F4xx_HAL_Driver/Src/stm32f4xx_hal_pwr.o
LOAD src/lib/cube_f429/Drivers/STM32F4xx_HAL_Driver/Src/stm32f4xx_hal_pwr_ex.o
LOAD src/lib/cube_f429/Drivers/STM32F4xx_HAL_Driver/Src/stm32f4xx_hal_rcc.o
LOAD src/lib/cube_f429/Drivers/STM32F4xx_HAL_Driver/Src/stm32f4xx_hal_rcc_ex.o
LOAD src/lib/cube_f429/Drivers/STM32F4xx_HAL_Driver/Src/stm32f4xx_hal_tim.o
LOAD src/lib/cube_f429/Drivers/STM32F4xx_HAL_Driver/Src/stm32f4xx_hal_tim_ex.o
LOAD src/lib/cube_f429/Drivers/STM32F4xx_HAL_Driver/Src/stm32f4xx_hal_uart.o
LOAD src/lib/cube_f429/Drivers/STM32F4xx_HAL_Driver/Src/stm32f4xx_ll_usb.o
LOAD src/lib/cube_f429/Middlewares/ST/STM32_USB_Device_Library/Class/CDC/Src/usbd_cdc.o
LOAD src/lib/cube_f429/Middlewares/ST/STM32_USB_Device_Library/Core/Src/usbd_core.o
LOAD src/lib/cube_f429/Middlewares/ST/STM32_USB_Device_Library/Core/Src/usbd_ctlreq.o
LOAD src/lib/cube_f429/Middlewares/ST/STM32_USB_Device_Library/Core/Src/usbd_ioreq.o
LOAD src/lib/cube_f429/USB_DEVICE/App/usb_device.o
LOAD src/lib/cube_f429/USB_DEVICE/App/usbd_cdc_if.o
LOAD src/lib/cube_f429/USB_DEVICE/App/usbd_desc.o
LOAD src/lib/cube_f429/USB_DEVICE/Target/usbd_conf.o
LOAD src/main.o
START GROUP
LOAD c:/st/stm32cubeide_1.6.1/stm32cubeide/plugins/com.st.stm32cube.ide.mcu.externaltools.gnu-tools-for-stm32.9-2020-q2-update.win32_1.5.0.202011040924/tools/bin/../lib/gcc/arm-none-eabi/9.3.1/../../../../arm-none-eabi/lib/thumb/v7e-m+fp/hard\libc_nano.a
LOAD c:/st/stm32cubeide_1.6.1/stm32cubeide/plugins/com.st.stm32cube.ide.mcu.externaltools.gnu-tools-for-stm32.9-2020-q2-update.win32_1.5.0.202011040924/tools/bin/../lib/gcc/arm-none-eabi/9.3.1/../../../../arm-none-eabi/lib/thumb/v7e-m+fp/hard\libm.a
END GROUP
START GROUP
LOAD c:/st/stm32cubeide_1.6.1/stm32cubeide/plugins/com.st.stm32cube.ide.mcu.externaltools.gnu-tools-for-stm32.9-2020-q2-update.win32_1.5.0.202011040924/tools/bin/../lib/gcc/arm-none-eabi/9.3.1/thumb/v7e-m+fp/hard\libgcc.a
LOAD c:/st/stm32cubeide_1.6.1/stm32cubeide/plugins/com.st.stm32cube.ide.mcu.externaltools.gnu-tools-for-stm32.9-2020-q2-update.win32_1.5.0.202011040924/tools/bin/../lib/gcc/arm-none-eabi/9.3.1/../../../../arm-none-eabi/lib/thumb/v7e-m+fp/hard\libc_nano.a
END GROUP
START GROUP
LOAD c:/st/stm32cubeide_1.6.1/stm32cubeide/plugins/com.st.stm32cube.ide.mcu.externaltools.gnu-tools-for-stm32.9-2020-q2-update.win32_1.5.0.202011040924/tools/bin/../lib/gcc/arm-none-eabi/9.3.1/thumb/v7e-m+fp/hard\libgcc.a
LOAD c:/st/stm32cubeide_1.6.1/stm32cubeide/plugins/com.st.stm32cube.ide.mcu.externaltools.gnu-tools-for-stm32.9-2020-q2-update.win32_1.5.0.202011040924/tools/bin/../lib/gcc/arm-none-eabi/9.3.1/../../../../arm-none-eabi/lib/thumb/v7e-m+fp/hard\libc_nano.a
LOAD c:/st/stm32cubeide_1.6.1/stm32cubeide/plugins/com.st.stm32cube.ide.mcu.externaltools.gnu-tools-for-stm32.9-2020-q2-update.win32_1.5.0.202011040924/tools/bin/../lib/gcc/arm-none-eabi/9.3.1/../../../../arm-none-eabi/lib/thumb/v7e-m+fp/hard\libnosys.a
END GROUP
START GROUP
LOAD c:/st/stm32cubeide_1.6.1/stm32cubeide/plugins/com.st.stm32cube.ide.mcu.externaltools.gnu-tools-for-stm32.9-2020-q2-update.win32_1.5.0.202011040924/tools/bin/../lib/gcc/arm-none-eabi/9.3.1/thumb/v7e-m+fp/hard\libgcc.a
LOAD c:/st/stm32cubeide_1.6.1/stm32cubeide/plugins/com.st.stm32cube.ide.mcu.externaltools.gnu-tools-for-stm32.9-2020-q2-update.win32_1.5.0.202011040924/tools/bin/../lib/gcc/arm-none-eabi/9.3.1/../../../../arm-none-eabi/lib/thumb/v7e-m+fp/hard\libc_nano.a
LOAD c:/st/stm32cubeide_1.6.1/stm32cubeide/plugins/com.st.stm32cube.ide.mcu.externaltools.gnu-tools-for-stm32.9-2020-q2-update.win32_1.5.0.202011040924/tools/bin/../lib/gcc/arm-none-eabi/9.3.1/../../../../arm-none-eabi/lib/thumb/v7e-m+fp/hard\libnosys.a
END GROUP
LOAD c:/st/stm32cubeide_1.6.1/stm32cubeide/plugins/com.st.stm32cube.ide.mcu.externaltools.gnu-tools-for-stm32.9-2020-q2-update.win32_1.5.0.202011040924/tools/bin/../lib/gcc/arm-none-eabi/9.3.1/thumb/v7e-m+fp/hard/crtend.o
LOAD c:/st/stm32cubeide_1.6.1/stm32cubeide/plugins/com.st.stm32cube.ide.mcu.externaltools.gnu-tools-for-stm32.9-2020-q2-update.win32_1.5.0.202011040924/tools/bin/../lib/gcc/arm-none-eabi/9.3.1/thumb/v7e-m+fp/hard/crtn.o
                0x0000000020030000                _estack = (ORIGIN (RAM) + LENGTH (RAM))
                0x0000000000000200                _Min_Heap_Size = 0x200
                0x0000000000000400                _Min_Stack_Size = 0x400

.isr_vector     0x0000000008000000      0x1ac
                0x0000000008000000                . = ALIGN (0x4)
 *(.isr_vector)
 .isr_vector    0x0000000008000000      0x1ac src/bsp/startup/startup_stm32f429zitx.o
                0x0000000008000000                g_pfnVectors
                0x00000000080001ac                . = ALIGN (0x4)

.text           0x00000000080001ac     0x63bc
                0x00000000080001ac                . = ALIGN (0x4)
 *(.text)
 .text          0x00000000080001ac       0x40 c:/st/stm32cubeide_1.6.1/stm32cubeide/plugins/com.st.stm32cube.ide.mcu.externaltools.gnu-tools-for-stm32.9-2020-q2-update.win32_1.5.0.202011040924/tools/bin/../lib/gcc/arm-none-eabi/9.3.1/thumb/v7e-m+fp/hard/crtbegin.o
 .text          0x00000000080001ec       0x30 c:/st/stm32cubeide_1.6.1/stm32cubeide/plugins/com.st.stm32cube.ide.mcu.externaltools.gnu-tools-for-stm32.9-2020-q2-update.win32_1.5.0.202011040924/tools/bin/../lib/gcc/arm-none-eabi/9.3.1/thumb/v7e-m+fp/hard\libgcc.a(_aeabi_uldivmod.o)
                0x00000000080001ec                __aeabi_uldivmod
 .text          0x000000000800021c      0x2c4 c:/st/stm32cubeide_1.6.1/stm32cubeide/plugins/com.st.stm32cube.ide.mcu.externaltools.gnu-tools-for-stm32.9-2020-q2-update.win32_1.5.0.202011040924/tools/bin/../lib/gcc/arm-none-eabi/9.3.1/thumb/v7e-m+fp/hard\libgcc.a(_udivmoddi4.o)
                0x000000000800021c                __udivmoddi4
 .text          0x00000000080004e0        0x4 c:/st/stm32cubeide_1.6.1/stm32cubeide/plugins/com.st.stm32cube.ide.mcu.externaltools.gnu-tools-for-stm32.9-2020-q2-update.win32_1.5.0.202011040924/tools/bin/../lib/gcc/arm-none-eabi/9.3.1/thumb/v7e-m+fp/hard\libgcc.a(_dvmd_tls.o)
                0x00000000080004e0                __aeabi_idiv0
                0x00000000080004e0                __aeabi_ldiv0
 *(.text*)
 .text.bspInit  0x00000000080004e4       0x74 src/bsp/bsp.o
                0x00000000080004e4                bspInit
 .text.delay    0x0000000008000558       0x2a src/bsp/bsp.o
                0x0000000008000558                delay
 *fill*         0x0000000008000582        0x2 
 .text.SystemClock_Config
                0x0000000008000584       0xd4 src/bsp/bsp.o
                0x0000000008000584                SystemClock_Config
 .text.Error_Handler
                0x0000000008000658        0xa src/bsp/bsp.o
                0x0000000008000658                Error_Handler
 *fill*         0x0000000008000662        0x2 
 .text.HAL_MspInit
                0x0000000008000664       0x50 src/bsp/stm32f4xx_hal_msp.o
                0x0000000008000664                HAL_MspInit
 .text.NMI_Handler
                0x00000000080006b4        0x6 src/bsp/stm32f4xx_it.o
                0x00000000080006b4                NMI_Handler
 .text.HardFault_Handler
                0x00000000080006ba        0x6 src/bsp/stm32f4xx_it.o
                0x00000000080006ba                HardFault_Handler
 .text.MemManage_Handler
                0x00000000080006c0        0x6 src/bsp/stm32f4xx_it.o
                0x00000000080006c0                MemManage_Handler
 .text.BusFault_Handler
                0x00000000080006c6        0x6 src/bsp/stm32f4xx_it.o
                0x00000000080006c6                BusFault_Handler
 .text.UsageFault_Handler
                0x00000000080006cc        0x6 src/bsp/stm32f4xx_it.o
                0x00000000080006cc                UsageFault_Handler
 .text.SVC_Handler
                0x00000000080006d2        0xe src/bsp/stm32f4xx_it.o
                0x00000000080006d2                SVC_Handler
 .text.DebugMon_Handler
                0x00000000080006e0        0xe src/bsp/stm32f4xx_it.o
                0x00000000080006e0                DebugMon_Handler
 .text.PendSV_Handler
                0x00000000080006ee        0xe src/bsp/stm32f4xx_it.o
                0x00000000080006ee                PendSV_Handler
 .text.SysTick_Handler
                0x00000000080006fc        0xc src/bsp/stm32f4xx_it.o
                0x00000000080006fc                SysTick_Handler
 .text.OTG_HS_IRQHandler
                0x0000000008000708       0x14 src/bsp/stm32f4xx_it.o
                0x0000000008000708                OTG_HS_IRQHandler
 .text.SystemInit
                0x000000000800071c       0x24 src/bsp/system_stm32f4xx.o
                0x000000000800071c                SystemInit
 .text.Reset_Handler
                0x0000000008000740       0x50 src/bsp/startup/startup_stm32f429zitx.o
                0x0000000008000740                Reset_Handler
 .text.Default_Handler
                0x0000000008000790        0x2 src/bsp/startup/startup_stm32f429zitx.o
                0x0000000008000790                RTC_Alarm_IRQHandler
                0x0000000008000790                HASH_RNG_IRQHandler
                0x0000000008000790                EXTI2_IRQHandler
                0x0000000008000790                TIM8_CC_IRQHandler
                0x0000000008000790                UART8_IRQHandler
                0x0000000008000790                SPI4_IRQHandler
                0x0000000008000790                TIM1_CC_IRQHandler
                0x0000000008000790                DMA2_Stream5_IRQHandler
                0x0000000008000790                DMA1_Stream5_IRQHandler
                0x0000000008000790                PVD_IRQHandler
                0x0000000008000790                SDIO_IRQHandler
                0x0000000008000790                TAMP_STAMP_IRQHandler
                0x0000000008000790                CAN2_RX1_IRQHandler
                0x0000000008000790                EXTI3_IRQHandler
                0x0000000008000790                TIM8_TRG_COM_TIM14_IRQHandler
                0x0000000008000790                TIM1_UP_TIM10_IRQHandler
                0x0000000008000790                TIM8_UP_TIM13_IRQHandler
                0x0000000008000790                I2C3_ER_IRQHandler
                0x0000000008000790                EXTI0_IRQHandler
                0x0000000008000790                I2C2_EV_IRQHandler
                0x0000000008000790                DMA1_Stream2_IRQHandler
                0x0000000008000790                CAN1_RX0_IRQHandler
                0x0000000008000790                FPU_IRQHandler
                0x0000000008000790                OTG_HS_WKUP_IRQHandler
                0x0000000008000790                LTDC_ER_IRQHandler
                0x0000000008000790                CAN2_SCE_IRQHandler
                0x0000000008000790                DMA2_Stream2_IRQHandler
                0x0000000008000790                SPI1_IRQHandler
                0x0000000008000790                TIM6_DAC_IRQHandler
                0x0000000008000790                TIM1_BRK_TIM9_IRQHandler
                0x0000000008000790                DCMI_IRQHandler
                0x0000000008000790                CAN2_RX0_IRQHandler
                0x0000000008000790                DMA2_Stream3_IRQHandler
                0x0000000008000790                USART6_IRQHandler
                0x0000000008000790                USART3_IRQHandler
                0x0000000008000790                CAN1_RX1_IRQHandler
                0x0000000008000790                UART5_IRQHandler
                0x0000000008000790                DMA2_Stream0_IRQHandler
                0x0000000008000790                TIM4_IRQHandler
                0x0000000008000790                I2C1_EV_IRQHandler
                0x0000000008000790                DMA1_Stream6_IRQHandler
                0x0000000008000790                DMA1_Stream1_IRQHandler
                0x0000000008000790                UART4_IRQHandler
                0x0000000008000790                TIM3_IRQHandler
                0x0000000008000790                RCC_IRQHandler
                0x0000000008000790                TIM8_BRK_TIM12_IRQHandler
                0x0000000008000790                Default_Handler
                0x0000000008000790                EXTI15_10_IRQHandler
                0x0000000008000790                ADC_IRQHandler
                0x0000000008000790                DMA1_Stream7_IRQHandler
                0x0000000008000790                SPI5_IRQHandler
                0x0000000008000790                TIM7_IRQHandler
                0x0000000008000790                CAN2_TX_IRQHandler
                0x0000000008000790                TIM5_IRQHandler
                0x0000000008000790                DMA2_Stream7_IRQHandler
                0x0000000008000790                I2C3_EV_IRQHandler
                0x0000000008000790                EXTI9_5_IRQHandler
                0x0000000008000790                RTC_WKUP_IRQHandler
                0x0000000008000790                LTDC_IRQHandler
                0x0000000008000790                ETH_WKUP_IRQHandler
                0x0000000008000790                SPI2_IRQHandler
                0x0000000008000790                OTG_HS_EP1_IN_IRQHandler
                0x0000000008000790                DMA1_Stream0_IRQHandler
                0x0000000008000790                CAN1_TX_IRQHandler
                0x0000000008000790                EXTI4_IRQHandler
                0x0000000008000790                ETH_IRQHandler
                0x0000000008000790                OTG_HS_EP1_OUT_IRQHandler
                0x0000000008000790                WWDG_IRQHandler
                0x0000000008000790                SPI6_IRQHandler
                0x0000000008000790                TIM2_IRQHandler
                0x0000000008000790                OTG_FS_WKUP_IRQHandler
                0x0000000008000790                TIM1_TRG_COM_TIM11_IRQHandler
                0x0000000008000790                DMA2D_IRQHandler
                0x0000000008000790                EXTI1_IRQHandler
                0x0000000008000790                UART7_IRQHandler
                0x0000000008000790                USART2_IRQHandler
                0x0000000008000790                I2C2_ER_IRQHandler
                0x0000000008000790                DMA2_Stream1_IRQHandler
                0x0000000008000790                CAN1_SCE_IRQHandler
                0x0000000008000790                FLASH_IRQHandler
                0x0000000008000790                DMA2_Stream4_IRQHandler
                0x0000000008000790                USART1_IRQHandler
                0x0000000008000790                OTG_FS_IRQHandler
                0x0000000008000790                SPI3_IRQHandler
                0x0000000008000790                DMA1_Stream4_IRQHandler
                0x0000000008000790                I2C1_ER_IRQHandler
                0x0000000008000790                FMC_IRQHandler
                0x0000000008000790                DMA2_Stream6_IRQHandler
                0x0000000008000790                SAI1_IRQHandler
                0x0000000008000790                DMA1_Stream3_IRQHandler
 *fill*         0x0000000008000792        0x2 
 .text.ledInit  0x0000000008000794       0x8c src/hw/led.o
                0x0000000008000794                ledInit
 .text.ledOff   0x0000000008000820       0x40 src/hw/led.o
                0x0000000008000820                ledOff
 .text.ledToggle
                0x0000000008000860       0x30 src/hw/led.o
                0x0000000008000860                ledToggle
 .text.HAL_Init
                0x0000000008000890       0x44 src/lib/cube_f429/Drivers/STM32F4xx_HAL_Driver/Src/stm32f4xx_hal.o
                0x0000000008000890                HAL_Init
 .text.HAL_InitTick
                0x00000000080008d4       0x60 src/lib/cube_f429/Drivers/STM32F4xx_HAL_Driver/Src/stm32f4xx_hal.o
                0x00000000080008d4                HAL_InitTick
 .text.HAL_IncTick
                0x0000000008000934       0x28 src/lib/cube_f429/Drivers/STM32F4xx_HAL_Driver/Src/stm32f4xx_hal.o
                0x0000000008000934                HAL_IncTick
 .text.HAL_GetTick
                0x000000000800095c       0x18 src/lib/cube_f429/Drivers/STM32F4xx_HAL_Driver/Src/stm32f4xx_hal.o
                0x000000000800095c                HAL_GetTick
 .text.HAL_Delay
                0x0000000008000974       0x48 src/lib/cube_f429/Drivers/STM32F4xx_HAL_Driver/Src/stm32f4xx_hal.o
                0x0000000008000974                HAL_Delay
 .text.__NVIC_SetPriorityGrouping
                0x00000000080009bc       0x48 src/lib/cube_f429/Drivers/STM32F4xx_HAL_Driver/Src/stm32f4xx_hal_cortex.o
 .text.__NVIC_GetPriorityGrouping
                0x0000000008000a04       0x1c src/lib/cube_f429/Drivers/STM32F4xx_HAL_Driver/Src/stm32f4xx_hal_cortex.o
 .text.__NVIC_EnableIRQ
                0x0000000008000a20       0x3c src/lib/cube_f429/Drivers/STM32F4xx_HAL_Driver/Src/stm32f4xx_hal_cortex.o
 .text.__NVIC_SetPriority
                0x0000000008000a5c       0x54 src/lib/cube_f429/Drivers/STM32F4xx_HAL_Driver/Src/stm32f4xx_hal_cortex.o
 .text.NVIC_EncodePriority
                0x0000000008000ab0       0x66 src/lib/cube_f429/Drivers/STM32F4xx_HAL_Driver/Src/stm32f4xx_hal_cortex.o
 *fill*         0x0000000008000b16        0x2 
 .text.SysTick_Config
                0x0000000008000b18       0x44 src/lib/cube_f429/Drivers/STM32F4xx_HAL_Driver/Src/stm32f4xx_hal_cortex.o
 .text.HAL_NVIC_SetPriorityGrouping
                0x0000000008000b5c       0x16 src/lib/cube_f429/Drivers/STM32F4xx_HAL_Driver/Src/stm32f4xx_hal_cortex.o
                0x0000000008000b5c                HAL_NVIC_SetPriorityGrouping
 .text.HAL_NVIC_SetPriority
                0x0000000008000b72       0x38 src/lib/cube_f429/Drivers/STM32F4xx_HAL_Driver/Src/stm32f4xx_hal_cortex.o
                0x0000000008000b72                HAL_NVIC_SetPriority
 .text.HAL_NVIC_EnableIRQ
                0x0000000008000baa       0x1c src/lib/cube_f429/Drivers/STM32F4xx_HAL_Driver/Src/stm32f4xx_hal_cortex.o
                0x0000000008000baa                HAL_NVIC_EnableIRQ
 .text.HAL_SYSTICK_Config
                0x0000000008000bc6       0x18 src/lib/cube_f429/Drivers/STM32F4xx_HAL_Driver/Src/stm32f4xx_hal_cortex.o
                0x0000000008000bc6                HAL_SYSTICK_Config
 *fill*         0x0000000008000bde        0x2 
 .text.HAL_GPIO_Init
                0x0000000008000be0      0x358 src/lib/cube_f429/Drivers/STM32F4xx_HAL_Driver/Src/stm32f4xx_hal_gpio.o
                0x0000000008000be0                HAL_GPIO_Init
 .text.HAL_GPIO_WritePin
                0x0000000008000f38       0x32 src/lib/cube_f429/Drivers/STM32F4xx_HAL_Driver/Src/stm32f4xx_hal_gpio.o
                0x0000000008000f38                HAL_GPIO_WritePin
 .text.HAL_GPIO_TogglePin
                0x0000000008000f6a       0x34 src/lib/cube_f429/Drivers/STM32F4xx_HAL_Driver/Src/stm32f4xx_hal_gpio.o
                0x0000000008000f6a                HAL_GPIO_TogglePin
 .text.HAL_PCD_Init
                0x0000000008000f9e      0x23a src/lib/cube_f429/Drivers/STM32F4xx_HAL_Driver/Src/stm32f4xx_hal_pcd.o
                0x0000000008000f9e                HAL_PCD_Init
 .text.HAL_PCD_Start
                0x00000000080011d8       0x66 src/lib/cube_f429/Drivers/STM32F4xx_HAL_Driver/Src/stm32f4xx_hal_pcd.o
                0x00000000080011d8                HAL_PCD_Start
 .text.HAL_PCD_IRQHandler
                0x000000000800123e      0x764 src/lib/cube_f429/Drivers/STM32F4xx_HAL_Driver/Src/stm32f4xx_hal_pcd.o
                0x000000000800123e                HAL_PCD_IRQHandler
 .text.HAL_PCD_SetAddress
                0x00000000080019a2       0x4a src/lib/cube_f429/Drivers/STM32F4xx_HAL_Driver/Src/stm32f4xx_hal_pcd.o
                0x00000000080019a2                HAL_PCD_SetAddress
 .text.HAL_PCD_EP_Open
                0x00000000080019ec       0xd0 src/lib/cube_f429/Drivers/STM32F4xx_HAL_Driver/Src/stm32f4xx_hal_pcd.o
                0x00000000080019ec                HAL_PCD_EP_Open
 .text.HAL_PCD_EP_Close
                0x0000000008001abc       0x94 src/lib/cube_f429/Drivers/STM32F4xx_HAL_Driver/Src/stm32f4xx_hal_pcd.o
                0x0000000008001abc                HAL_PCD_EP_Close
 .text.HAL_PCD_EP_Receive
                0x0000000008001b50       0x96 src/lib/cube_f429/Drivers/STM32F4xx_HAL_Driver/Src/stm32f4xx_hal_pcd.o
                0x0000000008001b50                HAL_PCD_EP_Receive
 .text.HAL_PCD_EP_GetRxCount
                0x0000000008001be6       0x30 src/lib/cube_f429/Drivers/STM32F4xx_HAL_Driver/Src/stm32f4xx_hal_pcd.o
                0x0000000008001be6                HAL_PCD_EP_GetRxCount
 .text.HAL_PCD_EP_Transmit
                0x0000000008001c16       0x94 src/lib/cube_f429/Drivers/STM32F4xx_HAL_Driver/Src/stm32f4xx_hal_pcd.o
                0x0000000008001c16                HAL_PCD_EP_Transmit
 .text.HAL_PCD_EP_SetStall
                0x0000000008001caa       0xc8 src/lib/cube_f429/Drivers/STM32F4xx_HAL_Driver/Src/stm32f4xx_hal_pcd.o
                0x0000000008001caa                HAL_PCD_EP_SetStall
 .text.HAL_PCD_EP_ClrStall
                0x0000000008001d72       0xac src/lib/cube_f429/Drivers/STM32F4xx_HAL_Driver/Src/stm32f4xx_hal_pcd.o
                0x0000000008001d72                HAL_PCD_EP_ClrStall
 .text.PCD_WriteEmptyTxFifo
                0x0000000008001e1e      0x11a src/lib/cube_f429/Drivers/STM32F4xx_HAL_Driver/Src/stm32f4xx_hal_pcd.o
 .text.PCD_EP_OutXfrComplete_int
                0x0000000008001f38      0x218 src/lib/cube_f429/Drivers/STM32F4xx_HAL_Driver/Src/stm32f4xx_hal_pcd.o
 .text.PCD_EP_OutSetupPacket_int
                0x0000000008002150       0x8c src/lib/cube_f429/Drivers/STM32F4xx_HAL_Driver/Src/stm32f4xx_hal_pcd.o
 .text.HAL_PCDEx_SetTxFiFo
                0x00000000080021dc       0x8e src/lib/cube_f429/Drivers/STM32F4xx_HAL_Driver/Src/stm32f4xx_hal_pcd_ex.o
                0x00000000080021dc                HAL_PCDEx_SetTxFiFo
 .text.HAL_PCDEx_SetRxFiFo
                0x000000000800226a       0x22 src/lib/cube_f429/Drivers/STM32F4xx_HAL_Driver/Src/stm32f4xx_hal_pcd_ex.o
                0x000000000800226a                HAL_PCDEx_SetRxFiFo
 .text.HAL_PCDEx_LPM_Callback
                0x000000000800228c       0x18 src/lib/cube_f429/Drivers/STM32F4xx_HAL_Driver/Src/stm32f4xx_hal_pcd_ex.o
                0x000000000800228c                HAL_PCDEx_LPM_Callback
 .text.HAL_RCC_OscConfig
                0x00000000080022a4      0x4f0 src/lib/cube_f429/Drivers/STM32F4xx_HAL_Driver/Src/stm32f4xx_hal_rcc.o
                0x00000000080022a4                HAL_RCC_OscConfig
 .text.HAL_RCC_ClockConfig
                0x0000000008002794      0x1cc src/lib/cube_f429/Drivers/STM32F4xx_HAL_Driver/Src/stm32f4xx_hal_rcc.o
                0x0000000008002794                HAL_RCC_ClockConfig
 .text.HAL_RCC_GetSysClockFreq
                0x0000000008002960      0x1c4 src/lib/cube_f429/Drivers/STM32F4xx_HAL_Driver/Src/stm32f4xx_hal_rcc.o
                0x0000000008002960                HAL_RCC_GetSysClockFreq
 .text.HAL_RCC_GetHCLKFreq
                0x0000000008002b24       0x18 src/lib/cube_f429/Drivers/STM32F4xx_HAL_Driver/Src/stm32f4xx_hal_rcc.o
                0x0000000008002b24                HAL_RCC_GetHCLKFreq
 .text.USB_CoreInit
                0x0000000008002b3c       0xc2 src/lib/cube_f429/Drivers/STM32F4xx_HAL_Driver/Src/stm32f4xx_ll_usb.o
                0x0000000008002b3c                USB_CoreInit
 *fill*         0x0000000008002bfe        0x2 
 .text.USB_SetTurnaroundTime
                0x0000000008002c00      0x144 src/lib/cube_f429/Drivers/STM32F4xx_HAL_Driver/Src/stm32f4xx_ll_usb.o
                0x0000000008002c00                USB_SetTurnaroundTime
 .text.USB_EnableGlobalInt
                0x0000000008002d44       0x22 src/lib/cube_f429/Drivers/STM32F4xx_HAL_Driver/Src/stm32f4xx_ll_usb.o
                0x0000000008002d44                USB_EnableGlobalInt
 .text.USB_DisableGlobalInt
                0x0000000008002d66       0x22 src/lib/cube_f429/Drivers/STM32F4xx_HAL_Driver/Src/stm32f4xx_ll_usb.o
                0x0000000008002d66                USB_DisableGlobalInt
 .text.USB_SetCurrentMode
                0x0000000008002d88       0x98 src/lib/cube_f429/Drivers/STM32F4xx_HAL_Driver/Src/stm32f4xx_ll_usb.o
                0x0000000008002d88                USB_SetCurrentMode
 .text.USB_DevInit
                0x0000000008002e20      0x2c8 src/lib/cube_f429/Drivers/STM32F4xx_HAL_Driver/Src/stm32f4xx_ll_usb.o
                0x0000000008002e20                USB_DevInit
 .text.USB_FlushTxFifo
                0x00000000080030e8       0x48 src/lib/cube_f429/Drivers/STM32F4xx_HAL_Driver/Src/stm32f4xx_ll_usb.o
                0x00000000080030e8                USB_FlushTxFifo
 .text.USB_FlushRxFifo
                0x0000000008003130       0x40 src/lib/cube_f429/Drivers/STM32F4xx_HAL_Driver/Src/stm32f4xx_ll_usb.o
                0x0000000008003130                USB_FlushRxFifo
 .text.USB_SetDevSpeed
                0x0000000008003170       0x32 src/lib/cube_f429/Drivers/STM32F4xx_HAL_Driver/Src/stm32f4xx_ll_usb.o
                0x0000000008003170                USB_SetDevSpeed
 .text.USB_GetDevSpeed
                0x00000000080031a2       0x4a src/lib/cube_f429/Drivers/STM32F4xx_HAL_Driver/Src/stm32f4xx_ll_usb.o
                0x00000000080031a2                USB_GetDevSpeed
 .text.USB_ActivateEndpoint
                0x00000000080031ec      0x10e src/lib/cube_f429/Drivers/STM32F4xx_HAL_Driver/Src/stm32f4xx_ll_usb.o
                0x00000000080031ec                USB_ActivateEndpoint
 *fill*         0x00000000080032fa        0x2 
 .text.USB_DeactivateEndpoint
                0x00000000080032fc      0x1b8 src/lib/cube_f429/Drivers/STM32F4xx_HAL_Driver/Src/stm32f4xx_ll_usb.o
                0x00000000080032fc                USB_DeactivateEndpoint
 .text.USB_EPStartXfer
                0x00000000080034b4      0x488 src/lib/cube_f429/Drivers/STM32F4xx_HAL_Driver/Src/stm32f4xx_ll_usb.o
                0x00000000080034b4                USB_EPStartXfer
 .text.USB_EP0StartXfer
                0x000000000800393c      0x2a6 src/lib/cube_f429/Drivers/STM32F4xx_HAL_Driver/Src/stm32f4xx_ll_usb.o
                0x000000000800393c                USB_EP0StartXfer
 .text.USB_WritePacket
                0x0000000008003be2       0x7c src/lib/cube_f429/Drivers/STM32F4xx_HAL_Driver/Src/stm32f4xx_ll_usb.o
                0x0000000008003be2                USB_WritePacket
 .text.USB_ReadPacket
                0x0000000008003c5e       0xb0 src/lib/cube_f429/Drivers/STM32F4xx_HAL_Driver/Src/stm32f4xx_ll_usb.o
                0x0000000008003c5e                USB_ReadPacket
 .text.USB_EPSetStall
                0x0000000008003d0e       0xdc src/lib/cube_f429/Drivers/STM32F4xx_HAL_Driver/Src/stm32f4xx_ll_usb.o
                0x0000000008003d0e                USB_EPSetStall
 .text.USB_EPClearStall
                0x0000000008003dea       0xcc src/lib/cube_f429/Drivers/STM32F4xx_HAL_Driver/Src/stm32f4xx_ll_usb.o
                0x0000000008003dea                USB_EPClearStall
 .text.USB_SetDevAddress
                0x0000000008003eb6       0x4c src/lib/cube_f429/Drivers/STM32F4xx_HAL_Driver/Src/stm32f4xx_ll_usb.o
                0x0000000008003eb6                USB_SetDevAddress
 .text.USB_DevConnect
                0x0000000008003f02       0x42 src/lib/cube_f429/Drivers/STM32F4xx_HAL_Driver/Src/stm32f4xx_ll_usb.o
                0x0000000008003f02                USB_DevConnect
 .text.USB_DevDisconnect
                0x0000000008003f44       0x42 src/lib/cube_f429/Drivers/STM32F4xx_HAL_Driver/Src/stm32f4xx_ll_usb.o
                0x0000000008003f44                USB_DevDisconnect
 .text.USB_ReadInterrupts
                0x0000000008003f86       0x26 src/lib/cube_f429/Drivers/STM32F4xx_HAL_Driver/Src/stm32f4xx_ll_usb.o
                0x0000000008003f86                USB_ReadInterrupts
 .text.USB_ReadDevAllOutEpInterrupt
                0x0000000008003fac       0x34 src/lib/cube_f429/Drivers/STM32F4xx_HAL_Driver/Src/stm32f4xx_ll_usb.o
                0x0000000008003fac                USB_ReadDevAllOutEpInterrupt
 .text.USB_ReadDevAllInEpInterrupt
                0x0000000008003fe0       0x34 src/lib/cube_f429/Drivers/STM32F4xx_HAL_Driver/Src/stm32f4xx_ll_usb.o
                0x0000000008003fe0                USB_ReadDevAllInEpInterrupt
 .text.USB_ReadDevOutEPInterrupt
                0x0000000008004014       0x3c src/lib/cube_f429/Drivers/STM32F4xx_HAL_Driver/Src/stm32f4xx_ll_usb.o
                0x0000000008004014                USB_ReadDevOutEPInterrupt
 .text.USB_ReadDevInEPInterrupt
                0x0000000008004050       0x5c src/lib/cube_f429/Drivers/STM32F4xx_HAL_Driver/Src/stm32f4xx_ll_usb.o
                0x0000000008004050                USB_ReadDevInEPInterrupt
 .text.USB_GetMode
                0x00000000080040ac       0x1c src/lib/cube_f429/Drivers/STM32F4xx_HAL_Driver/Src/stm32f4xx_ll_usb.o
                0x00000000080040ac                USB_GetMode
 .text.USB_ActivateSetup
                0x00000000080040c8       0x46 src/lib/cube_f429/Drivers/STM32F4xx_HAL_Driver/Src/stm32f4xx_ll_usb.o
                0x00000000080040c8                USB_ActivateSetup
 *fill*         0x000000000800410e        0x2 
 .text.USB_EP0_OutStart
                0x0000000008004110       0xbc src/lib/cube_f429/Drivers/STM32F4xx_HAL_Driver/Src/stm32f4xx_ll_usb.o
                0x0000000008004110                USB_EP0_OutStart
 .text.USB_CoreReset
                0x00000000080041cc       0x64 src/lib/cube_f429/Drivers/STM32F4xx_HAL_Driver/Src/stm32f4xx_ll_usb.o
 .text.USBD_CDC_Init
                0x0000000008004230       0xfe src/lib/cube_f429/Middlewares/ST/STM32_USB_Device_Library/Class/CDC/Src/usbd_cdc.o
 .text.USBD_CDC_DeInit
                0x000000000800432e       0x74 src/lib/cube_f429/Middlewares/ST/STM32_USB_Device_Library/Class/CDC/Src/usbd_cdc.o
 *fill*         0x00000000080043a2        0x2 
 .text.USBD_CDC_Setup
                0x00000000080043a4      0x190 src/lib/cube_f429/Middlewares/ST/STM32_USB_Device_Library/Class/CDC/Src/usbd_cdc.o
 .text.USBD_CDC_DataIn
                0x0000000008004534       0xca src/lib/cube_f429/Middlewares/ST/STM32_USB_Device_Library/Class/CDC/Src/usbd_cdc.o
 .text.USBD_CDC_DataOut
                0x00000000080045fe       0x56 src/lib/cube_f429/Middlewares/ST/STM32_USB_Device_Library/Class/CDC/Src/usbd_cdc.o
 .text.USBD_CDC_EP0_RxReady
                0x0000000008004654       0x5a src/lib/cube_f429/Middlewares/ST/STM32_USB_Device_Library/Class/CDC/Src/usbd_cdc.o
 *fill*         0x00000000080046ae        0x2 
 .text.USBD_CDC_GetFSCfgDesc
                0x00000000080046b0       0x20 src/lib/cube_f429/Middlewares/ST/STM32_USB_Device_Library/Class/CDC/Src/usbd_cdc.o
 .text.USBD_CDC_GetHSCfgDesc
                0x00000000080046d0       0x20 src/lib/cube_f429/Middlewares/ST/STM32_USB_Device_Library/Class/CDC/Src/usbd_cdc.o
 .text.USBD_CDC_GetOtherSpeedCfgDesc
                0x00000000080046f0       0x20 src/lib/cube_f429/Middlewares/ST/STM32_USB_Device_Library/Class/CDC/Src/usbd_cdc.o
 .text.USBD_CDC_GetDeviceQualifierDescriptor
                0x0000000008004710       0x20 src/lib/cube_f429/Middlewares/ST/STM32_USB_Device_Library/Class/CDC/Src/usbd_cdc.o
                0x0000000008004710                USBD_CDC_GetDeviceQualifierDescriptor
 .text.USBD_CDC_RegisterInterface
                0x0000000008004730       0x2a src/lib/cube_f429/Middlewares/ST/STM32_USB_Device_Library/Class/CDC/Src/usbd_cdc.o
                0x0000000008004730                USBD_CDC_RegisterInterface
 .text.USBD_CDC_SetTxBuffer
                0x000000000800475a       0x3c src/lib/cube_f429/Middlewares/ST/STM32_USB_Device_Library/Class/CDC/Src/usbd_cdc.o
                0x000000000800475a                USBD_CDC_SetTxBuffer
 .text.USBD_CDC_SetRxBuffer
                0x0000000008004796       0x32 src/lib/cube_f429/Middlewares/ST/STM32_USB_Device_Library/Class/CDC/Src/usbd_cdc.o
                0x0000000008004796                USBD_CDC_SetRxBuffer
 .text.USBD_CDC_ReceivePacket
                0x00000000080047c8       0x54 src/lib/cube_f429/Middlewares/ST/STM32_USB_Device_Library/Class/CDC/Src/usbd_cdc.o
                0x00000000080047c8                USBD_CDC_ReceivePacket
 .text.USBD_Init
                0x000000000800481c       0x60 src/lib/cube_f429/Middlewares/ST/STM32_USB_Device_Library/Core/Src/usbd_core.o
                0x000000000800481c                USBD_Init
 .text.USBD_RegisterClass
                0x000000000800487c       0x4e src/lib/cube_f429/Middlewares/ST/STM32_USB_Device_Library/Core/Src/usbd_core.o
                0x000000000800487c                USBD_RegisterClass
 .text.USBD_Start
                0x00000000080048ca       0x18 src/lib/cube_f429/Middlewares/ST/STM32_USB_Device_Library/Core/Src/usbd_core.o
                0x00000000080048ca                USBD_Start
 .text.USBD_RunTestMode
                0x00000000080048e2       0x16 src/lib/cube_f429/Middlewares/ST/STM32_USB_Device_Library/Core/Src/usbd_core.o
                0x00000000080048e2                USBD_RunTestMode
 .text.USBD_SetClassConfig
                0x00000000080048f8       0x38 src/lib/cube_f429/Middlewares/ST/STM32_USB_Device_Library/Core/Src/usbd_core.o
                0x00000000080048f8                USBD_SetClassConfig
 .text.USBD_ClrClassConfig
                0x0000000008004930       0x30 src/lib/cube_f429/Middlewares/ST/STM32_USB_Device_Library/Core/Src/usbd_core.o
                0x0000000008004930                USBD_ClrClassConfig
 .text.USBD_LL_SetupStage
                0x0000000008004960       0xaa src/lib/cube_f429/Middlewares/ST/STM32_USB_Device_Library/Core/Src/usbd_core.o
                0x0000000008004960                USBD_LL_SetupStage
 .text.USBD_LL_DataOutStage
                0x0000000008004a0a       0xc6 src/lib/cube_f429/Middlewares/ST/STM32_USB_Device_Library/Core/Src/usbd_core.o
                0x0000000008004a0a                USBD_LL_DataOutStage
 .text.USBD_LL_DataInStage
                0x0000000008004ad0      0x12c src/lib/cube_f429/Middlewares/ST/STM32_USB_Device_Library/Core/Src/usbd_core.o
                0x0000000008004ad0                USBD_LL_DataInStage
 .text.USBD_LL_Reset
                0x0000000008004bfc       0x9c src/lib/cube_f429/Middlewares/ST/STM32_USB_Device_Library/Core/Src/usbd_core.o
                0x0000000008004bfc                USBD_LL_Reset
 .text.USBD_LL_SetSpeed
                0x0000000008004c98       0x20 src/lib/cube_f429/Middlewares/ST/STM32_USB_Device_Library/Core/Src/usbd_core.o
                0x0000000008004c98                USBD_LL_SetSpeed
 .text.USBD_LL_Suspend
                0x0000000008004cb8       0x2c src/lib/cube_f429/Middlewares/ST/STM32_USB_Device_Library/Core/Src/usbd_core.o
                0x0000000008004cb8                USBD_LL_Suspend
 .text.USBD_LL_Resume
                0x0000000008004ce4       0x30 src/lib/cube_f429/Middlewares/ST/STM32_USB_Device_Library/Core/Src/usbd_core.o
                0x0000000008004ce4                USBD_LL_Resume
 .text.USBD_LL_SOF
                0x0000000008004d14       0x44 src/lib/cube_f429/Middlewares/ST/STM32_USB_Device_Library/Core/Src/usbd_core.o
                0x0000000008004d14                USBD_LL_SOF
 .text.USBD_LL_IsoINIncomplete
                0x0000000008004d58       0x4c src/lib/cube_f429/Middlewares/ST/STM32_USB_Device_Library/Core/Src/usbd_core.o
                0x0000000008004d58                USBD_LL_IsoINIncomplete
 .text.USBD_LL_IsoOUTIncomplete
                0x0000000008004da4       0x4c src/lib/cube_f429/Middlewares/ST/STM32_USB_Device_Library/Core/Src/usbd_core.o
                0x0000000008004da4                USBD_LL_IsoOUTIncomplete
 .text.USBD_LL_DevConnected
                0x0000000008004df0       0x16 src/lib/cube_f429/Middlewares/ST/STM32_USB_Device_Library/Core/Src/usbd_core.o
                0x0000000008004df0                USBD_LL_DevConnected
 .text.USBD_LL_DevDisconnected
                0x0000000008004e06       0x38 src/lib/cube_f429/Middlewares/ST/STM32_USB_Device_Library/Core/Src/usbd_core.o
                0x0000000008004e06                USBD_LL_DevDisconnected
 .text.SWAPBYTE
                0x0000000008004e3e       0x3c src/lib/cube_f429/Middlewares/ST/STM32_USB_Device_Library/Core/Src/usbd_ctlreq.o
 *fill*         0x0000000008004e7a        0x2 
 .text.USBD_StdDevReq
                0x0000000008004e7c       0xdc src/lib/cube_f429/Middlewares/ST/STM32_USB_Device_Library/Core/Src/usbd_ctlreq.o
                0x0000000008004e7c                USBD_StdDevReq
 .text.USBD_StdItfReq
                0x0000000008004f58       0x92 src/lib/cube_f429/Middlewares/ST/STM32_USB_Device_Library/Core/Src/usbd_ctlreq.o
                0x0000000008004f58                USBD_StdItfReq
 .text.USBD_StdEPReq
                0x0000000008004fea      0x2c4 src/lib/cube_f429/Middlewares/ST/STM32_USB_Device_Library/Core/Src/usbd_ctlreq.o
                0x0000000008004fea                USBD_StdEPReq
 *fill*         0x00000000080052ae        0x2 
 .text.USBD_GetDescriptor
                0x00000000080052b0      0x2d4 src/lib/cube_f429/Middlewares/ST/STM32_USB_Device_Library/Core/Src/usbd_ctlreq.o
 .text.USBD_SetAddress
                0x0000000008005584       0x88 src/lib/cube_f429/Middlewares/ST/STM32_USB_Device_Library/Core/Src/usbd_ctlreq.o
 .text.USBD_SetConfig
                0x000000000800560c      0x14c src/lib/cube_f429/Middlewares/ST/STM32_USB_Device_Library/Core/Src/usbd_ctlreq.o
 .text.USBD_GetConfig
                0x0000000008005758       0x6c src/lib/cube_f429/Middlewares/ST/STM32_USB_Device_Library/Core/Src/usbd_ctlreq.o
 .text.USBD_GetStatus
                0x00000000080057c4       0x68 src/lib/cube_f429/Middlewares/ST/STM32_USB_Device_Library/Core/Src/usbd_ctlreq.o
 .text.USBD_SetFeature
                0x000000000800582c       0x28 src/lib/cube_f429/Middlewares/ST/STM32_USB_Device_Library/Core/Src/usbd_ctlreq.o
 .text.USBD_ClrFeature
                0x0000000008005854       0x44 src/lib/cube_f429/Middlewares/ST/STM32_USB_Device_Library/Core/Src/usbd_ctlreq.o
 .text.USBD_ParseSetupRequest
                0x0000000008005898       0x74 src/lib/cube_f429/Middlewares/ST/STM32_USB_Device_Library/Core/Src/usbd_ctlreq.o
                0x0000000008005898                USBD_ParseSetupRequest
 .text.USBD_CtlError
                0x000000000800590c       0x22 src/lib/cube_f429/Middlewares/ST/STM32_USB_Device_Library/Core/Src/usbd_ctlreq.o
                0x000000000800590c                USBD_CtlError
 .text.USBD_GetString
                0x000000000800592e       0x8c src/lib/cube_f429/Middlewares/ST/STM32_USB_Device_Library/Core/Src/usbd_ctlreq.o
                0x000000000800592e                USBD_GetString
 .text.USBD_GetLen
                0x00000000080059ba       0x34 src/lib/cube_f429/Middlewares/ST/STM32_USB_Device_Library/Core/Src/usbd_ctlreq.o
 .text.USBD_CtlSendData
                0x00000000080059ee       0x36 src/lib/cube_f429/Middlewares/ST/STM32_USB_Device_Library/Core/Src/usbd_ioreq.o
                0x00000000080059ee                USBD_CtlSendData
 .text.USBD_CtlContinueSendData
                0x0000000008005a24       0x22 src/lib/cube_f429/Middlewares/ST/STM32_USB_Device_Library/Core/Src/usbd_ioreq.o
                0x0000000008005a24                USBD_CtlContinueSendData
 .text.USBD_CtlPrepareRx
                0x0000000008005a46       0x3a src/lib/cube_f429/Middlewares/ST/STM32_USB_Device_Library/Core/Src/usbd_ioreq.o
                0x0000000008005a46                USBD_CtlPrepareRx
 .text.USBD_CtlContinueRx
                0x0000000008005a80       0x22 src/lib/cube_f429/Middlewares/ST/STM32_USB_Device_Library/Core/Src/usbd_ioreq.o
                0x0000000008005a80                USBD_CtlContinueRx
 .text.USBD_CtlSendStatus
                0x0000000008005aa2       0x26 src/lib/cube_f429/Middlewares/ST/STM32_USB_Device_Library/Core/Src/usbd_ioreq.o
                0x0000000008005aa2                USBD_CtlSendStatus
 .text.USBD_CtlReceiveStatus
                0x0000000008005ac8       0x26 src/lib/cube_f429/Middlewares/ST/STM32_USB_Device_Library/Core/Src/usbd_ioreq.o
                0x0000000008005ac8                USBD_CtlReceiveStatus
 *fill*         0x0000000008005aee        0x2 
 .text.MX_USB_DEVICE_Init
                0x0000000008005af0       0x60 src/lib/cube_f429/USB_DEVICE/App/usb_device.o
                0x0000000008005af0                MX_USB_DEVICE_Init
 .text.CDC_Init_HS
                0x0000000008005b50       0x28 src/lib/cube_f429/USB_DEVICE/App/usbd_cdc_if.o
 .text.CDC_DeInit_HS
                0x0000000008005b78       0x10 src/lib/cube_f429/USB_DEVICE/App/usbd_cdc_if.o
 .text.CDC_Control_HS
                0x0000000008005b88       0xbc src/lib/cube_f429/USB_DEVICE/App/usbd_cdc_if.o
 .text.CDC_Receive_HS
                0x0000000008005c44       0x28 src/lib/cube_f429/USB_DEVICE/App/usbd_cdc_if.o
 .text.CDC_TransmitCplt_HS
                0x0000000008005c6c       0x22 src/lib/cube_f429/USB_DEVICE/App/usbd_cdc_if.o
 *fill*         0x0000000008005c8e        0x2 
 .text.USBD_HS_DeviceDescriptor
                0x0000000008005c90       0x24 src/lib/cube_f429/USB_DEVICE/App/usbd_desc.o
                0x0000000008005c90                USBD_HS_DeviceDescriptor
 .text.USBD_HS_LangIDStrDescriptor
                0x0000000008005cb4       0x24 src/lib/cube_f429/USB_DEVICE/App/usbd_desc.o
                0x0000000008005cb4                USBD_HS_LangIDStrDescriptor
 .text.USBD_HS_ProductStrDescriptor
                0x0000000008005cd8       0x3c src/lib/cube_f429/USB_DEVICE/App/usbd_desc.o
                0x0000000008005cd8                USBD_HS_ProductStrDescriptor
 .text.USBD_HS_ManufacturerStrDescriptor
                0x0000000008005d14       0x28 src/lib/cube_f429/USB_DEVICE/App/usbd_desc.o
                0x0000000008005d14                USBD_HS_ManufacturerStrDescriptor
 .text.USBD_HS_SerialStrDescriptor
                0x0000000008005d3c       0x24 src/lib/cube_f429/USB_DEVICE/App/usbd_desc.o
                0x0000000008005d3c                USBD_HS_SerialStrDescriptor
 .text.USBD_HS_ConfigStrDescriptor
                0x0000000008005d60       0x3c src/lib/cube_f429/USB_DEVICE/App/usbd_desc.o
                0x0000000008005d60                USBD_HS_ConfigStrDescriptor
 .text.USBD_HS_InterfaceStrDescriptor
                0x0000000008005d9c       0x3c src/lib/cube_f429/USB_DEVICE/App/usbd_desc.o
                0x0000000008005d9c                USBD_HS_InterfaceStrDescriptor
 .text.Get_SerialNum
                0x0000000008005dd8       0x58 src/lib/cube_f429/USB_DEVICE/App/usbd_desc.o
 .text.IntToUnicode
                0x0000000008005e30       0x7e src/lib/cube_f429/USB_DEVICE/App/usbd_desc.o
 *fill*         0x0000000008005eae        0x2 
 .text.HAL_PCD_MspInit
                0x0000000008005eb0       0xa0 src/lib/cube_f429/USB_DEVICE/Target/usbd_conf.o
                0x0000000008005eb0                HAL_PCD_MspInit
 .text.HAL_PCD_SetupStageCallback
                0x0000000008005f50       0x24 src/lib/cube_f429/USB_DEVICE/Target/usbd_conf.o
                0x0000000008005f50                HAL_PCD_SetupStageCallback
 .text.HAL_PCD_DataOutStageCallback
                0x0000000008005f74       0x36 src/lib/cube_f429/USB_DEVICE/Target/usbd_conf.o
                0x0000000008005f74                HAL_PCD_DataOutStageCallback
 .text.HAL_PCD_DataInStageCallback
                0x0000000008005faa       0x34 src/lib/cube_f429/USB_DEVICE/Target/usbd_conf.o
                0x0000000008005faa                HAL_PCD_DataInStageCallback
 .text.HAL_PCD_SOFCallback
                0x0000000008005fde       0x1c src/lib/cube_f429/USB_DEVICE/Target/usbd_conf.o
                0x0000000008005fde                HAL_PCD_SOFCallback
 .text.HAL_PCD_ResetCallback
                0x0000000008005ffa       0x50 src/lib/cube_f429/USB_DEVICE/Target/usbd_conf.o
                0x0000000008005ffa                HAL_PCD_ResetCallback
 *fill*         0x000000000800604a        0x2 
 .text.HAL_PCD_SuspendCallback
                0x000000000800604c       0x4c src/lib/cube_f429/USB_DEVICE/Target/usbd_conf.o
                0x000000000800604c                HAL_PCD_SuspendCallback
 .text.HAL_PCD_ResumeCallback
                0x0000000008006098       0x1c src/lib/cube_f429/USB_DEVICE/Target/usbd_conf.o
                0x0000000008006098                HAL_PCD_ResumeCallback
 .text.HAL_PCD_ISOOUTIncompleteCallback
                0x00000000080060b4       0x24 src/lib/cube_f429/USB_DEVICE/Target/usbd_conf.o
                0x00000000080060b4                HAL_PCD_ISOOUTIncompleteCallback
 .text.HAL_PCD_ISOINIncompleteCallback
                0x00000000080060d8       0x24 src/lib/cube_f429/USB_DEVICE/Target/usbd_conf.o
                0x00000000080060d8                HAL_PCD_ISOINIncompleteCallback
 .text.HAL_PCD_ConnectCallback
                0x00000000080060fc       0x1c src/lib/cube_f429/USB_DEVICE/Target/usbd_conf.o
                0x00000000080060fc                HAL_PCD_ConnectCallback
 .text.HAL_PCD_DisconnectCallback
                0x0000000008006118       0x1c src/lib/cube_f429/USB_DEVICE/Target/usbd_conf.o
                0x0000000008006118                HAL_PCD_DisconnectCallback
 .text.USBD_LL_Init
                0x0000000008006134       0xa4 src/lib/cube_f429/USB_DEVICE/Target/usbd_conf.o
                0x0000000008006134                USBD_LL_Init
 .text.USBD_LL_Start
                0x00000000080061d8       0x36 src/lib/cube_f429/USB_DEVICE/Target/usbd_conf.o
                0x00000000080061d8                USBD_LL_Start
 .text.USBD_LL_OpenEP
                0x000000000800620e       0x4c src/lib/cube_f429/USB_DEVICE/Target/usbd_conf.o
                0x000000000800620e                USBD_LL_OpenEP
 .text.USBD_LL_CloseEP
                0x000000000800625a       0x3e src/lib/cube_f429/USB_DEVICE/Target/usbd_conf.o
                0x000000000800625a                USBD_LL_CloseEP
 .text.USBD_LL_StallEP
                0x0000000008006298       0x3e src/lib/cube_f429/USB_DEVICE/Target/usbd_conf.o
                0x0000000008006298                USBD_LL_StallEP
 .text.USBD_LL_ClearStallEP
                0x00000000080062d6       0x3e src/lib/cube_f429/USB_DEVICE/Target/usbd_conf.o
                0x00000000080062d6                USBD_LL_ClearStallEP
 .text.USBD_LL_IsStallEP
                0x0000000008006314       0x58 src/lib/cube_f429/USB_DEVICE/Target/usbd_conf.o
                0x0000000008006314                USBD_LL_IsStallEP
 .text.USBD_LL_SetUSBAddress
                0x000000000800636c       0x3e src/lib/cube_f429/USB_DEVICE/Target/usbd_conf.o
                0x000000000800636c                USBD_LL_SetUSBAddress
 .text.USBD_LL_Transmit
                0x00000000080063aa       0x42 src/lib/cube_f429/USB_DEVICE/Target/usbd_conf.o
                0x00000000080063aa                USBD_LL_Transmit
 .text.USBD_LL_PrepareReceive
                0x00000000080063ec       0x42 src/lib/cube_f429/USB_DEVICE/Target/usbd_conf.o
                0x00000000080063ec                USBD_LL_PrepareReceive
 .text.USBD_LL_GetRxDataSize
                0x000000000800642e       0x26 src/lib/cube_f429/USB_DEVICE/Target/usbd_conf.o
                0x000000000800642e                USBD_LL_GetRxDataSize
 .text.USBD_static_malloc
                0x0000000008006454       0x1c src/lib/cube_f429/USB_DEVICE/Target/usbd_conf.o
                0x0000000008006454                USBD_static_malloc
 .text.USBD_static_free
                0x0000000008006470       0x14 src/lib/cube_f429/USB_DEVICE/Target/usbd_conf.o
                0x0000000008006470                USBD_static_free
 .text.USBD_Get_USB_Status
                0x0000000008006484       0x58 src/lib/cube_f429/USB_DEVICE/Target/usbd_conf.o
                0x0000000008006484                USBD_Get_USB_Status
 .text.main     0x00000000080064dc       0x1c src/main.o
                0x00000000080064dc                main
 .text.__libc_init_array
                0x00000000080064f8       0x48 c:/st/stm32cubeide_1.6.1/stm32cubeide/plugins/com.st.stm32cube.ide.mcu.externaltools.gnu-tools-for-stm32.9-2020-q2-update.win32_1.5.0.202011040924/tools/bin/../lib/gcc/arm-none-eabi/9.3.1/../../../../arm-none-eabi/lib/thumb/v7e-m+fp/hard\libc_nano.a(lib_a-init.o)
                0x00000000080064f8                __libc_init_array
 .text.memset   0x0000000008006540       0x10 c:/st/stm32cubeide_1.6.1/stm32cubeide/plugins/com.st.stm32cube.ide.mcu.externaltools.gnu-tools-for-stm32.9-2020-q2-update.win32_1.5.0.202011040924/tools/bin/../lib/gcc/arm-none-eabi/9.3.1/../../../../arm-none-eabi/lib/thumb/v7e-m+fp/hard\libc_nano.a(lib_a-memset.o)
                0x0000000008006540                memset
 *(.glue_7)
 .glue_7        0x0000000008006550        0x0 linker stubs
 *(.glue_7t)
 .glue_7t       0x0000000008006550        0x0 linker stubs
 *(.eh_frame)
 .eh_frame      0x0000000008006550        0x0 c:/st/stm32cubeide_1.6.1/stm32cubeide/plugins/com.st.stm32cube.ide.mcu.externaltools.gnu-tools-for-stm32.9-2020-q2-update.win32_1.5.0.202011040924/tools/bin/../lib/gcc/arm-none-eabi/9.3.1/thumb/v7e-m+fp/hard/crtbegin.o
 *(.init)
 .init          0x0000000008006550        0x4 c:/st/stm32cubeide_1.6.1/stm32cubeide/plugins/com.st.stm32cube.ide.mcu.externaltools.gnu-tools-for-stm32.9-2020-q2-update.win32_1.5.0.202011040924/tools/bin/../lib/gcc/arm-none-eabi/9.3.1/thumb/v7e-m+fp/hard/crti.o
                0x0000000008006550                _init
 .init          0x0000000008006554        0x8 c:/st/stm32cubeide_1.6.1/stm32cubeide/plugins/com.st.stm32cube.ide.mcu.externaltools.gnu-tools-for-stm32.9-2020-q2-update.win32_1.5.0.202011040924/tools/bin/../lib/gcc/arm-none-eabi/9.3.1/thumb/v7e-m+fp/hard/crtn.o
 *(.fini)
 .fini          0x000000000800655c        0x4 c:/st/stm32cubeide_1.6.1/stm32cubeide/plugins/com.st.stm32cube.ide.mcu.externaltools.gnu-tools-for-stm32.9-2020-q2-update.win32_1.5.0.202011040924/tools/bin/../lib/gcc/arm-none-eabi/9.3.1/thumb/v7e-m+fp/hard/crti.o
                0x000000000800655c                _fini
 .fini          0x0000000008006560        0x8 c:/st/stm32cubeide_1.6.1/stm32cubeide/plugins/com.st.stm32cube.ide.mcu.externaltools.gnu-tools-for-stm32.9-2020-q2-update.win32_1.5.0.202011040924/tools/bin/../lib/gcc/arm-none-eabi/9.3.1/thumb/v7e-m+fp/hard/crtn.o
                0x0000000008006568                . = ALIGN (0x4)
                0x0000000008006568                _etext = .

.vfp11_veneer   0x0000000008006568        0x0
 .vfp11_veneer  0x0000000008006568        0x0 linker stubs

.v4_bx          0x0000000008006568        0x0
 .v4_bx         0x0000000008006568        0x0 linker stubs

.iplt           0x0000000008006568        0x0
 .iplt          0x0000000008006568        0x0 c:/st/stm32cubeide_1.6.1/stm32cubeide/plugins/com.st.stm32cube.ide.mcu.externaltools.gnu-tools-for-stm32.9-2020-q2-update.win32_1.5.0.202011040924/tools/bin/../lib/gcc/arm-none-eabi/9.3.1/thumb/v7e-m+fp/hard/crtbegin.o

.rodata         0x0000000008006568       0x58
                0x0000000008006568                . = ALIGN (0x4)
 *(.rodata)
 .rodata        0x0000000008006568       0x46 src/lib/cube_f429/USB_DEVICE/App/usbd_desc.o
 *(.rodata*)
 *fill*         0x00000000080065ae        0x2 
 .rodata.AHBPrescTable
                0x00000000080065b0       0x10 src/bsp/system_stm32f4xx.o
                0x00000000080065b0                AHBPrescTable
                0x00000000080065c0                . = ALIGN (0x4)

.ARM.extab      0x00000000080065c0        0x0
                0x00000000080065c0                . = ALIGN (0x4)
 *(.ARM.extab* .gnu.linkonce.armextab.*)
                0x00000000080065c0                . = ALIGN (0x4)

.ARM            0x00000000080065c0        0x8
                0x00000000080065c0                . = ALIGN (0x4)
                0x00000000080065c0                __exidx_start = .
 *(.ARM.exidx*)
 .ARM.exidx     0x00000000080065c0        0x8 c:/st/stm32cubeide_1.6.1/stm32cubeide/plugins/com.st.stm32cube.ide.mcu.externaltools.gnu-tools-for-stm32.9-2020-q2-update.win32_1.5.0.202011040924/tools/bin/../lib/gcc/arm-none-eabi/9.3.1/thumb/v7e-m+fp/hard\libgcc.a(_udivmoddi4.o)
                0x00000000080065c8                __exidx_end = .
                0x00000000080065c8                . = ALIGN (0x4)

.rel.dyn        0x00000000080065c8        0x0
 .rel.iplt      0x00000000080065c8        0x0 c:/st/stm32cubeide_1.6.1/stm32cubeide/plugins/com.st.stm32cube.ide.mcu.externaltools.gnu-tools-for-stm32.9-2020-q2-update.win32_1.5.0.202011040924/tools/bin/../lib/gcc/arm-none-eabi/9.3.1/thumb/v7e-m+fp/hard/crtbegin.o

.preinit_array  0x00000000080065c8        0x0
                0x00000000080065c8                . = ALIGN (0x4)
                0x00000000080065c8                PROVIDE (__preinit_array_start = .)
 *(.preinit_array*)
                0x00000000080065c8                PROVIDE (__preinit_array_end = .)
                0x00000000080065c8                . = ALIGN (0x4)

.init_array     0x00000000080065c8        0x4
                0x00000000080065c8                . = ALIGN (0x4)
                0x00000000080065c8                PROVIDE (__init_array_start = .)
 *(SORT_BY_NAME(.init_array.*))
 *(.init_array*)
 .init_array    0x00000000080065c8        0x4 c:/st/stm32cubeide_1.6.1/stm32cubeide/plugins/com.st.stm32cube.ide.mcu.externaltools.gnu-tools-for-stm32.9-2020-q2-update.win32_1.5.0.202011040924/tools/bin/../lib/gcc/arm-none-eabi/9.3.1/thumb/v7e-m+fp/hard/crtbegin.o
                0x00000000080065cc                PROVIDE (__init_array_end = .)
                0x00000000080065cc                . = ALIGN (0x4)

.fini_array     0x00000000080065cc        0x4
                0x00000000080065cc                . = ALIGN (0x4)
                [!provide]                        PROVIDE (__fini_array_start = .)
 *(SORT_BY_NAME(.fini_array.*))
 *(.fini_array*)
 .fini_array    0x00000000080065cc        0x4 c:/st/stm32cubeide_1.6.1/stm32cubeide/plugins/com.st.stm32cube.ide.mcu.externaltools.gnu-tools-for-stm32.9-2020-q2-update.win32_1.5.0.202011040924/tools/bin/../lib/gcc/arm-none-eabi/9.3.1/thumb/v7e-m+fp/hard/crtbegin.o
                [!provide]                        PROVIDE (__fini_array_end = .)
                0x00000000080065d0                . = ALIGN (0x4)
                0x00000000080065d0                _sidata = LOADADDR (.data)

.data           0x0000000020000000      0x188 load address 0x00000000080065d0
                0x0000000020000000                . = ALIGN (0x4)
                0x0000000020000000                _sdata = .
 *(.data)
 *(.data*)
 .data.SystemCoreClock
                0x0000000020000000        0x4 src/bsp/system_stm32f4xx.o
                0x0000000020000000                SystemCoreClock
 .data.led_tbl  0x0000000020000004        0x8 src/hw/led.o
                0x0000000020000004                led_tbl
 .data.uwTickPrio
                0x000000002000000c        0x4 src/lib/cube_f429/Drivers/STM32F4xx_HAL_Driver/Src/stm32f4xx_hal.o
                0x000000002000000c                uwTickPrio
 .data.uwTickFreq
                0x0000000020000010        0x1 src/lib/cube_f429/Drivers/STM32F4xx_HAL_Driver/Src/stm32f4xx_hal.o
                0x0000000020000010                uwTickFreq
 *fill*         0x0000000020000011        0x3 
 .data.USBD_CDC_DeviceQualifierDesc
                0x0000000020000014        0xa src/lib/cube_f429/Middlewares/ST/STM32_USB_Device_Library/Class/CDC/Src/usbd_cdc.o
 *fill*         0x000000002000001e        0x2 
 .data.USBD_CDC
                0x0000000020000020       0x38 src/lib/cube_f429/Middlewares/ST/STM32_USB_Device_Library/Class/CDC/Src/usbd_cdc.o
                0x0000000020000020                USBD_CDC
 .data.USBD_CDC_CfgHSDesc
                0x0000000020000058       0x43 src/lib/cube_f429/Middlewares/ST/STM32_USB_Device_Library/Class/CDC/Src/usbd_cdc.o
 *fill*         0x000000002000009b        0x1 
 .data.USBD_CDC_CfgFSDesc
                0x000000002000009c       0x43 src/lib/cube_f429/Middlewares/ST/STM32_USB_Device_Library/Class/CDC/Src/usbd_cdc.o
 *fill*         0x00000000200000df        0x1 
 .data.USBD_CDC_OtherSpeedCfgDesc
                0x00000000200000e0       0x43 src/lib/cube_f429/Middlewares/ST/STM32_USB_Device_Library/Class/CDC/Src/usbd_cdc.o
 *fill*         0x0000000020000123        0x1 
 .data.USBD_Interface_fops_HS
                0x0000000020000124       0x14 src/lib/cube_f429/USB_DEVICE/App/usbd_cdc_if.o
                0x0000000020000124                USBD_Interface_fops_HS
 .data.HS_Desc  0x0000000020000138       0x1c src/lib/cube_f429/USB_DEVICE/App/usbd_desc.o
                0x0000000020000138                HS_Desc
 .data.USBD_HS_DeviceDesc
                0x0000000020000154       0x12 src/lib/cube_f429/USB_DEVICE/App/usbd_desc.o
                0x0000000020000154                USBD_HS_DeviceDesc
 *fill*         0x0000000020000166        0x2 
 .data.USBD_LangIDDesc
                0x0000000020000168        0x4 src/lib/cube_f429/USB_DEVICE/App/usbd_desc.o
                0x0000000020000168                USBD_LangIDDesc
 .data.USBD_StringSerial
                0x000000002000016c       0x1a src/lib/cube_f429/USB_DEVICE/App/usbd_desc.o
                0x000000002000016c                USBD_StringSerial
 *(.RamFunc)
 *(.RamFunc*)
                0x0000000020000188                . = ALIGN (0x4)
 *fill*         0x0000000020000186        0x2 
                0x0000000020000188                _edata = .

.igot.plt       0x0000000020000188        0x0 load address 0x0000000008006758
 .igot.plt      0x0000000020000188        0x0 c:/st/stm32cubeide_1.6.1/stm32cubeide/plugins/com.st.stm32cube.ide.mcu.externaltools.gnu-tools-for-stm32.9-2020-q2-update.win32_1.5.0.202011040924/tools/bin/../lib/gcc/arm-none-eabi/9.3.1/thumb/v7e-m+fp/hard/crtbegin.o
                0x0000000020000188                . = ALIGN (0x4)

.bss            0x0000000020000188     0x1b1c load address 0x0000000008006758
                0x0000000020000188                _sbss = .
                0x0000000020000188                __bss_start__ = _sbss
 *(.bss)
 .bss           0x0000000020000188       0x1c c:/st/stm32cubeide_1.6.1/stm32cubeide/plugins/com.st.stm32cube.ide.mcu.externaltools.gnu-tools-for-stm32.9-2020-q2-update.win32_1.5.0.202011040924/tools/bin/../lib/gcc/arm-none-eabi/9.3.1/thumb/v7e-m+fp/hard/crtbegin.o
 *(.bss*)
 .bss.cfgidx.10484
                0x00000000200001a4        0x1 src/lib/cube_f429/Middlewares/ST/STM32_USB_Device_Library/Core/Src/usbd_ctlreq.o
 *fill*         0x00000000200001a5        0x3 
 .bss.mem.10553
                0x00000000200001a8      0x220 src/lib/cube_f429/USB_DEVICE/Target/usbd_conf.o
 *(COMMON)
 COMMON         0x00000000200003c8        0x4 src/lib/cube_f429/Drivers/STM32F4xx_HAL_Driver/Src/stm32f4xx_hal.o
                0x00000000200003c8                uwTick
 COMMON         0x00000000200003cc      0x2d0 src/lib/cube_f429/USB_DEVICE/App/usb_device.o
                0x00000000200003cc                hUsbDeviceHS
 COMMON         0x000000002000069c     0x1000 src/lib/cube_f429/USB_DEVICE/App/usbd_cdc_if.o
                0x000000002000069c                UserRxBufferHS
                0x0000000020000e9c                UserTxBufferHS
 COMMON         0x000000002000169c      0x200 src/lib/cube_f429/USB_DEVICE/App/usbd_desc.o
                0x000000002000169c                USBD_StrDesc
 COMMON         0x000000002000189c      0x408 src/lib/cube_f429/USB_DEVICE/Target/usbd_conf.o
                0x000000002000189c                hpcd_USB_OTG_HS
                0x0000000020001ca4                . = ALIGN (0x4)
                0x0000000020001ca4                _ebss = .
                0x0000000020001ca4                __bss_end__ = _ebss

._user_heap_stack
                0x0000000020001ca4      0x604 load address 0x0000000008006758
                0x0000000020001ca8                . = ALIGN (0x8)
 *fill*         0x0000000020001ca4        0x4 
                [!provide]                        PROVIDE (end = .)
                0x0000000020001ca8                PROVIDE (_end = .)
                0x0000000020001ea8                . = (. + _Min_Heap_Size)
 *fill*         0x0000000020001ca8      0x200 
                0x00000000200022a8                . = (. + _Min_Stack_Size)
 *fill*         0x0000000020001ea8      0x400 
                0x00000000200022a8                . = ALIGN (0x8)

/DISCARD/
 libc.a(*)
 libm.a(*)
 libgcc.a(*)

.ARM.attributes
                0x0000000000000000       0x30
 *(.ARM.attributes)
 .ARM.attributes
                0x0000000000000000       0x1e c:/st/stm32cubeide_1.6.1/stm32cubeide/plugins/com.st.stm32cube.ide.mcu.externaltools.gnu-tools-for-stm32.9-2020-q2-update.win32_1.5.0.202011040924/tools/bin/../lib/gcc/arm-none-eabi/9.3.1/thumb/v7e-m+fp/hard/crti.o
 .ARM.attributes
                0x000000000000001e       0x34 c:/st/stm32cubeide_1.6.1/stm32cubeide/plugins/com.st.stm32cube.ide.mcu.externaltools.gnu-tools-for-stm32.9-2020-q2-update.win32_1.5.0.202011040924/tools/bin/../lib/gcc/arm-none-eabi/9.3.1/thumb/v7e-m+fp/hard/crtbegin.o
 .ARM.attributes
                0x0000000000000052       0x34 src/bsp/bsp.o
 .ARM.attributes
                0x0000000000000086       0x34 src/bsp/stm32f4xx_hal_msp.o
 .ARM.attributes
                0x00000000000000ba       0x34 src/bsp/stm32f4xx_it.o
 .ARM.attributes
                0x00000000000000ee       0x34 src/bsp/system_stm32f4xx.o
 .ARM.attributes
                0x0000000000000122       0x21 src/bsp/startup/startup_stm32f429zitx.o
 .ARM.attributes
                0x0000000000000143       0x34 src/hw/led.o
 .ARM.attributes
                0x0000000000000177       0x34 src/lib/cube_f429/Drivers/STM32F4xx_HAL_Driver/Src/stm32f4xx_hal.o
 .ARM.attributes
                0x00000000000001ab       0x34 src/lib/cube_f429/Drivers/STM32F4xx_HAL_Driver/Src/stm32f4xx_hal_cortex.o
 .ARM.attributes
                0x00000000000001df       0x34 src/lib/cube_f429/Drivers/STM32F4xx_HAL_Driver/Src/stm32f4xx_hal_gpio.o
 .ARM.attributes
                0x0000000000000213       0x34 src/lib/cube_f429/Drivers/STM32F4xx_HAL_Driver/Src/stm32f4xx_hal_pcd.o
 .ARM.attributes
                0x0000000000000247       0x34 src/lib/cube_f429/Drivers/STM32F4xx_HAL_Driver/Src/stm32f4xx_hal_pcd_ex.o
 .ARM.attributes
                0x000000000000027b       0x34 src/lib/cube_f429/Drivers/STM32F4xx_HAL_Driver/Src/stm32f4xx_hal_rcc.o
 .ARM.attributes
                0x00000000000002af       0x34 src/lib/cube_f429/Drivers/STM32F4xx_HAL_Driver/Src/stm32f4xx_ll_usb.o
 .ARM.attributes
                0x00000000000002e3       0x34 src/lib/cube_f429/Middlewares/ST/STM32_USB_Device_Library/Class/CDC/Src/usbd_cdc.o
 .ARM.attributes
                0x0000000000000317       0x34 src/lib/cube_f429/Middlewares/ST/STM32_USB_Device_Library/Core/Src/usbd_core.o
 .ARM.attributes
                0x000000000000034b       0x34 src/lib/cube_f429/Middlewares/ST/STM32_USB_Device_Library/Core/Src/usbd_ctlreq.o
 .ARM.attributes
                0x000000000000037f       0x34 src/lib/cube_f429/Middlewares/ST/STM32_USB_Device_Library/Core/Src/usbd_ioreq.o
 .ARM.attributes
                0x00000000000003b3       0x34 src/lib/cube_f429/USB_DEVICE/App/usb_device.o
 .ARM.attributes
                0x00000000000003e7       0x34 src/lib/cube_f429/USB_DEVICE/App/usbd_cdc_if.o
 .ARM.attributes
                0x000000000000041b       0x34 src/lib/cube_f429/USB_DEVICE/App/usbd_desc.o
 .ARM.attributes
                0x000000000000044f       0x34 src/lib/cube_f429/USB_DEVICE/Target/usbd_conf.o
 .ARM.attributes
                0x0000000000000483       0x34 src/main.o
 .ARM.attributes
                0x00000000000004b7       0x34 c:/st/stm32cubeide_1.6.1/stm32cubeide/plugins/com.st.stm32cube.ide.mcu.externaltools.gnu-tools-for-stm32.9-2020-q2-update.win32_1.5.0.202011040924/tools/bin/../lib/gcc/arm-none-eabi/9.3.1/../../../../arm-none-eabi/lib/thumb/v7e-m+fp/hard\libc_nano.a(lib_a-init.o)
 .ARM.attributes
                0x00000000000004eb       0x34 c:/st/stm32cubeide_1.6.1/stm32cubeide/plugins/com.st.stm32cube.ide.mcu.externaltools.gnu-tools-for-stm32.9-2020-q2-update.win32_1.5.0.202011040924/tools/bin/../lib/gcc/arm-none-eabi/9.3.1/../../../../arm-none-eabi/lib/thumb/v7e-m+fp/hard\libc_nano.a(lib_a-memset.o)
 .ARM.attributes
                0x000000000000051f       0x1e c:/st/stm32cubeide_1.6.1/stm32cubeide/plugins/com.st.stm32cube.ide.mcu.externaltools.gnu-tools-for-stm32.9-2020-q2-update.win32_1.5.0.202011040924/tools/bin/../lib/gcc/arm-none-eabi/9.3.1/thumb/v7e-m+fp/hard\libgcc.a(_aeabi_uldivmod.o)
 .ARM.attributes
                0x000000000000053d       0x34 c:/st/stm32cubeide_1.6.1/stm32cubeide/plugins/com.st.stm32cube.ide.mcu.externaltools.gnu-tools-for-stm32.9-2020-q2-update.win32_1.5.0.202011040924/tools/bin/../lib/gcc/arm-none-eabi/9.3.1/thumb/v7e-m+fp/hard\libgcc.a(_udivmoddi4.o)
 .ARM.attributes
                0x0000000000000571       0x1e c:/st/stm32cubeide_1.6.1/stm32cubeide/plugins/com.st.stm32cube.ide.mcu.externaltools.gnu-tools-for-stm32.9-2020-q2-update.win32_1.5.0.202011040924/tools/bin/../lib/gcc/arm-none-eabi/9.3.1/thumb/v7e-m+fp/hard\libgcc.a(_dvmd_tls.o)
 .ARM.attributes
                0x000000000000058f       0x1e c:/st/stm32cubeide_1.6.1/stm32cubeide/plugins/com.st.stm32cube.ide.mcu.externaltools.gnu-tools-for-stm32.9-2020-q2-update.win32_1.5.0.202011040924/tools/bin/../lib/gcc/arm-none-eabi/9.3.1/thumb/v7e-m+fp/hard/crtn.o
OUTPUT(stm32429disco_my.elf elf32-littlearm)
LOAD linker stubs
LOAD c:/st/stm32cubeide_1.6.1/stm32cubeide/plugins/com.st.stm32cube.ide.mcu.externaltools.gnu-tools-for-stm32.9-2020-q2-update.win32_1.5.0.202011040924/tools/bin/../lib/gcc/arm-none-eabi/9.3.1/../../../../arm-none-eabi/lib/thumb/v7e-m+fp/hard\libc.a
LOAD c:/st/stm32cubeide_1.6.1/stm32cubeide/plugins/com.st.stm32cube.ide.mcu.externaltools.gnu-tools-for-stm32.9-2020-q2-update.win32_1.5.0.202011040924/tools/bin/../lib/gcc/arm-none-eabi/9.3.1/../../../../arm-none-eabi/lib/thumb/v7e-m+fp/hard\libm.a
LOAD c:/st/stm32cubeide_1.6.1/stm32cubeide/plugins/com.st.stm32cube.ide.mcu.externaltools.gnu-tools-for-stm32.9-2020-q2-update.win32_1.5.0.202011040924/tools/bin/../lib/gcc/arm-none-eabi/9.3.1/thumb/v7e-m+fp/hard\libgcc.a

.debug_info     0x0000000000000000    0x1af40
 .debug_info    0x0000000000000000     0x1684 src/bsp/bsp.o
 .debug_info    0x0000000000001684     0x13f5 src/bsp/stm32f4xx_hal_msp.o
 .debug_info    0x0000000000002a79     0x16d9 src/bsp/stm32f4xx_it.o
 .debug_info    0x0000000000004152      0x562 src/bsp/system_stm32f4xx.o
 .debug_info    0x00000000000046b4       0x22 src/bsp/startup/startup_stm32f429zitx.o
 .debug_info    0x00000000000046d6     0x162a src/hw/led.o
 .debug_info    0x0000000000005d00      0xa2a src/lib/cube_f429/Drivers/STM32F4xx_HAL_Driver/Src/stm32f4xx_hal.o
 .debug_info    0x000000000000672a      0xf0d src/lib/cube_f429/Drivers/STM32F4xx_HAL_Driver/Src/stm32f4xx_hal_cortex.o
 .debug_info    0x0000000000007637      0x85a src/lib/cube_f429/Drivers/STM32F4xx_HAL_Driver/Src/stm32f4xx_hal_gpio.o
 .debug_info    0x0000000000007e91     0x12dd src/lib/cube_f429/Drivers/STM32F4xx_HAL_Driver/Src/stm32f4xx_hal_pcd.o
 .debug_info    0x000000000000916e      0x7c3 src/lib/cube_f429/Drivers/STM32F4xx_HAL_Driver/Src/stm32f4xx_hal_pcd_ex.o
 .debug_info    0x0000000000009931      0x9b2 src/lib/cube_f429/Drivers/STM32F4xx_HAL_Driver/Src/stm32f4xx_hal_rcc.o
 .debug_info    0x000000000000a2e3     0x1ab4 src/lib/cube_f429/Drivers/STM32F4xx_HAL_Driver/Src/stm32f4xx_ll_usb.o
 .debug_info    0x000000000000bd97     0x20dd src/lib/cube_f429/Middlewares/ST/STM32_USB_Device_Library/Class/CDC/Src/usbd_cdc.o
 .debug_info    0x000000000000de74     0x1b20 src/lib/cube_f429/Middlewares/ST/STM32_USB_Device_Library/Core/Src/usbd_core.o
 .debug_info    0x000000000000f994     0x1aec src/lib/cube_f429/Middlewares/ST/STM32_USB_Device_Library/Core/Src/usbd_ctlreq.o
 .debug_info    0x0000000000011480     0x180e src/lib/cube_f429/Middlewares/ST/STM32_USB_Device_Library/Core/Src/usbd_ioreq.o
 .debug_info    0x0000000000012c8e     0x1777 src/lib/cube_f429/USB_DEVICE/App/usb_device.o
 .debug_info    0x0000000000014405     0x19a8 src/lib/cube_f429/USB_DEVICE/App/usbd_cdc_if.o
 .debug_info    0x0000000000015dad     0x1573 src/lib/cube_f429/USB_DEVICE/App/usbd_desc.o
 .debug_info    0x0000000000017320     0x2a45 src/lib/cube_f429/USB_DEVICE/Target/usbd_conf.o
 .debug_info    0x0000000000019d65     0x11db src/main.o

.debug_abbrev   0x0000000000000000     0x3225
 .debug_abbrev  0x0000000000000000      0x258 src/bsp/bsp.o
 .debug_abbrev  0x0000000000000258      0x1eb src/bsp/stm32f4xx_hal_msp.o
 .debug_abbrev  0x0000000000000443      0x20f src/bsp/stm32f4xx_it.o
 .debug_abbrev  0x0000000000000652      0x129 src/bsp/system_stm32f4xx.o
 .debug_abbrev  0x000000000000077b       0x12 src/bsp/startup/startup_stm32f429zitx.o
 .debug_abbrev  0x000000000000078d      0x240 src/hw/led.o
 .debug_abbrev  0x00000000000009cd      0x1ed src/lib/cube_f429/Drivers/STM32F4xx_HAL_Driver/Src/stm32f4xx_hal.o
 .debug_abbrev  0x0000000000000bba      0x33c src/lib/cube_f429/Drivers/STM32F4xx_HAL_Driver/Src/stm32f4xx_hal_cortex.o
 .debug_abbrev  0x0000000000000ef6      0x1f1 src/lib/cube_f429/Drivers/STM32F4xx_HAL_Driver/Src/stm32f4xx_hal_gpio.o
 .debug_abbrev  0x00000000000010e7      0x2a0 src/lib/cube_f429/Drivers/STM32F4xx_HAL_Driver/Src/stm32f4xx_hal_pcd.o
 .debug_abbrev  0x0000000000001387      0x1fb src/lib/cube_f429/Drivers/STM32F4xx_HAL_Driver/Src/stm32f4xx_hal_pcd_ex.o
 .debug_abbrev  0x0000000000001582      0x275 src/lib/cube_f429/Drivers/STM32F4xx_HAL_Driver/Src/stm32f4xx_hal_rcc.o
 .debug_abbrev  0x00000000000017f7      0x2a7 src/lib/cube_f429/Drivers/STM32F4xx_HAL_Driver/Src/stm32f4xx_ll_usb.o
 .debug_abbrev  0x0000000000001a9e      0x2fc src/lib/cube_f429/Middlewares/ST/STM32_USB_Device_Library/Class/CDC/Src/usbd_cdc.o
 .debug_abbrev  0x0000000000001d9a      0x2b7 src/lib/cube_f429/Middlewares/ST/STM32_USB_Device_Library/Core/Src/usbd_core.o
 .debug_abbrev  0x0000000000002051      0x2fc src/lib/cube_f429/Middlewares/ST/STM32_USB_Device_Library/Core/Src/usbd_ctlreq.o
 .debug_abbrev  0x000000000000234d      0x22a src/lib/cube_f429/Middlewares/ST/STM32_USB_Device_Library/Core/Src/usbd_ioreq.o
 .debug_abbrev  0x0000000000002577      0x204 src/lib/cube_f429/USB_DEVICE/App/usb_device.o
 .debug_abbrev  0x000000000000277b      0x30c src/lib/cube_f429/USB_DEVICE/App/usbd_cdc_if.o
 .debug_abbrev  0x0000000000002a87      0x2aa src/lib/cube_f429/USB_DEVICE/App/usbd_desc.o
 .debug_abbrev  0x0000000000002d31      0x32c src/lib/cube_f429/USB_DEVICE/Target/usbd_conf.o
 .debug_abbrev  0x000000000000305d      0x1c8 src/main.o

.debug_aranges  0x0000000000000000      0xb70
 .debug_aranges
                0x0000000000000000       0x40 src/bsp/bsp.o
 .debug_aranges
                0x0000000000000040       0x20 src/bsp/stm32f4xx_hal_msp.o
 .debug_aranges
                0x0000000000000060       0x68 src/bsp/stm32f4xx_it.o
 .debug_aranges
                0x00000000000000c8       0x28 src/bsp/system_stm32f4xx.o
 .debug_aranges
                0x00000000000000f0       0x28 src/bsp/startup/startup_stm32f429zitx.o
 .debug_aranges
                0x0000000000000118       0x38 src/hw/led.o
 .debug_aranges
                0x0000000000000150      0x100 src/lib/cube_f429/Drivers/STM32F4xx_HAL_Driver/Src/stm32f4xx_hal.o
 .debug_aranges
                0x0000000000000250      0x118 src/lib/cube_f429/Drivers/STM32F4xx_HAL_Driver/Src/stm32f4xx_hal_cortex.o
 .debug_aranges
                0x0000000000000368       0x58 src/lib/cube_f429/Drivers/STM32F4xx_HAL_Driver/Src/stm32f4xx_hal_gpio.o
 .debug_aranges
                0x00000000000003c0      0x138 src/lib/cube_f429/Drivers/STM32F4xx_HAL_Driver/Src/stm32f4xx_hal_pcd.o
 .debug_aranges
                0x00000000000004f8       0x38 src/lib/cube_f429/Drivers/STM32F4xx_HAL_Driver/Src/stm32f4xx_hal_pcd_ex.o
 .debug_aranges
                0x0000000000000530       0x88 src/lib/cube_f429/Drivers/STM32F4xx_HAL_Driver/Src/stm32f4xx_hal_rcc.o
 .debug_aranges
                0x00000000000005b8      0x198 src/lib/cube_f429/Drivers/STM32F4xx_HAL_Driver/Src/stm32f4xx_ll_usb.o
 .debug_aranges
                0x0000000000000750       0x90 src/lib/cube_f429/Middlewares/ST/STM32_USB_Device_Library/Class/CDC/Src/usbd_cdc.o
 .debug_aranges
                0x00000000000007e0       0xb8 src/lib/cube_f429/Middlewares/ST/STM32_USB_Device_Library/Core/Src/usbd_core.o
 .debug_aranges
                0x0000000000000898       0x90 src/lib/cube_f429/Middlewares/ST/STM32_USB_Device_Library/Core/Src/usbd_ctlreq.o
 .debug_aranges
                0x0000000000000928       0x50 src/lib/cube_f429/Middlewares/ST/STM32_USB_Device_Library/Core/Src/usbd_ioreq.o
 .debug_aranges
                0x0000000000000978       0x20 src/lib/cube_f429/USB_DEVICE/App/usb_device.o
 .debug_aranges
                0x0000000000000998       0x48 src/lib/cube_f429/USB_DEVICE/App/usbd_cdc_if.o
 .debug_aranges
                0x00000000000009e0       0x60 src/lib/cube_f429/USB_DEVICE/App/usbd_desc.o
 .debug_aranges
                0x0000000000000a40      0x110 src/lib/cube_f429/USB_DEVICE/Target/usbd_conf.o
 .debug_aranges
                0x0000000000000b50       0x20 src/main.o

.debug_ranges   0x0000000000000000      0xa18
 .debug_ranges  0x0000000000000000       0x30 src/bsp/bsp.o
 .debug_ranges  0x0000000000000030       0x10 src/bsp/stm32f4xx_hal_msp.o
 .debug_ranges  0x0000000000000040       0x58 src/bsp/stm32f4xx_it.o
 .debug_ranges  0x0000000000000098       0x18 src/bsp/system_stm32f4xx.o
 .debug_ranges  0x00000000000000b0       0x20 src/bsp/startup/startup_stm32f429zitx.o
 .debug_ranges  0x00000000000000d0       0x28 src/hw/led.o
 .debug_ranges  0x00000000000000f8       0xf0 src/lib/cube_f429/Drivers/STM32F4xx_HAL_Driver/Src/stm32f4xx_hal.o
 .debug_ranges  0x00000000000001e8      0x108 src/lib/cube_f429/Drivers/STM32F4xx_HAL_Driver/Src/stm32f4xx_hal_cortex.o
 .debug_ranges  0x00000000000002f0       0x48 src/lib/cube_f429/Drivers/STM32F4xx_HAL_Driver/Src/stm32f4xx_hal_gpio.o
 .debug_ranges  0x0000000000000338      0x128 src/lib/cube_f429/Drivers/STM32F4xx_HAL_Driver/Src/stm32f4xx_hal_pcd.o
 .debug_ranges  0x0000000000000460       0x28 src/lib/cube_f429/Drivers/STM32F4xx_HAL_Driver/Src/stm32f4xx_hal_pcd_ex.o
 .debug_ranges  0x0000000000000488       0x78 src/lib/cube_f429/Drivers/STM32F4xx_HAL_Driver/Src/stm32f4xx_hal_rcc.o
 .debug_ranges  0x0000000000000500      0x188 src/lib/cube_f429/Drivers/STM32F4xx_HAL_Driver/Src/stm32f4xx_ll_usb.o
 .debug_ranges  0x0000000000000688       0x80 src/lib/cube_f429/Middlewares/ST/STM32_USB_Device_Library/Class/CDC/Src/usbd_cdc.o
 .debug_ranges  0x0000000000000708       0xa8 src/lib/cube_f429/Middlewares/ST/STM32_USB_Device_Library/Core/Src/usbd_core.o
 .debug_ranges  0x00000000000007b0       0x80 src/lib/cube_f429/Middlewares/ST/STM32_USB_Device_Library/Core/Src/usbd_ctlreq.o
 .debug_ranges  0x0000000000000830       0x40 src/lib/cube_f429/Middlewares/ST/STM32_USB_Device_Library/Core/Src/usbd_ioreq.o
 .debug_ranges  0x0000000000000870       0x10 src/lib/cube_f429/USB_DEVICE/App/usb_device.o
 .debug_ranges  0x0000000000000880       0x38 src/lib/cube_f429/USB_DEVICE/App/usbd_cdc_if.o
 .debug_ranges  0x00000000000008b8       0x50 src/lib/cube_f429/USB_DEVICE/App/usbd_desc.o
 .debug_ranges  0x0000000000000908      0x100 src/lib/cube_f429/USB_DEVICE/Target/usbd_conf.o
 .debug_ranges  0x0000000000000a08       0x10 src/main.o

.debug_macro    0x0000000000000000    0x26c3a
 .debug_macro   0x0000000000000000      0x42d src/bsp/bsp.o
 .debug_macro   0x000000000000042d      0xa9c src/bsp/bsp.o
 .debug_macro   0x0000000000000ec9       0x22 src/bsp/bsp.o
 .debug_macro   0x0000000000000eeb       0x4c src/bsp/bsp.o
 .debug_macro   0x0000000000000f37       0x18 src/bsp/bsp.o
 .debug_macro   0x0000000000000f4f       0x94 src/bsp/bsp.o
 .debug_macro   0x0000000000000fe3       0x3c src/bsp/bsp.o
 .debug_macro   0x000000000000101f       0x34 src/bsp/bsp.o
 .debug_macro   0x0000000000001053       0x16 src/bsp/bsp.o
 .debug_macro   0x0000000000001069       0x57 src/bsp/bsp.o
 .debug_macro   0x00000000000010c0       0x97 src/bsp/bsp.o
 .debug_macro   0x0000000000001157      0x339 src/bsp/bsp.o
 .debug_macro   0x0000000000001490       0xfd src/bsp/bsp.o
 .debug_macro   0x000000000000158d       0x10 src/bsp/bsp.o
 .debug_macro   0x000000000000159d       0x16 src/bsp/bsp.o
 .debug_macro   0x00000000000015b3       0x43 src/bsp/bsp.o
 .debug_macro   0x00000000000015f6       0x34 src/bsp/bsp.o
 .debug_macro   0x000000000000162a       0x10 src/bsp/bsp.o
 .debug_macro   0x000000000000163a       0x58 src/bsp/bsp.o
 .debug_macro   0x0000000000001692       0x71 src/bsp/bsp.o
 .debug_macro   0x0000000000001703       0x1c src/bsp/bsp.o
 .debug_macro   0x000000000000171f      0x12a src/bsp/bsp.o
 .debug_macro   0x0000000000001849       0x10 src/bsp/bsp.o
 .debug_macro   0x0000000000001859       0x6a src/bsp/bsp.o
 .debug_macro   0x00000000000018c3       0x1c src/bsp/bsp.o
 .debug_macro   0x00000000000018df       0x52 src/bsp/bsp.o
 .debug_macro   0x0000000000001931       0x22 src/bsp/bsp.o
 .debug_macro   0x0000000000001953       0x10 src/bsp/bsp.o
 .debug_macro   0x0000000000001963       0x40 src/bsp/bsp.o
 .debug_macro   0x00000000000019a3       0xd5 src/bsp/bsp.o
 .debug_macro   0x0000000000001a78       0x1c src/bsp/bsp.o
 .debug_macro   0x0000000000001a94       0x3d src/bsp/bsp.o
 .debug_macro   0x0000000000001ad1       0x16 src/bsp/bsp.o
 .debug_macro   0x0000000000001ae7      0x145 src/bsp/bsp.o
 .debug_macro   0x0000000000001c2c       0x16 src/bsp/bsp.o
 .debug_macro   0x0000000000001c42       0x35 src/bsp/bsp.o
 .debug_macro   0x0000000000001c77       0x20 src/bsp/bsp.o
 .debug_macro   0x0000000000001c97      0x103 src/bsp/bsp.o
 .debug_macro   0x0000000000001d9a      0x1df src/bsp/bsp.o
 .debug_macro   0x0000000000001f79       0x22 src/bsp/bsp.o
 .debug_macro   0x0000000000001f9b       0x2e src/bsp/bsp.o
 .debug_macro   0x0000000000001fc9       0x28 src/bsp/bsp.o
 .debug_macro   0x0000000000001ff1       0x1c src/bsp/bsp.o
 .debug_macro   0x000000000000200d       0x22 src/bsp/bsp.o
 .debug_macro   0x000000000000202f       0xd9 src/bsp/bsp.o
 .debug_macro   0x0000000000002108     0x102d src/bsp/bsp.o
 .debug_macro   0x0000000000003135      0x11f src/bsp/bsp.o
 .debug_macro   0x0000000000003254    0x17f91 src/bsp/bsp.o
 .debug_macro   0x000000000001b1e5       0x6d src/bsp/bsp.o
 .debug_macro   0x000000000001b252      0x2a1 src/bsp/bsp.o
 .debug_macro   0x000000000001b4f3     0x36dd src/bsp/bsp.o
 .debug_macro   0x000000000001ebd0       0x56 src/bsp/bsp.o
 .debug_macro   0x000000000001ec26      0xca5 src/bsp/bsp.o
 .debug_macro   0x000000000001f8cb      0x9fe src/bsp/bsp.o
 .debug_macro   0x00000000000202c9      0x116 src/bsp/bsp.o
 .debug_macro   0x00000000000203df      0x157 src/bsp/bsp.o
 .debug_macro   0x0000000000020536       0xa5 src/bsp/bsp.o
 .debug_macro   0x00000000000205db      0x182 src/bsp/bsp.o
 .debug_macro   0x000000000002075d      0x287 src/bsp/bsp.o
 .debug_macro   0x00000000000209e4       0x5f src/bsp/bsp.o
 .debug_macro   0x0000000000020a43      0x236 src/bsp/bsp.o
 .debug_macro   0x0000000000020c79      0x132 src/bsp/bsp.o
 .debug_macro   0x0000000000020dab      0x41d src/bsp/bsp.o
 .debug_macro   0x00000000000211c8       0x2e src/bsp/bsp.o
 .debug_macro   0x00000000000211f6      0x1b5 src/bsp/bsp.o
 .debug_macro   0x00000000000213ab       0x22 src/bsp/bsp.o
 .debug_macro   0x00000000000213cd       0xd6 src/bsp/bsp.o
 .debug_macro   0x00000000000214a3      0x11a src/bsp/bsp.o
 .debug_macro   0x00000000000215bd       0xe2 src/bsp/bsp.o
 .debug_macro   0x000000000002169f       0x89 src/bsp/bsp.o
 .debug_macro   0x0000000000021728      0x295 src/bsp/bsp.o
 .debug_macro   0x00000000000219bd      0x21e src/bsp/bsp.o
 .debug_macro   0x0000000000021bdb       0xba src/bsp/bsp.o
 .debug_macro   0x0000000000021c95      0x134 src/bsp/bsp.o
 .debug_macro   0x0000000000021dc9       0x16 src/bsp/bsp.o
 .debug_macro   0x0000000000021ddf       0x16 src/bsp/bsp.o
 .debug_macro   0x0000000000021df5       0x29 src/bsp/bsp.o
 .debug_macro   0x0000000000021e1e       0x10 src/bsp/bsp.o
 .debug_macro   0x0000000000021e2e       0x65 src/bsp/bsp.o
 .debug_macro   0x0000000000021e93      0x1ef src/bsp/bsp.o
 .debug_macro   0x0000000000022082      0x429 src/bsp/stm32f4xx_hal_msp.o
 .debug_macro   0x00000000000224ab      0x433 src/bsp/stm32f4xx_it.o
 .debug_macro   0x00000000000228de       0xda src/bsp/system_stm32f4xx.o
 .debug_macro   0x00000000000229b8       0x8e src/bsp/system_stm32f4xx.o
 .debug_macro   0x0000000000022a46       0x51 src/bsp/system_stm32f4xx.o
 .debug_macro   0x0000000000022a97       0xdf src/bsp/system_stm32f4xx.o
 .debug_macro   0x0000000000022b76      0x438 src/hw/led.o
 .debug_macro   0x0000000000022fae      0x252 src/lib/cube_f429/Drivers/STM32F4xx_HAL_Driver/Src/stm32f4xx_hal.o
 .debug_macro   0x0000000000023200       0x5c src/lib/cube_f429/Drivers/STM32F4xx_HAL_Driver/Src/stm32f4xx_hal.o
 .debug_macro   0x000000000002325c      0x1f2 src/lib/cube_f429/Drivers/STM32F4xx_HAL_Driver/Src/stm32f4xx_hal_cortex.o
 .debug_macro   0x000000000002344e      0x1f8 src/lib/cube_f429/Drivers/STM32F4xx_HAL_Driver/Src/stm32f4xx_hal_gpio.o
 .debug_macro   0x0000000000023646      0x1fe src/lib/cube_f429/Drivers/STM32F4xx_HAL_Driver/Src/stm32f4xx_hal_pcd.o
 .debug_macro   0x0000000000023844      0x1f2 src/lib/cube_f429/Drivers/STM32F4xx_HAL_Driver/Src/stm32f4xx_hal_pcd_ex.o
 .debug_macro   0x0000000000023a36      0x216 src/lib/cube_f429/Drivers/STM32F4xx_HAL_Driver/Src/stm32f4xx_hal_rcc.o
 .debug_macro   0x0000000000023c4c      0x1f2 src/lib/cube_f429/Drivers/STM32F4xx_HAL_Driver/Src/stm32f4xx_ll_usb.o
 .debug_macro   0x0000000000023e3e      0x468 src/lib/cube_f429/Middlewares/ST/STM32_USB_Device_Library/Class/CDC/Src/usbd_cdc.o
 .debug_macro   0x00000000000242a6       0x95 src/lib/cube_f429/Middlewares/ST/STM32_USB_Device_Library/Class/CDC/Src/usbd_cdc.o
 .debug_macro   0x000000000002433b      0x459 src/lib/cube_f429/Middlewares/ST/STM32_USB_Device_Library/Core/Src/usbd_core.o
 .debug_macro   0x0000000000024794      0x207 src/lib/cube_f429/Middlewares/ST/STM32_USB_Device_Library/Core/Src/usbd_core.o
 .debug_macro   0x000000000002499b      0x459 src/lib/cube_f429/Middlewares/ST/STM32_USB_Device_Library/Core/Src/usbd_ctlreq.o
 .debug_macro   0x0000000000024df4      0x455 src/lib/cube_f429/Middlewares/ST/STM32_USB_Device_Library/Core/Src/usbd_ioreq.o
 .debug_macro   0x0000000000025249      0x484 src/lib/cube_f429/USB_DEVICE/App/usb_device.o
 .debug_macro   0x00000000000256cd       0x52 src/lib/cube_f429/USB_DEVICE/App/usb_device.o
 .debug_macro   0x000000000002571f      0x333 src/lib/cube_f429/USB_DEVICE/App/usb_device.o
 .debug_macro   0x0000000000025a52       0x22 src/lib/cube_f429/USB_DEVICE/App/usb_device.o
 .debug_macro   0x0000000000025a74       0x16 src/lib/cube_f429/USB_DEVICE/App/usb_device.o
 .debug_macro   0x0000000000025a8a      0x473 src/lib/cube_f429/USB_DEVICE/App/usbd_cdc_if.o
 .debug_macro   0x0000000000025efd       0x10 src/lib/cube_f429/USB_DEVICE/App/usbd_cdc_if.o
 .debug_macro   0x0000000000025f0d      0x492 src/lib/cube_f429/USB_DEVICE/App/usbd_desc.o
 .debug_macro   0x000000000002639f      0x472 src/lib/cube_f429/USB_DEVICE/Target/usbd_conf.o
 .debug_macro   0x0000000000026811      0x429 src/main.o

.debug_line     0x0000000000000000    0x12c03
 .debug_line    0x0000000000000000      0xcdd src/bsp/bsp.o
 .debug_line    0x0000000000000cdd      0xc25 src/bsp/stm32f4xx_hal_msp.o
 .debug_line    0x0000000000001902      0xcff src/bsp/stm32f4xx_it.o
 .debug_line    0x0000000000002601      0x557 src/bsp/system_stm32f4xx.o
 .debug_line    0x0000000000002b58       0x8b src/bsp/startup/startup_stm32f429zitx.o
 .debug_line    0x0000000000002be3      0xca7 src/hw/led.o
 .debug_line    0x000000000000388a      0xb29 src/lib/cube_f429/Drivers/STM32F4xx_HAL_Driver/Src/stm32f4xx_hal.o
 .debug_line    0x00000000000043b3      0xda2 src/lib/cube_f429/Drivers/STM32F4xx_HAL_Driver/Src/stm32f4xx_hal_cortex.o
 .debug_line    0x0000000000005155      0xc91 src/lib/cube_f429/Drivers/STM32F4xx_HAL_Driver/Src/stm32f4xx_hal_gpio.o
 .debug_line    0x0000000000005de6     0x1440 src/lib/cube_f429/Drivers/STM32F4xx_HAL_Driver/Src/stm32f4xx_hal_pcd.o
 .debug_line    0x0000000000007226      0x8d6 src/lib/cube_f429/Drivers/STM32F4xx_HAL_Driver/Src/stm32f4xx_hal_pcd_ex.o
 .debug_line    0x0000000000007afc      0xe6f src/lib/cube_f429/Drivers/STM32F4xx_HAL_Driver/Src/stm32f4xx_hal_rcc.o
 .debug_line    0x000000000000896b     0x1a82 src/lib/cube_f429/Drivers/STM32F4xx_HAL_Driver/Src/stm32f4xx_ll_usb.o
 .debug_line    0x000000000000a3ed     0x109b src/lib/cube_f429/Middlewares/ST/STM32_USB_Device_Library/Class/CDC/Src/usbd_cdc.o
 .debug_line    0x000000000000b488     0x10eb src/lib/cube_f429/Middlewares/ST/STM32_USB_Device_Library/Core/Src/usbd_core.o
 .debug_line    0x000000000000c573     0x136b src/lib/cube_f429/Middlewares/ST/STM32_USB_Device_Library/Core/Src/usbd_ctlreq.o
 .debug_line    0x000000000000d8de      0xd42 src/lib/cube_f429/Middlewares/ST/STM32_USB_Device_Library/Core/Src/usbd_ioreq.o
 .debug_line    0x000000000000e620      0xd31 src/lib/cube_f429/USB_DEVICE/App/usb_device.o
 .debug_line    0x000000000000f351      0xd94 src/lib/cube_f429/USB_DEVICE/App/usbd_cdc_if.o
 .debug_line    0x00000000000100e5      0xdc7 src/lib/cube_f429/USB_DEVICE/App/usbd_desc.o
 .debug_line    0x0000000000010eac     0x112c src/lib/cube_f429/USB_DEVICE/Target/usbd_conf.o
 .debug_line    0x0000000000011fd8      0xc2b src/main.o

.debug_str      0x0000000000000000    0xd6d67
 .debug_str     0x0000000000000000    0xd3446 src/bsp/bsp.o
                                      0xd37f7 (size before relaxing)
 .debug_str     0x00000000000d3446       0x2b src/bsp/stm32f4xx_hal_msp.o
                                      0xd3683 (size before relaxing)
 .debug_str     0x00000000000d3471      0x3fb src/bsp/stm32f4xx_it.o
                                      0xd3954 (size before relaxing)
 .debug_str     0x00000000000d386c      0x101 src/bsp/system_stm32f4xx.o
                                      0x934ca (size before relaxing)
 .debug_str     0x00000000000d396d       0x39 src/bsp/startup/startup_stm32f429zitx.o
                                         0x63 (size before relaxing)
 .debug_str     0x00000000000d39a6       0xe5 src/hw/led.o
                                      0xd3749 (size before relaxing)
 .debug_str     0x00000000000d3a8b      0xb05 src/lib/cube_f429/Drivers/STM32F4xx_HAL_Driver/Src/stm32f4xx_hal.o
                                      0xcef0e (size before relaxing)
 .debug_str     0x00000000000d4590      0x3ab src/lib/cube_f429/Drivers/STM32F4xx_HAL_Driver/Src/stm32f4xx_hal_cortex.o
                                      0xcecaf (size before relaxing)
 .debug_str     0x00000000000d493b      0x163 src/lib/cube_f429/Drivers/STM32F4xx_HAL_Driver/Src/stm32f4xx_hal_gpio.o
                                      0xce534 (size before relaxing)
 .debug_str     0x00000000000d4a9e      0x576 src/lib/cube_f429/Drivers/STM32F4xx_HAL_Driver/Src/stm32f4xx_hal_pcd.o
                                      0xceb64 (size before relaxing)
 .debug_str     0x00000000000d5014      0x151 src/lib/cube_f429/Drivers/STM32F4xx_HAL_Driver/Src/stm32f4xx_hal_pcd_ex.o
                                      0xce72f (size before relaxing)
 .debug_str     0x00000000000d5165      0x26b src/lib/cube_f429/Drivers/STM32F4xx_HAL_Driver/Src/stm32f4xx_hal_rcc.o
                                      0xce78f (size before relaxing)
 .debug_str     0x00000000000d53d0      0x6b5 src/lib/cube_f429/Drivers/STM32F4xx_HAL_Driver/Src/stm32f4xx_ll_usb.o
                                      0xcec9b (size before relaxing)
 .debug_str     0x00000000000d5a85      0x920 src/lib/cube_f429/Middlewares/ST/STM32_USB_Device_Library/Class/CDC/Src/usbd_cdc.o
                                      0xd426b (size before relaxing)
 .debug_str     0x00000000000d63a5      0x1b4 src/lib/cube_f429/Middlewares/ST/STM32_USB_Device_Library/Core/Src/usbd_core.o
                                      0xd3b45 (size before relaxing)
 .debug_str     0x00000000000d6559      0x164 src/lib/cube_f429/Middlewares/ST/STM32_USB_Device_Library/Core/Src/usbd_ctlreq.o
                                      0xd3b03 (size before relaxing)
 .debug_str     0x00000000000d66bd       0xdb src/lib/cube_f429/Middlewares/ST/STM32_USB_Device_Library/Core/Src/usbd_ioreq.o
                                      0xd3a53 (size before relaxing)
 .debug_str     0x00000000000d6798      0x12a src/lib/cube_f429/USB_DEVICE/App/usb_device.o
                                      0xd3dcf (size before relaxing)
 .debug_str     0x00000000000d68c2       0xac src/lib/cube_f429/USB_DEVICE/App/usbd_cdc_if.o
                                      0xd3e2c (size before relaxing)
 .debug_str     0x00000000000d696e      0x280 src/lib/cube_f429/USB_DEVICE/App/usbd_desc.o
                                      0xd39aa (size before relaxing)
 .debug_str     0x00000000000d6bee      0x166 src/lib/cube_f429/USB_DEVICE/Target/usbd_conf.o
                                      0xd4a0f (size before relaxing)
 .debug_str     0x00000000000d6d54       0x13 src/main.o
                                      0xd3555 (size before relaxing)

.comment        0x0000000000000000       0x53
 .comment       0x0000000000000000       0x53 src/bsp/bsp.o
                                         0x54 (size before relaxing)
 .comment       0x0000000000000053       0x54 src/bsp/stm32f4xx_hal_msp.o
 .comment       0x0000000000000053       0x54 src/bsp/stm32f4xx_it.o
 .comment       0x0000000000000053       0x54 src/bsp/system_stm32f4xx.o
 .comment       0x0000000000000053       0x54 src/hw/led.o
 .comment       0x0000000000000053       0x54 src/lib/cube_f429/Drivers/STM32F4xx_HAL_Driver/Src/stm32f4xx_hal.o
 .comment       0x0000000000000053       0x54 src/lib/cube_f429/Drivers/STM32F4xx_HAL_Driver/Src/stm32f4xx_hal_cortex.o
 .comment       0x0000000000000053       0x54 src/lib/cube_f429/Drivers/STM32F4xx_HAL_Driver/Src/stm32f4xx_hal_gpio.o
 .comment       0x0000000000000053       0x54 src/lib/cube_f429/Drivers/STM32F4xx_HAL_Driver/Src/stm32f4xx_hal_pcd.o
 .comment       0x0000000000000053       0x54 src/lib/cube_f429/Drivers/STM32F4xx_HAL_Driver/Src/stm32f4xx_hal_pcd_ex.o
 .comment       0x0000000000000053       0x54 src/lib/cube_f429/Drivers/STM32F4xx_HAL_Driver/Src/stm32f4xx_hal_rcc.o
 .comment       0x0000000000000053       0x54 src/lib/cube_f429/Drivers/STM32F4xx_HAL_Driver/Src/stm32f4xx_ll_usb.o
 .comment       0x0000000000000053       0x54 src/lib/cube_f429/Middlewares/ST/STM32_USB_Device_Library/Class/CDC/Src/usbd_cdc.o
 .comment       0x0000000000000053       0x54 src/lib/cube_f429/Middlewares/ST/STM32_USB_Device_Library/Core/Src/usbd_core.o
 .comment       0x0000000000000053       0x54 src/lib/cube_f429/Middlewares/ST/STM32_USB_Device_Library/Core/Src/usbd_ctlreq.o
 .comment       0x0000000000000053       0x54 src/lib/cube_f429/Middlewares/ST/STM32_USB_Device_Library/Core/Src/usbd_ioreq.o
 .comment       0x0000000000000053       0x54 src/lib/cube_f429/USB_DEVICE/App/usb_device.o
 .comment       0x0000000000000053       0x54 src/lib/cube_f429/USB_DEVICE/App/usbd_cdc_if.o
 .comment       0x0000000000000053       0x54 src/lib/cube_f429/USB_DEVICE/App/usbd_desc.o
 .comment       0x0000000000000053       0x54 src/lib/cube_f429/USB_DEVICE/Target/usbd_conf.o
 .comment       0x0000000000000053       0x54 src/main.o

.debug_frame    0x0000000000000000     0x2c90
 .debug_frame   0x0000000000000000       0xb4 src/bsp/bsp.o
 .debug_frame   0x00000000000000b4       0x38 src/bsp/stm32f4xx_hal_msp.o
 .debug_frame   0x00000000000000ec      0x120 src/bsp/stm32f4xx_it.o
 .debug_frame   0x000000000000020c       0x58 src/bsp/system_stm32f4xx.o
 .debug_frame   0x0000000000000264       0xa0 src/hw/led.o
 .debug_frame   0x0000000000000304      0x3b4 src/lib/cube_f429/Drivers/STM32F4xx_HAL_Driver/Src/stm32f4xx_hal.o
 .debug_frame   0x00000000000006b8      0x498 src/lib/cube_f429/Drivers/STM32F4xx_HAL_Driver/Src/stm32f4xx_hal_cortex.o
 .debug_frame   0x0000000000000b50      0x14c src/lib/cube_f429/Drivers/STM32F4xx_HAL_Driver/Src/stm32f4xx_hal_gpio.o