Archive member included to satisfy reference by file (symbol)

c:/st/stm32cubeide_1.6.1/stm32cubeide/plugins/com.st.stm32cube.ide.mcu.externaltools.gnu-tools-for-stm32.9-2020-q2-update.win32_1.5.0.202011040924/tools/bin/../lib/gcc/arm-none-eabi/9.3.1/../../../../arm-none-eabi/lib/thumb/v7e-m+fp/hard\libc_nano.a(lib_a-errno.o)
                              src/bsp/syscalls.o (__errno)
c:/st/stm32cubeide_1.6.1/stm32cubeide/plugins/com.st.stm32cube.ide.mcu.externaltools.gnu-tools-for-stm32.9-2020-q2-update.win32_1.5.0.202011040924/tools/bin/../lib/gcc/arm-none-eabi/9.3.1/../../../../arm-none-eabi/lib/thumb/v7e-m+fp/hard\libc_nano.a(lib_a-exit.o)
                              c:/st/stm32cubeide_1.6.1/stm32cubeide/plugins/com.st.stm32cube.ide.mcu.externaltools.gnu-tools-for-stm32.9-2020-q2-update.win32_1.5.0.202011040924/tools/bin/../lib/gcc/arm-none-eabi/9.3.1/../../../../arm-none-eabi/lib/thumb/v7e-m+fp/hard/crt0.o (exit)
c:/st/stm32cubeide_1.6.1/stm32cubeide/plugins/com.st.stm32cube.ide.mcu.externaltools.gnu-tools-for-stm32.9-2020-q2-update.win32_1.5.0.202011040924/tools/bin/../lib/gcc/arm-none-eabi/9.3.1/../../../../arm-none-eabi/lib/thumb/v7e-m+fp/hard\libc_nano.a(lib_a-impure.o)
                              c:/st/stm32cubeide_1.6.1/stm32cubeide/plugins/com.st.stm32cube.ide.mcu.externaltools.gnu-tools-for-stm32.9-2020-q2-update.win32_1.5.0.202011040924/tools/bin/../lib/gcc/arm-none-eabi/9.3.1/../../../../arm-none-eabi/lib/thumb/v7e-m+fp/hard\libc_nano.a(lib_a-exit.o) (_global_impure_ptr)
c:/st/stm32cubeide_1.6.1/stm32cubeide/plugins/com.st.stm32cube.ide.mcu.externaltools.gnu-tools-for-stm32.9-2020-q2-update.win32_1.5.0.202011040924/tools/bin/../lib/gcc/arm-none-eabi/9.3.1/../../../../arm-none-eabi/lib/thumb/v7e-m+fp/hard\libc_nano.a(lib_a-init.o)
                              c:/st/stm32cubeide_1.6.1/stm32cubeide/plugins/com.st.stm32cube.ide.mcu.externaltools.gnu-tools-for-stm32.9-2020-q2-update.win32_1.5.0.202011040924/tools/bin/../lib/gcc/arm-none-eabi/9.3.1/../../../../arm-none-eabi/lib/thumb/v7e-m+fp/hard/crt0.o (__libc_init_array)
c:/st/stm32cubeide_1.6.1/stm32cubeide/plugins/com.st.stm32cube.ide.mcu.externaltools.gnu-tools-for-stm32.9-2020-q2-update.win32_1.5.0.202011040924/tools/bin/../lib/gcc/arm-none-eabi/9.3.1/../../../../arm-none-eabi/lib/thumb/v7e-m+fp/hard\libc_nano.a(lib_a-memset.o)
                              c:/st/stm32cubeide_1.6.1/stm32cubeide/plugins/com.st.stm32cube.ide.mcu.externaltools.gnu-tools-for-stm32.9-2020-q2-update.win32_1.5.0.202011040924/tools/bin/../lib/gcc/arm-none-eabi/9.3.1/../../../../arm-none-eabi/lib/thumb/v7e-m+fp/hard/crt0.o (memset)
c:/st/stm32cubeide_1.6.1/stm32cubeide/plugins/com.st.stm32cube.ide.mcu.externaltools.gnu-tools-for-stm32.9-2020-q2-update.win32_1.5.0.202011040924/tools/bin/../lib/gcc/arm-none-eabi/9.3.1/thumb/v7e-m+fp/hard\libgcc.a(_aeabi_uldivmod.o)
                              src/lib/cube_f429/Drivers/STM32F4xx_HAL_Driver/Src/stm32f4xx_hal_rcc.o (__aeabi_uldivmod)
c:/st/stm32cubeide_1.6.1/stm32cubeide/plugins/com.st.stm32cube.ide.mcu.externaltools.gnu-tools-for-stm32.9-2020-q2-update.win32_1.5.0.202011040924/tools/bin/../lib/gcc/arm-none-eabi/9.3.1/thumb/v7e-m+fp/hard\libgcc.a(_udivmoddi4.o)
                              c:/st/stm32cubeide_1.6.1/stm32cubeide/plugins/com.st.stm32cube.ide.mcu.externaltools.gnu-tools-for-stm32.9-2020-q2-update.win32_1.5.0.202011040924/tools/bin/../lib/gcc/arm-none-eabi/9.3.1/thumb/v7e-m+fp/hard\libgcc.a(_aeabi_uldivmod.o) (__udivmoddi4)
c:/st/stm32cubeide_1.6.1/stm32cubeide/plugins/com.st.stm32cube.ide.mcu.externaltools.gnu-tools-for-stm32.9-2020-q2-update.win32_1.5.0.202011040924/tools/bin/../lib/gcc/arm-none-eabi/9.3.1/thumb/v7e-m+fp/hard\libgcc.a(_dvmd_tls.o)
                              c:/st/stm32cubeide_1.6.1/stm32cubeide/plugins/com.st.stm32cube.ide.mcu.externaltools.gnu-tools-for-stm32.9-2020-q2-update.win32_1.5.0.202011040924/tools/bin/../lib/gcc/arm-none-eabi/9.3.1/thumb/v7e-m+fp/hard\libgcc.a(_aeabi_uldivmod.o) (__aeabi_ldiv0)

Allocating common symbols
Common symbol       size              file

UserRxBufferHS      0x800             src/lib/cube_f429/USB_DEVICE/App/usbd_cdc_if.o
hpcd_USB_OTG_HS     0x408             src/lib/cube_f429/USB_DEVICE/Target/usbd_conf.o
hi2c1               0x54              src/common/i2c.o
uwTick              0x4               src/lib/cube_f429/Drivers/STM32F4xx_HAL_Driver/Src/stm32f4xx_hal.o
pFlash              0x20              src/lib/cube_f429/Drivers/STM32F4xx_HAL_Driver/Src/stm32f4xx_hal_flash.o
hUsbDeviceHS        0x2d0             src/lib/cube_f429/USB_DEVICE/App/usb_device.o
huart1              0x44              src/common/usart.o
UserTxBufferHS      0x800             src/lib/cube_f429/USB_DEVICE/App/usbd_cdc_if.o
USBD_StrDesc        0x200             src/lib/cube_f429/USB_DEVICE/App/usbd_desc.o

Discarded input sections

[...]
Memory Configuration

Name             Origin             Length             Attributes
RAM              0x0000000020000000 0x0000000000030000 xrw
FLASH            0x0000000008000000 0x0000000000200000 xr
*default*        0x0000000000000000 0xffffffffffffffff

Linker script and memory map

LOAD c:/st/stm32cubeide_1.6.1/stm32cubeide/plugins/com.st.stm32cube.ide.mcu.externaltools.gnu-tools-for-stm32.9-2020-q2-update.win32_1.5.0.202011040924/tools/bin/../lib/gcc/arm-none-eabi/9.3.1/thumb/v7e-m+fp/hard/crti.o
LOAD c:/st/stm32cubeide_1.6.1/stm32cubeide/plugins/com.st.stm32cube.ide.mcu.externaltools.gnu-tools-for-stm32.9-2020-q2-update.win32_1.5.0.202011040924/tools/bin/../lib/gcc/arm-none-eabi/9.3.1/thumb/v7e-m+fp/hard/crtbegin.o
LOAD c:/st/stm32cubeide_1.6.1/stm32cubeide/plugins/com.st.stm32cube.ide.mcu.externaltools.gnu-tools-for-stm32.9-2020-q2-update.win32_1.5.0.202011040924/tools/bin/../lib/gcc/arm-none-eabi/9.3.1/../../../../arm-none-eabi/lib/thumb/v7e-m+fp/hard/crt0.o
LOAD src/bsp/bsp.o
LOAD src/bsp/stm32f4xx_hal_msp.o
LOAD src/bsp/stm32f4xx_it.o
LOAD src/bsp/syscalls.o
LOAD src/bsp/sysmem.o
LOAD src/bsp/system_stm32f4xx.o
LOAD src/bsp/startup/startup_stm32f429zitx.o
LOAD src/common/i2c.o
LOAD src/common/usart.o
LOAD src/hw/led.o
LOAD src/lib/cube_f429/Drivers/STM32F4xx_HAL_Driver/Src/stm32f4xx_hal.o
LOAD src/lib/cube_f429/Drivers/STM32F4xx_HAL_Driver/Src/stm32f4xx_hal_cortex.o
LOAD src/lib/cube_f429/Drivers/STM32F4xx_HAL_Driver/Src/stm32f4xx_hal_dma.o
LOAD src/lib/cube_f429/Drivers/STM32F4xx_HAL_Driver/Src/stm32f4xx_hal_dma_ex.o
LOAD src/lib/cube_f429/Drivers/STM32F4xx_HAL_Driver/Src/stm32f4xx_hal_exti.o
LOAD src/lib/cube_f429/Drivers/STM32F4xx_HAL_Driver/Src/stm32f4xx_hal_flash.o
LOAD src/lib/cube_f429/Drivers/STM32F4xx_HAL_Driver/Src/stm32f4xx_hal_flash_ex.o
LOAD src/lib/cube_f429/Drivers/STM32F4xx_HAL_Driver/Src/stm32f4xx_hal_flash_ramfunc.o
LOAD src/lib/cube_f429/Drivers/STM32F4xx_HAL_Driver/Src/stm32f4xx_hal_gpio.o
LOAD src/lib/cube_f429/Drivers/STM32F4xx_HAL_Driver/Src/stm32f4xx_hal_i2c.o
LOAD src/lib/cube_f429/Drivers/STM32F4xx_HAL_Driver/Src/stm32f4xx_hal_i2c_ex.o
LOAD src/lib/cube_f429/Drivers/STM32F4xx_HAL_Driver/Src/stm32f4xx_hal_pcd.o
LOAD src/lib/cube_f429/Drivers/STM32F4xx_HAL_Driver/Src/stm32f4xx_hal_pcd_ex.o
LOAD src/lib/cube_f429/Drivers/STM32F4xx_HAL_Driver/Src/stm32f4xx_hal_pwr.o
LOAD src/lib/cube_f429/Drivers/STM32F4xx_HAL_Driver/Src/stm32f4xx_hal_pwr_ex.o
LOAD src/lib/cube_f429/Drivers/STM32F4xx_HAL_Driver/Src/stm32f4xx_hal_rcc.o
LOAD src/lib/cube_f429/Drivers/STM32F4xx_HAL_Driver/Src/stm32f4xx_hal_rcc_ex.o
LOAD src/lib/cube_f429/Drivers/STM32F4xx_HAL_Driver/Src/stm32f4xx_hal_tim.o
LOAD src/lib/cube_f429/Drivers/STM32F4xx_HAL_Driver/Src/stm32f4xx_hal_tim_ex.o
LOAD src/lib/cube_f429/Drivers/STM32F4xx_HAL_Driver/Src/stm32f4xx_hal_uart.o
LOAD src/lib/cube_f429/Drivers/STM32F4xx_HAL_Driver/Src/stm32f4xx_ll_usb.o
LOAD src/lib/cube_f429/Middlewares/ST/STM32_USB_Device_Library/Class/CDC/Src/usbd_cdc.o
LOAD src/lib/cube_f429/Middlewares/ST/STM32_USB_Device_Library/Core/Src/usbd_core.o
LOAD src/lib/cube_f429/Middlewares/ST/STM32_USB_Device_Library/Core/Src/usbd_ctlreq.o
LOAD src/lib/cube_f429/Middlewares/ST/STM32_USB_Device_Library/Core/Src/usbd_ioreq.o
LOAD src/lib/cube_f429/USB_DEVICE/App/usb_device.o
LOAD src/lib/cube_f429/USB_DEVICE/App/usbd_cdc_if.o
LOAD src/lib/cube_f429/USB_DEVICE/App/usbd_desc.o
LOAD src/lib/cube_f429/USB_DEVICE/Target/usbd_conf.o
LOAD src/main.o
START GROUP
LOAD c:/st/stm32cubeide_1.6.1/stm32cubeide/plugins/com.st.stm32cube.ide.mcu.externaltools.gnu-tools-for-stm32.9-2020-q2-update.win32_1.5.0.202011040924/tools/bin/../lib/gcc/arm-none-eabi/9.3.1/../../../../arm-none-eabi/lib/thumb/v7e-m+fp/hard\libc_nano.a
LOAD c:/st/stm32cubeide_1.6.1/stm32cubeide/plugins/com.st.stm32cube.ide.mcu.externaltools.gnu-tools-for-stm32.9-2020-q2-update.win32_1.5.0.202011040924/tools/bin/../lib/gcc/arm-none-eabi/9.3.1/../../../../arm-none-eabi/lib/thumb/v7e-m+fp/hard\libm.a
END GROUP
START GROUP
LOAD c:/st/stm32cubeide_1.6.1/stm32cubeide/plugins/com.st.stm32cube.ide.mcu.externaltools.gnu-tools-for-stm32.9-2020-q2-update.win32_1.5.0.202011040924/tools/bin/../lib/gcc/arm-none-eabi/9.3.1/thumb/v7e-m+fp/hard\libgcc.a
LOAD c:/st/stm32cubeide_1.6.1/stm32cubeide/plugins/com.st.stm32cube.ide.mcu.externaltools.gnu-tools-for-stm32.9-2020-q2-update.win32_1.5.0.202011040924/tools/bin/../lib/gcc/arm-none-eabi/9.3.1/../../../../arm-none-eabi/lib/thumb/v7e-m+fp/hard\libc_nano.a
END GROUP
START GROUP
LOAD c:/st/stm32cubeide_1.6.1/stm32cubeide/plugins/com.st.stm32cube.ide.mcu.externaltools.gnu-tools-for-stm32.9-2020-q2-update.win32_1.5.0.202011040924/tools/bin/../lib/gcc/arm-none-eabi/9.3.1/thumb/v7e-m+fp/hard\libgcc.a
LOAD c:/st/stm32cubeide_1.6.1/stm32cubeide/plugins/com.st.stm32cube.ide.mcu.externaltools.gnu-tools-for-stm32.9-2020-q2-update.win32_1.5.0.202011040924/tools/bin/../lib/gcc/arm-none-eabi/9.3.1/../../../../arm-none-eabi/lib/thumb/v7e-m+fp/hard\libc_nano.a
LOAD c:/st/stm32cubeide_1.6.1/stm32cubeide/plugins/com.st.stm32cube.ide.mcu.externaltools.gnu-tools-for-stm32.9-2020-q2-update.win32_1.5.0.202011040924/tools/bin/../lib/gcc/arm-none-eabi/9.3.1/../../../../arm-none-eabi/lib/thumb/v7e-m+fp/hard\libnosys.a
END GROUP
START GROUP
LOAD c:/st/stm32cubeide_1.6.1/stm32cubeide/plugins/com.st.stm32cube.ide.mcu.externaltools.gnu-tools-for-stm32.9-2020-q2-update.win32_1.5.0.202011040924/tools/bin/../lib/gcc/arm-none-eabi/9.3.1/thumb/v7e-m+fp/hard\libgcc.a
LOAD c:/st/stm32cubeide_1.6.1/stm32cubeide/plugins/com.st.stm32cube.ide.mcu.externaltools.gnu-tools-for-stm32.9-2020-q2-update.win32_1.5.0.202011040924/tools/bin/../lib/gcc/arm-none-eabi/9.3.1/../../../../arm-none-eabi/lib/thumb/v7e-m+fp/hard\libc_nano.a
LOAD c:/st/stm32cubeide_1.6.1/stm32cubeide/plugins/com.st.stm32cube.ide.mcu.externaltools.gnu-tools-for-stm32.9-2020-q2-update.win32_1.5.0.202011040924/tools/bin/../lib/gcc/arm-none-eabi/9.3.1/../../../../arm-none-eabi/lib/thumb/v7e-m+fp/hard\libnosys.a
END GROUP
LOAD c:/st/stm32cubeide_1.6.1/stm32cubeide/plugins/com.st.stm32cube.ide.mcu.externaltools.gnu-tools-for-stm32.9-2020-q2-update.win32_1.5.0.202011040924/tools/bin/../lib/gcc/arm-none-eabi/9.3.1/thumb/v7e-m+fp/hard/crtend.o
LOAD c:/st/stm32cubeide_1.6.1/stm32cubeide/plugins/com.st.stm32cube.ide.mcu.externaltools.gnu-tools-for-stm32.9-2020-q2-update.win32_1.5.0.202011040924/tools/bin/../lib/gcc/arm-none-eabi/9.3.1/thumb/v7e-m+fp/hard/crtn.o
                0x0000000020030000                _estack = (ORIGIN (RAM) + LENGTH (RAM))
                0x0000000000000200                _Min_Heap_Size = 0x200
                0x0000000000000400                _Min_Stack_Size = 0x400

.isr_vector     0x0000000008000000      0x1ac
                0x0000000008000000                . = ALIGN (0x4)
 *(.isr_vector)
 .isr_vector    0x0000000008000000      0x1ac src/bsp/startup/startup_stm32f429zitx.o
                0x0000000008000000                g_pfnVectors
                0x00000000080001ac                . = ALIGN (0x4)

.text           0x00000000080001ac     0x6328
                0x00000000080001ac                . = ALIGN (0x4)
 *(.text)
 .text          0x00000000080001ac       0x40 c:/st/stm32cubeide_1.6.1/stm32cubeide/plugins/com.st.stm32cube.ide.mcu.externaltools.gnu-tools-for-stm32.9-2020-q2-update.win32_1.5.0.202011040924/tools/bin/../lib/gcc/arm-none-eabi/9.3.1/thumb/v7e-m+fp/hard/crtbegin.o
 .text          0x00000000080001ec       0x30 c:/st/stm32cubeide_1.6.1/stm32cubeide/plugins/com.st.stm32cube.ide.mcu.externaltools.gnu-tools-for-stm32.9-2020-q2-update.win32_1.5.0.202011040924/tools/bin/../lib/gcc/arm-none-eabi/9.3.1/thumb/v7e-m+fp/hard\libgcc.a(_aeabi_uldivmod.o)
                0x00000000080001ec                __aeabi_uldivmod
 .text          0x000000000800021c      0x2c4 c:/st/stm32cubeide_1.6.1/stm32cubeide/plugins/com.st.stm32cube.ide.mcu.externaltools.gnu-tools-for-stm32.9-2020-q2-update.win32_1.5.0.202011040924/tools/bin/../lib/gcc/arm-none-eabi/9.3.1/thumb/v7e-m+fp/hard\libgcc.a(_udivmoddi4.o)
                0x000000000800021c                __udivmoddi4
 .text          0x00000000080004e0        0x4 c:/st/stm32cubeide_1.6.1/stm32cubeide/plugins/com.st.stm32cube.ide.mcu.externaltools.gnu-tools-for-stm32.9-2020-q2-update.win32_1.5.0.202011040924/tools/bin/../lib/gcc/arm-none-eabi/9.3.1/thumb/v7e-m+fp/hard\libgcc.a(_dvmd_tls.o)
                0x00000000080004e0                __aeabi_idiv0
                0x00000000080004e0                __aeabi_ldiv0
 *(.text*)
 .text.bspInit  0x00000000080004e4       0x90 src/bsp/bsp.o
                0x00000000080004e4                bspInit
 .text.delay    0x0000000008000574       0x2a src/bsp/bsp.o
                0x0000000008000574                delay
 *fill*         0x000000000800059e        0x2 
 .text.SystemClock_Config
                0x00000000080005a0       0xd4 src/bsp/bsp.o
                0x00000000080005a0                SystemClock_Config
 .text.Error_Handler
                0x0000000008000674        0xa src/bsp/bsp.o
                0x0000000008000674                Error_Handler
 *fill*         0x000000000800067e        0x2 
 .text.HAL_MspInit
                0x0000000008000680       0x50 src/bsp/stm32f4xx_hal_msp.o
                0x0000000008000680                HAL_MspInit
 .text.NMI_Handler
                0x00000000080006d0        0x6 src/bsp/stm32f4xx_it.o
                0x00000000080006d0                NMI_Handler
 .text.HardFault_Handler
                0x00000000080006d6        0x6 src/bsp/stm32f4xx_it.o
                0x00000000080006d6                HardFault_Handler
 .text.MemManage_Handler
                0x00000000080006dc        0x6 src/bsp/stm32f4xx_it.o
                0x00000000080006dc                MemManage_Handler
 .text.BusFault_Handler
                0x00000000080006e2        0x6 src/bsp/stm32f4xx_it.o
                0x00000000080006e2                BusFault_Handler
 .text.UsageFault_Handler
                0x00000000080006e8        0x6 src/bsp/stm32f4xx_it.o
                0x00000000080006e8                UsageFault_Handler
 .text.SVC_Handler
                0x00000000080006ee        0xe src/bsp/stm32f4xx_it.o
                0x00000000080006ee                SVC_Handler
 .text.DebugMon_Handler
                0x00000000080006fc        0xe src/bsp/stm32f4xx_it.o
                0x00000000080006fc                DebugMon_Handler
 .text.PendSV_Handler
                0x000000000800070a        0xe src/bsp/stm32f4xx_it.o
                0x000000000800070a                PendSV_Handler
 .text.SysTick_Handler
                0x0000000008000718        0xc src/bsp/stm32f4xx_it.o
                0x0000000008000718                SysTick_Handler
 .text.OTG_HS_IRQHandler
                0x0000000008000724       0x14 src/bsp/stm32f4xx_it.o
                0x0000000008000724                OTG_HS_IRQHandler
 .text.SystemInit
                0x0000000008000738       0x24 src/bsp/system_stm32f4xx.o
                0x0000000008000738                SystemInit
 .text.Reset_Handler
                0x000000000800075c       0x50 src/bsp/startup/startup_stm32f429zitx.o
                0x000000000800075c                Reset_Handler
 .text.Default_Handler
                0x00000000080007ac        0x2 src/bsp/startup/startup_stm32f429zitx.o
                0x00000000080007ac                RTC_Alarm_IRQHandler
                0x00000000080007ac                HASH_RNG_IRQHandler
                0x00000000080007ac                EXTI2_IRQHandler
                0x00000000080007ac                TIM8_CC_IRQHandler
                0x00000000080007ac                UART8_IRQHandler
                0x00000000080007ac                SPI4_IRQHandler
                0x00000000080007ac                TIM1_CC_IRQHandler
                0x00000000080007ac                DMA2_Stream5_IRQHandler
                0x00000000080007ac                DMA1_Stream5_IRQHandler
                0x00000000080007ac                PVD_IRQHandler
                0x00000000080007ac                SDIO_IRQHandler
                0x00000000080007ac                TAMP_STAMP_IRQHandler
                0x00000000080007ac                CAN2_RX1_IRQHandler
                0x00000000080007ac                EXTI3_IRQHandler
                0x00000000080007ac                TIM8_TRG_COM_TIM14_IRQHandler
                0x00000000080007ac                TIM1_UP_TIM10_IRQHandler
                0x00000000080007ac                TIM8_UP_TIM13_IRQHandler
                0x00000000080007ac                I2C3_ER_IRQHandler
                0x00000000080007ac                EXTI0_IRQHandler
                0x00000000080007ac                I2C2_EV_IRQHandler
                0x00000000080007ac                DMA1_Stream2_IRQHandler
                0x00000000080007ac                CAN1_RX0_IRQHandler
                0x00000000080007ac                FPU_IRQHandler
                0x00000000080007ac                OTG_HS_WKUP_IRQHandler
                0x00000000080007ac                LTDC_ER_IRQHandler
                0x00000000080007ac                CAN2_SCE_IRQHandler
                0x00000000080007ac                DMA2_Stream2_IRQHandler
                0x00000000080007ac                SPI1_IRQHandler
                0x00000000080007ac                TIM6_DAC_IRQHandler
                0x00000000080007ac                TIM1_BRK_TIM9_IRQHandler
                0x00000000080007ac                DCMI_IRQHandler
                0x00000000080007ac                CAN2_RX0_IRQHandler
                0x00000000080007ac                DMA2_Stream3_IRQHandler
                0x00000000080007ac                USART6_IRQHandler
                0x00000000080007ac                USART3_IRQHandler
                0x00000000080007ac                CAN1_RX1_IRQHandler
                0x00000000080007ac                UART5_IRQHandler
                0x00000000080007ac                DMA2_Stream0_IRQHandler
                0x00000000080007ac                TIM4_IRQHandler
                0x00000000080007ac                I2C1_EV_IRQHandler
                0x00000000080007ac                DMA1_Stream6_IRQHandler
                0x00000000080007ac                DMA1_Stream1_IRQHandler
                0x00000000080007ac                UART4_IRQHandler
                0x00000000080007ac                TIM3_IRQHandler
                0x00000000080007ac                RCC_IRQHandler
                0x00000000080007ac                TIM8_BRK_TIM12_IRQHandler
                0x00000000080007ac                Default_Handler
                0x00000000080007ac                EXTI15_10_IRQHandler
                0x00000000080007ac                ADC_IRQHandler
                0x00000000080007ac                DMA1_Stream7_IRQHandler
                0x00000000080007ac                SPI5_IRQHandler
                0x00000000080007ac                TIM7_IRQHandler
                0x00000000080007ac                CAN2_TX_IRQHandler
                0x00000000080007ac                TIM5_IRQHandler
                0x00000000080007ac                DMA2_Stream7_IRQHandler
                0x00000000080007ac                I2C3_EV_IRQHandler
                0x00000000080007ac                EXTI9_5_IRQHandler
                0x00000000080007ac                RTC_WKUP_IRQHandler
                0x00000000080007ac                LTDC_IRQHandler
                0x00000000080007ac                ETH_WKUP_IRQHandler
                0x00000000080007ac                SPI2_IRQHandler
                0x00000000080007ac                OTG_HS_EP1_IN_IRQHandler
                0x00000000080007ac                DMA1_Stream0_IRQHandler
                0x00000000080007ac                CAN1_TX_IRQHandler
                0x00000000080007ac                EXTI4_IRQHandler
                0x00000000080007ac                ETH_IRQHandler
                0x00000000080007ac                OTG_HS_EP1_OUT_IRQHandler
                0x00000000080007ac                WWDG_IRQHandler
                0x00000000080007ac                SPI6_IRQHandler
                0x00000000080007ac                TIM2_IRQHandler
                0x00000000080007ac                OTG_FS_WKUP_IRQHandler
                0x00000000080007ac                TIM1_TRG_COM_TIM11_IRQHandler
                0x00000000080007ac                DMA2D_IRQHandler
                0x00000000080007ac                EXTI1_IRQHandler
                0x00000000080007ac                UART7_IRQHandler
                0x00000000080007ac                USART2_IRQHandler
                0x00000000080007ac                I2C2_ER_IRQHandler
                0x00000000080007ac                DMA2_Stream1_IRQHandler
                0x00000000080007ac                CAN1_SCE_IRQHandler
                0x00000000080007ac                FLASH_IRQHandler
                0x00000000080007ac                DMA2_Stream4_IRQHandler
                0x00000000080007ac                USART1_IRQHandler
                0x00000000080007ac                OTG_FS_IRQHandler
                0x00000000080007ac                SPI3_IRQHandler
                0x00000000080007ac                DMA1_Stream4_IRQHandler
                0x00000000080007ac                I2C1_ER_IRQHandler
                0x00000000080007ac                FMC_IRQHandler
                0x00000000080007ac                DMA2_Stream6_IRQHandler
                0x00000000080007ac                SAI1_IRQHandler
                0x00000000080007ac                DMA1_Stream3_IRQHandler
 *fill*         0x00000000080007ae        0x2 
 .text.HAL_Init
                0x00000000080007b0       0x44 src/lib/cube_f429/Drivers/STM32F4xx_HAL_Driver/Src/stm32f4xx_hal.o
                0x00000000080007b0                HAL_Init
 .text.HAL_InitTick
                0x00000000080007f4       0x60 src/lib/cube_f429/Drivers/STM32F4xx_HAL_Driver/Src/stm32f4xx_hal.o
                0x00000000080007f4                HAL_InitTick
 .text.HAL_IncTick
                0x0000000008000854       0x28 src/lib/cube_f429/Drivers/STM32F4xx_HAL_Driver/Src/stm32f4xx_hal.o
                0x0000000008000854                HAL_IncTick
 .text.HAL_GetTick
                0x000000000800087c       0x18 src/lib/cube_f429/Drivers/STM32F4xx_HAL_Driver/Src/stm32f4xx_hal.o
                0x000000000800087c                HAL_GetTick
 .text.HAL_Delay
                0x0000000008000894       0x48 src/lib/cube_f429/Drivers/STM32F4xx_HAL_Driver/Src/stm32f4xx_hal.o
                0x0000000008000894                HAL_Delay
 .text.__NVIC_SetPriorityGrouping
                0x00000000080008dc       0x48 src/lib/cube_f429/Drivers/STM32F4xx_HAL_Driver/Src/stm32f4xx_hal_cortex.o
 .text.__NVIC_GetPriorityGrouping
                0x0000000008000924       0x1c src/lib/cube_f429/Drivers/STM32F4xx_HAL_Driver/Src/stm32f4xx_hal_cortex.o
 .text.__NVIC_EnableIRQ
                0x0000000008000940       0x3c src/lib/cube_f429/Drivers/STM32F4xx_HAL_Driver/Src/stm32f4xx_hal_cortex.o
 .text.__NVIC_SetPriority
                0x000000000800097c       0x54 src/lib/cube_f429/Drivers/STM32F4xx_HAL_Driver/Src/stm32f4xx_hal_cortex.o
 .text.NVIC_EncodePriority
                0x00000000080009d0       0x66 src/lib/cube_f429/Drivers/STM32F4xx_HAL_Driver/Src/stm32f4xx_hal_cortex.o
 *fill*         0x0000000008000a36        0x2 
 .text.SysTick_Config
                0x0000000008000a38       0x44 src/lib/cube_f429/Drivers/STM32F4xx_HAL_Driver/Src/stm32f4xx_hal_cortex.o
 .text.HAL_NVIC_SetPriorityGrouping
                0x0000000008000a7c       0x16 src/lib/cube_f429/Drivers/STM32F4xx_HAL_Driver/Src/stm32f4xx_hal_cortex.o
                0x0000000008000a7c                HAL_NVIC_SetPriorityGrouping
 .text.HAL_NVIC_SetPriority
                0x0000000008000a92       0x38 src/lib/cube_f429/Drivers/STM32F4xx_HAL_Driver/Src/stm32f4xx_hal_cortex.o
                0x0000000008000a92                HAL_NVIC_SetPriority
 .text.HAL_NVIC_EnableIRQ
                0x0000000008000aca       0x1c src/lib/cube_f429/Drivers/STM32F4xx_HAL_Driver/Src/stm32f4xx_hal_cortex.o
                0x0000000008000aca                HAL_NVIC_EnableIRQ
 .text.HAL_SYSTICK_Config
                0x0000000008000ae6       0x18 src/lib/cube_f429/Drivers/STM32F4xx_HAL_Driver/Src/stm32f4xx_hal_cortex.o
                0x0000000008000ae6                HAL_SYSTICK_Config
 *fill*         0x0000000008000afe        0x2 
 .text.HAL_GPIO_Init
                0x0000000008000b00      0x358 src/lib/cube_f429/Drivers/STM32F4xx_HAL_Driver/Src/stm32f4xx_hal_gpio.o
                0x0000000008000b00                HAL_GPIO_Init
 .text.HAL_PCD_Init
                0x0000000008000e58      0x23a src/lib/cube_f429/Drivers/STM32F4xx_HAL_Driver/Src/stm32f4xx_hal_pcd.o
                0x0000000008000e58                HAL_PCD_Init
 .text.HAL_PCD_Start
                0x0000000008001092       0x66 src/lib/cube_f429/Drivers/STM32F4xx_HAL_Driver/Src/stm32f4xx_hal_pcd.o
                0x0000000008001092                HAL_PCD_Start
 .text.HAL_PCD_IRQHandler
                0x00000000080010f8      0x764 src/lib/cube_f429/Drivers/STM32F4xx_HAL_Driver/Src/stm32f4xx_hal_pcd.o
                0x00000000080010f8                HAL_PCD_IRQHandler
 .text.HAL_PCD_SetAddress
                0x000000000800185c       0x4a src/lib/cube_f429/Drivers/STM32F4xx_HAL_Driver/Src/stm32f4xx_hal_pcd.o
                0x000000000800185c                HAL_PCD_SetAddress
 .text.HAL_PCD_EP_Open
                0x00000000080018a6       0xd0 src/lib/cube_f429/Drivers/STM32F4xx_HAL_Driver/Src/stm32f4xx_hal_pcd.o
                0x00000000080018a6                HAL_PCD_EP_Open
 .text.HAL_PCD_EP_Close
                0x0000000008001976       0x94 src/lib/cube_f429/Drivers/STM32F4xx_HAL_Driver/Src/stm32f4xx_hal_pcd.o
                0x0000000008001976                HAL_PCD_EP_Close
 .text.HAL_PCD_EP_Receive
                0x0000000008001a0a       0x96 src/lib/cube_f429/Drivers/STM32F4xx_HAL_Driver/Src/stm32f4xx_hal_pcd.o
                0x0000000008001a0a                HAL_PCD_EP_Receive
 .text.HAL_PCD_EP_GetRxCount
                0x0000000008001aa0       0x30 src/lib/cube_f429/Drivers/STM32F4xx_HAL_Driver/Src/stm32f4xx_hal_pcd.o
                0x0000000008001aa0                HAL_PCD_EP_GetRxCount
 .text.HAL_PCD_EP_Transmit
                0x0000000008001ad0       0x94 src/lib/cube_f429/Drivers/STM32F4xx_HAL_Driver/Src/stm32f4xx_hal_pcd.o
                0x0000000008001ad0                HAL_PCD_EP_Transmit
 .text.HAL_PCD_EP_SetStall
                0x0000000008001b64       0xc8 src/lib/cube_f429/Drivers/STM32F4xx_HAL_Driver/Src/stm32f4xx_hal_pcd.o
                0x0000000008001b64                HAL_PCD_EP_SetStall
 .text.HAL_PCD_EP_ClrStall
                0x0000000008001c2c       0xac src/lib/cube_f429/Drivers/STM32F4xx_HAL_Driver/Src/stm32f4xx_hal_pcd.o
                0x0000000008001c2c                HAL_PCD_EP_ClrStall
 .text.PCD_WriteEmptyTxFifo
                0x0000000008001cd8      0x11a src/lib/cube_f429/Drivers/STM32F4xx_HAL_Driver/Src/stm32f4xx_hal_pcd.o
 *fill*         0x0000000008001df2        0x2 
 .text.PCD_EP_OutXfrComplete_int
                0x0000000008001df4      0x218 src/lib/cube_f429/Drivers/STM32F4xx_HAL_Driver/Src/stm32f4xx_hal_pcd.o
 .text.PCD_EP_OutSetupPacket_int
                0x000000000800200c       0x8c src/lib/cube_f429/Drivers/STM32F4xx_HAL_Driver/Src/stm32f4xx_hal_pcd.o
 .text.HAL_PCDEx_SetTxFiFo
                0x0000000008002098       0x8e src/lib/cube_f429/Drivers/STM32F4xx_HAL_Driver/Src/stm32f4xx_hal_pcd_ex.o
                0x0000000008002098                HAL_PCDEx_SetTxFiFo
 .text.HAL_PCDEx_SetRxFiFo
                0x0000000008002126       0x22 src/lib/cube_f429/Drivers/STM32F4xx_HAL_Driver/Src/stm32f4xx_hal_pcd_ex.o
                0x0000000008002126                HAL_PCDEx_SetRxFiFo
 .text.HAL_PCDEx_LPM_Callback
                0x0000000008002148       0x18 src/lib/cube_f429/Drivers/STM32F4xx_HAL_Driver/Src/stm32f4xx_hal_pcd_ex.o
                0x0000000008002148                HAL_PCDEx_LPM_Callback
 .text.HAL_RCC_OscConfig
                0x0000000008002160      0x4f0 src/lib/cube_f429/Drivers/STM32F4xx_HAL_Driver/Src/stm32f4xx_hal_rcc.o
                0x0000000008002160                HAL_RCC_OscConfig
 .text.HAL_RCC_ClockConfig
                0x0000000008002650      0x1cc src/lib/cube_f429/Drivers/STM32F4xx_HAL_Driver/Src/stm32f4xx_hal_rcc.o
                0x0000000008002650                HAL_RCC_ClockConfig
 .text.HAL_RCC_GetSysClockFreq
                0x000000000800281c      0x1c4 src/lib/cube_f429/Drivers/STM32F4xx_HAL_Driver/Src/stm32f4xx_hal_rcc.o
                0x000000000800281c                HAL_RCC_GetSysClockFreq
 .text.HAL_RCC_GetHCLKFreq
                0x00000000080029e0       0x18 src/lib/cube_f429/Drivers/STM32F4xx_HAL_Driver/Src/stm32f4xx_hal_rcc.o
                0x00000000080029e0                HAL_RCC_GetHCLKFreq
 .text.USB_CoreInit
                0x00000000080029f8       0xc2 src/lib/cube_f429/Drivers/STM32F4xx_HAL_Driver/Src/stm32f4xx_ll_usb.o
                0x00000000080029f8                USB_CoreInit
 *fill*         0x0000000008002aba        0x2 
 .text.USB_SetTurnaroundTime
                0x0000000008002abc      0x144 src/lib/cube_f429/Drivers/STM32F4xx_HAL_Driver/Src/stm32f4xx_ll_usb.o
                0x0000000008002abc                USB_SetTurnaroundTime
 .text.USB_EnableGlobalInt
                0x0000000008002c00       0x22 src/lib/cube_f429/Drivers/STM32F4xx_HAL_Driver/Src/stm32f4xx_ll_usb.o
                0x0000000008002c00                USB_EnableGlobalInt
 .text.USB_DisableGlobalInt
                0x0000000008002c22       0x22 src/lib/cube_f429/Drivers/STM32F4xx_HAL_Driver/Src/stm32f4xx_ll_usb.o
                0x0000000008002c22                USB_DisableGlobalInt
 .text.USB_SetCurrentMode
                0x0000000008002c44       0x98 src/lib/cube_f429/Drivers/STM32F4xx_HAL_Driver/Src/stm32f4xx_ll_usb.o
                0x0000000008002c44                USB_SetCurrentMode
 .text.USB_DevInit
                0x0000000008002cdc      0x2c8 src/lib/cube_f429/Drivers/STM32F4xx_HAL_Driver/Src/stm32f4xx_ll_usb.o
                0x0000000008002cdc                USB_DevInit
 .text.USB_FlushTxFifo
                0x0000000008002fa4       0x48 src/lib/cube_f429/Drivers/STM32F4xx_HAL_Driver/Src/stm32f4xx_ll_usb.o
                0x0000000008002fa4                USB_FlushTxFifo
 .text.USB_FlushRxFifo
                0x0000000008002fec       0x40 src/lib/cube_f429/Drivers/STM32F4xx_HAL_Driver/Src/stm32f4xx_ll_usb.o
                0x0000000008002fec                USB_FlushRxFifo
 .text.USB_SetDevSpeed
                0x000000000800302c       0x32 src/lib/cube_f429/Drivers/STM32F4xx_HAL_Driver/Src/stm32f4xx_ll_usb.o
                0x000000000800302c                USB_SetDevSpeed
 .text.USB_GetDevSpeed
                0x000000000800305e       0x4a src/lib/cube_f429/Drivers/STM32F4xx_HAL_Driver/Src/stm32f4xx_ll_usb.o
                0x000000000800305e                USB_GetDevSpeed
 .text.USB_ActivateEndpoint
                0x00000000080030a8      0x10e src/lib/cube_f429/Drivers/STM32F4xx_HAL_Driver/Src/stm32f4xx_ll_usb.o
                0x00000000080030a8                USB_ActivateEndpoint
 *fill*         0x00000000080031b6        0x2 
 .text.USB_DeactivateEndpoint
                0x00000000080031b8      0x1b8 src/lib/cube_f429/Drivers/STM32F4xx_HAL_Driver/Src/stm32f4xx_ll_usb.o
                0x00000000080031b8                USB_DeactivateEndpoint
 .text.USB_EPStartXfer
                0x0000000008003370      0x488 src/lib/cube_f429/Drivers/STM32F4xx_HAL_Driver/Src/stm32f4xx_ll_usb.o
                0x0000000008003370                USB_EPStartXfer
 .text.USB_EP0StartXfer
                0x00000000080037f8      0x2a6 src/lib/cube_f429/Drivers/STM32F4xx_HAL_Driver/Src/stm32f4xx_ll_usb.o
                0x00000000080037f8                USB_EP0StartXfer
 .text.USB_WritePacket
                0x0000000008003a9e       0x7c src/lib/cube_f429/Drivers/STM32F4xx_HAL_Driver/Src/stm32f4xx_ll_usb.o
                0x0000000008003a9e                USB_WritePacket
 .text.USB_ReadPacket
                0x0000000008003b1a       0xb0 src/lib/cube_f429/Drivers/STM32F4xx_HAL_Driver/Src/stm32f4xx_ll_usb.o
                0x0000000008003b1a                USB_ReadPacket
 .text.USB_EPSetStall
                0x0000000008003bca       0xdc src/lib/cube_f429/Drivers/STM32F4xx_HAL_Driver/Src/stm32f4xx_ll_usb.o
                0x0000000008003bca                USB_EPSetStall
 .text.USB_EPClearStall
                0x0000000008003ca6       0xcc src/lib/cube_f429/Drivers/STM32F4xx_HAL_Driver/Src/stm32f4xx_ll_usb.o
                0x0000000008003ca6                USB_EPClearStall
 .text.USB_SetDevAddress
                0x0000000008003d72       0x4c src/lib/cube_f429/Drivers/STM32F4xx_HAL_Driver/Src/stm32f4xx_ll_usb.o
                0x0000000008003d72                USB_SetDevAddress
 .text.USB_DevConnect
                0x0000000008003dbe       0x42 src/lib/cube_f429/Drivers/STM32F4xx_HAL_Driver/Src/stm32f4xx_ll_usb.o
                0x0000000008003dbe                USB_DevConnect
 .text.USB_DevDisconnect
                0x0000000008003e00       0x42 src/lib/cube_f429/Drivers/STM32F4xx_HAL_Driver/Src/stm32f4xx_ll_usb.o
                0x0000000008003e00                USB_DevDisconnect
 .text.USB_ReadInterrupts
                0x0000000008003e42       0x26 src/lib/cube_f429/Drivers/STM32F4xx_HAL_Driver/Src/stm32f4xx_ll_usb.o
                0x0000000008003e42                USB_ReadInterrupts
 .text.USB_ReadDevAllOutEpInterrupt
                0x0000000008003e68       0x34 src/lib/cube_f429/Drivers/STM32F4xx_HAL_Driver/Src/stm32f4xx_ll_usb.o
                0x0000000008003e68                USB_ReadDevAllOutEpInterrupt
 .text.USB_ReadDevAllInEpInterrupt
                0x0000000008003e9c       0x34 src/lib/cube_f429/Drivers/STM32F4xx_HAL_Driver/Src/stm32f4xx_ll_usb.o
                0x0000000008003e9c                USB_ReadDevAllInEpInterrupt
 .text.USB_ReadDevOutEPInterrupt
                0x0000000008003ed0       0x3c src/lib/cube_f429/Drivers/STM32F4xx_HAL_Driver/Src/stm32f4xx_ll_usb.o
                0x0000000008003ed0                USB_ReadDevOutEPInterrupt
 .text.USB_ReadDevInEPInterrupt
                0x0000000008003f0c       0x5c src/lib/cube_f429/Drivers/STM32F4xx_HAL_Driver/Src/stm32f4xx_ll_usb.o
                0x0000000008003f0c                USB_ReadDevInEPInterrupt
 .text.USB_GetMode
                0x0000000008003f68       0x1c src/lib/cube_f429/Drivers/STM32F4xx_HAL_Driver/Src/stm32f4xx_ll_usb.o
                0x0000000008003f68                USB_GetMode
 .text.USB_ActivateSetup
                0x0000000008003f84       0x46 src/lib/cube_f429/Drivers/STM32F4xx_HAL_Driver/Src/stm32f4xx_ll_usb.o
                0x0000000008003f84                USB_ActivateSetup
 *fill*         0x0000000008003fca        0x2 
 .text.USB_EP0_OutStart
                0x0000000008003fcc       0xbc src/lib/cube_f429/Drivers/STM32F4xx_HAL_Driver/Src/stm32f4xx_ll_usb.o
                0x0000000008003fcc                USB_EP0_OutStart
 .text.USB_CoreReset
                0x0000000008004088       0x64 src/lib/cube_f429/Drivers/STM32F4xx_HAL_Driver/Src/stm32f4xx_ll_usb.o
 .text.USBD_CDC_Init
                0x00000000080040ec       0xfe src/lib/cube_f429/Middlewares/ST/STM32_USB_Device_Library/Class/CDC/Src/usbd_cdc.o
 .text.USBD_CDC_DeInit
                0x00000000080041ea       0x74 src/lib/cube_f429/Middlewares/ST/STM32_USB_Device_Library/Class/CDC/Src/usbd_cdc.o
 *fill*         0x000000000800425e        0x2 
 .text.USBD_CDC_Setup
                0x0000000008004260      0x190 src/lib/cube_f429/Middlewares/ST/STM32_USB_Device_Library/Class/CDC/Src/usbd_cdc.o
 .text.USBD_CDC_DataIn
                0x00000000080043f0       0xca src/lib/cube_f429/Middlewares/ST/STM32_USB_Device_Library/Class/CDC/Src/usbd_cdc.o
 .text.USBD_CDC_DataOut
                0x00000000080044ba       0x56 src/lib/cube_f429/Middlewares/ST/STM32_USB_Device_Library/Class/CDC/Src/usbd_cdc.o
 .text.USBD_CDC_EP0_RxReady
                0x0000000008004510       0x5a src/lib/cube_f429/Middlewares/ST/STM32_USB_Device_Library/Class/CDC/Src/usbd_cdc.o
 *fill*         0x000000000800456a        0x2 
 .text.USBD_CDC_GetFSCfgDesc
                0x000000000800456c       0x20 src/lib/cube_f429/Middlewares/ST/STM32_USB_Device_Library/Class/CDC/Src/usbd_cdc.o
 .text.USBD_CDC_GetHSCfgDesc
                0x000000000800458c       0x20 src/lib/cube_f429/Middlewares/ST/STM32_USB_Device_Library/Class/CDC/Src/usbd_cdc.o
 .text.USBD_CDC_GetOtherSpeedCfgDesc
                0x00000000080045ac       0x20 src/lib/cube_f429/Middlewares/ST/STM32_USB_Device_Library/Class/CDC/Src/usbd_cdc.o
 .text.USBD_CDC_GetDeviceQualifierDescriptor
                0x00000000080045cc       0x20 src/lib/cube_f429/Middlewares/ST/STM32_USB_Device_Library/Class/CDC/Src/usbd_cdc.o
                0x00000000080045cc                USBD_CDC_GetDeviceQualifierDescriptor
 .text.USBD_CDC_RegisterInterface
                0x00000000080045ec       0x2a src/lib/cube_f429/Middlewares/ST/STM32_USB_Device_Library/Class/CDC/Src/usbd_cdc.o
                0x00000000080045ec                USBD_CDC_RegisterInterface
 .text.USBD_CDC_SetTxBuffer
                0x0000000008004616       0x3c src/lib/cube_f429/Middlewares/ST/STM32_USB_Device_Library/Class/CDC/Src/usbd_cdc.o
                0x0000000008004616                USBD_CDC_SetTxBuffer
 .text.USBD_CDC_SetRxBuffer
                0x0000000008004652       0x32 src/lib/cube_f429/Middlewares/ST/STM32_USB_Device_Library/Class/CDC/Src/usbd_cdc.o
                0x0000000008004652                USBD_CDC_SetRxBuffer
 .text.USBD_CDC_TransmitPacket
                0x0000000008004684       0x60 src/lib/cube_f429/Middlewares/ST/STM32_USB_Device_Library/Class/CDC/Src/usbd_cdc.o
                0x0000000008004684                USBD_CDC_TransmitPacket
 .text.USBD_CDC_ReceivePacket
                0x00000000080046e4       0x54 src/lib/cube_f429/Middlewares/ST/STM32_USB_Device_Library/Class/CDC/Src/usbd_cdc.o
                0x00000000080046e4                USBD_CDC_ReceivePacket
 .text.USBD_Init
                0x0000000008004738       0x60 src/lib/cube_f429/Middlewares/ST/STM32_USB_Device_Library/Core/Src/usbd_core.o
                0x0000000008004738                USBD_Init
 .text.USBD_RegisterClass
                0x0000000008004798       0x4e src/lib/cube_f429/Middlewares/ST/STM32_USB_Device_Library/Core/Src/usbd_core.o
                0x0000000008004798                USBD_RegisterClass
 .text.USBD_Start
                0x00000000080047e6       0x18 src/lib/cube_f429/Middlewares/ST/STM32_USB_Device_Library/Core/Src/usbd_core.o
                0x00000000080047e6                USBD_Start
 .text.USBD_RunTestMode
                0x00000000080047fe       0x16 src/lib/cube_f429/Middlewares/ST/STM32_USB_Device_Library/Core/Src/usbd_core.o
                0x00000000080047fe                USBD_RunTestMode
 .text.USBD_SetClassConfig
                0x0000000008004814       0x38 src/lib/cube_f429/Middlewares/ST/STM32_USB_Device_Library/Core/Src/usbd_core.o
                0x0000000008004814                USBD_SetClassConfig
 .text.USBD_ClrClassConfig
                0x000000000800484c       0x30 src/lib/cube_f429/Middlewares/ST/STM32_USB_Device_Library/Core/Src/usbd_core.o
                0x000000000800484c                USBD_ClrClassConfig
 .text.USBD_LL_SetupStage
                0x000000000800487c       0xaa src/lib/cube_f429/Middlewares/ST/STM32_USB_Device_Library/Core/Src/usbd_core.o
                0x000000000800487c                USBD_LL_SetupStage
 .text.USBD_LL_DataOutStage
                0x0000000008004926       0xc6 src/lib/cube_f429/Middlewares/ST/STM32_USB_Device_Library/Core/Src/usbd_core.o
                0x0000000008004926                USBD_LL_DataOutStage
 .text.USBD_LL_DataInStage
                0x00000000080049ec      0x12c src/lib/cube_f429/Middlewares/ST/STM32_USB_Device_Library/Core/Src/usbd_core.o
                0x00000000080049ec                USBD_LL_DataInStage
 .text.USBD_LL_Reset
                0x0000000008004b18       0x9c src/lib/cube_f429/Middlewares/ST/STM32_USB_Device_Library/Core/Src/usbd_core.o
                0x0000000008004b18                USBD_LL_Reset
 .text.USBD_LL_SetSpeed
                0x0000000008004bb4       0x20 src/lib/cube_f429/Middlewares/ST/STM32_USB_Device_Library/Core/Src/usbd_core.o
                0x0000000008004bb4                USBD_LL_SetSpeed
 .text.USBD_LL_Suspend
                0x0000000008004bd4       0x2c src/lib/cube_f429/Middlewares/ST/STM32_USB_Device_Library/Core/Src/usbd_core.o
                0x0000000008004bd4                USBD_LL_Suspend
 .text.USBD_LL_Resume
                0x0000000008004c00       0x30 src/lib/cube_f429/Middlewares/ST/STM32_USB_Device_Library/Core/Src/usbd_core.o
                0x0000000008004c00                USBD_LL_Resume
 .text.USBD_LL_SOF
                0x0000000008004c30       0x44 src/lib/cube_f429/Middlewares/ST/STM32_USB_Device_Library/Core/Src/usbd_core.o
                0x0000000008004c30                USBD_LL_SOF
 .text.USBD_LL_IsoINIncomplete
                0x0000000008004c74       0x4c src/lib/cube_f429/Middlewares/ST/STM32_USB_Device_Library/Core/Src/usbd_core.o
                0x0000000008004c74                USBD_LL_IsoINIncomplete
 .text.USBD_LL_IsoOUTIncomplete
                0x0000000008004cc0       0x4c src/lib/cube_f429/Middlewares/ST/STM32_USB_Device_Library/Core/Src/usbd_core.o
                0x0000000008004cc0                USBD_LL_IsoOUTIncomplete
 .text.USBD_LL_DevConnected
                0x0000000008004d0c       0x16 src/lib/cube_f429/Middlewares/ST/STM32_USB_Device_Library/Core/Src/usbd_core.o
                0x0000000008004d0c                USBD_LL_DevConnected
 .text.USBD_LL_DevDisconnected
                0x0000000008004d22       0x38 src/lib/cube_f429/Middlewares/ST/STM32_USB_Device_Library/Core/Src/usbd_core.o
                0x0000000008004d22                USBD_LL_DevDisconnected
 .text.SWAPBYTE
                0x0000000008004d5a       0x3c src/lib/cube_f429/Middlewares/ST/STM32_USB_Device_Library/Core/Src/usbd_ctlreq.o
 *fill*         0x0000000008004d96        0x2 
 .text.USBD_StdDevReq
                0x0000000008004d98       0xdc src/lib/cube_f429/Middlewares/ST/STM32_USB_Device_Library/Core/Src/usbd_ctlreq.o
                0x0000000008004d98                USBD_StdDevReq
 .text.USBD_StdItfReq
                0x0000000008004e74       0x92 src/lib/cube_f429/Middlewares/ST/STM32_USB_Device_Library/Core/Src/usbd_ctlreq.o
                0x0000000008004e74                USBD_StdItfReq
 .text.USBD_StdEPReq
                0x0000000008004f06      0x2c4 src/lib/cube_f429/Middlewares/ST/STM32_USB_Device_Library/Core/Src/usbd_ctlreq.o
                0x0000000008004f06                USBD_StdEPReq
 *fill*         0x00000000080051ca        0x2 
 .text.USBD_GetDescriptor
                0x00000000080051cc      0x2d4 src/lib/cube_f429/Middlewares/ST/STM32_USB_Device_Library/Core/Src/usbd_ctlreq.o
 .text.USBD_SetAddress
                0x00000000080054a0       0x88 src/lib/cube_f429/Middlewares/ST/STM32_USB_Device_Library/Core/Src/usbd_ctlreq.o
 .text.USBD_SetConfig
                0x0000000008005528      0x14c src/lib/cube_f429/Middlewares/ST/STM32_USB_Device_Library/Core/Src/usbd_ctlreq.o
 .text.USBD_GetConfig
                0x0000000008005674       0x6c src/lib/cube_f429/Middlewares/ST/STM32_USB_Device_Library/Core/Src/usbd_ctlreq.o
 .text.USBD_GetStatus
                0x00000000080056e0       0x68 src/lib/cube_f429/Middlewares/ST/STM32_USB_Device_Library/Core/Src/usbd_ctlreq.o
 .text.USBD_SetFeature
                0x0000000008005748       0x28 src/lib/cube_f429/Middlewares/ST/STM32_USB_Device_Library/Core/Src/usbd_ctlreq.o
 .text.USBD_ClrFeature
                0x0000000008005770       0x44 src/lib/cube_f429/Middlewares/ST/STM32_USB_Device_Library/Core/Src/usbd_ctlreq.o
 .text.USBD_ParseSetupRequest
                0x00000000080057b4       0x74 src/lib/cube_f429/Middlewares/ST/STM32_USB_Device_Library/Core/Src/usbd_ctlreq.o
                0x00000000080057b4                USBD_ParseSetupRequest
 .text.USBD_CtlError
                0x0000000008005828       0x22 src/lib/cube_f429/Middlewares/ST/STM32_USB_Device_Library/Core/Src/usbd_ctlreq.o
                0x0000000008005828                USBD_CtlError
 .text.USBD_GetString
                0x000000000800584a       0x8c src/lib/cube_f429/Middlewares/ST/STM32_USB_Device_Library/Core/Src/usbd_ctlreq.o
                0x000000000800584a                USBD_GetString
 .text.USBD_GetLen
                0x00000000080058d6       0x34 src/lib/cube_f429/Middlewares/ST/STM32_USB_Device_Library/Core/Src/usbd_ctlreq.o
 .text.USBD_CtlSendData
                0x000000000800590a       0x36 src/lib/cube_f429/Middlewares/ST/STM32_USB_Device_Library/Core/Src/usbd_ioreq.o
                0x000000000800590a                USBD_CtlSendData
 .text.USBD_CtlContinueSendData
                0x0000000008005940       0x22 src/lib/cube_f429/Middlewares/ST/STM32_USB_Device_Library/Core/Src/usbd_ioreq.o
                0x0000000008005940                USBD_CtlContinueSendData
 .text.USBD_CtlPrepareRx
                0x0000000008005962       0x3a src/lib/cube_f429/Middlewares/ST/STM32_USB_Device_Library/Core/Src/usbd_ioreq.o
                0x0000000008005962                USBD_CtlPrepareRx
 .text.USBD_CtlContinueRx
                0x000000000800599c       0x22 src/lib/cube_f429/Middlewares/ST/STM32_USB_Device_Library/Core/Src/usbd_ioreq.o
                0x000000000800599c                USBD_CtlContinueRx
 .text.USBD_CtlSendStatus
                0x00000000080059be       0x26 src/lib/cube_f429/Middlewares/ST/STM32_USB_Device_Library/Core/Src/usbd_ioreq.o
                0x00000000080059be                USBD_CtlSendStatus
 .text.USBD_CtlReceiveStatus
                0x00000000080059e4       0x26 src/lib/cube_f429/Middlewares/ST/STM32_USB_Device_Library/Core/Src/usbd_ioreq.o
                0x00000000080059e4                USBD_CtlReceiveStatus
 *fill*         0x0000000008005a0a        0x2 
 .text.MX_USB_DEVICE_Init
                0x0000000008005a0c       0x60 src/lib/cube_f429/USB_DEVICE/App/usb_device.o
                0x0000000008005a0c                MX_USB_DEVICE_Init
 .text.CDC_Init_HS
                0x0000000008005a6c       0x28 src/lib/cube_f429/USB_DEVICE/App/usbd_cdc_if.o
 .text.CDC_DeInit_HS
                0x0000000008005a94       0x10 src/lib/cube_f429/USB_DEVICE/App/usbd_cdc_if.o
 .text.CDC_Control_HS
                0x0000000008005aa4       0xbc src/lib/cube_f429/USB_DEVICE/App/usbd_cdc_if.o
 .text.CDC_Receive_HS
                0x0000000008005b60       0x28 src/lib/cube_f429/USB_DEVICE/App/usbd_cdc_if.o
 .text.CDC_Transmit_HS
                0x0000000008005b88       0x4c src/lib/cube_f429/USB_DEVICE/App/usbd_cdc_if.o
                0x0000000008005b88                CDC_Transmit_HS
 .text.CDC_TransmitCplt_HS
                0x0000000008005bd4       0x22 src/lib/cube_f429/USB_DEVICE/App/usbd_cdc_if.o
 *fill*         0x0000000008005bf6        0x2 
 .text.USBD_HS_DeviceDescriptor
                0x0000000008005bf8       0x24 src/lib/cube_f429/USB_DEVICE/App/usbd_desc.o
                0x0000000008005bf8                USBD_HS_DeviceDescriptor
 .text.USBD_HS_LangIDStrDescriptor
                0x0000000008005c1c       0x24 src/lib/cube_f429/USB_DEVICE/App/usbd_desc.o
                0x0000000008005c1c                USBD_HS_LangIDStrDescriptor
 .text.USBD_HS_ProductStrDescriptor
                0x0000000008005c40       0x3c src/lib/cube_f429/USB_DEVICE/App/usbd_desc.o
                0x0000000008005c40                USBD_HS_ProductStrDescriptor
 .text.USBD_HS_ManufacturerStrDescriptor
                0x0000000008005c7c       0x28 src/lib/cube_f429/USB_DEVICE/App/usbd_desc.o
                0x0000000008005c7c                USBD_HS_ManufacturerStrDescriptor
 .text.USBD_HS_SerialStrDescriptor
                0x0000000008005ca4       0x24 src/lib/cube_f429/USB_DEVICE/App/usbd_desc.o
                0x0000000008005ca4                USBD_HS_SerialStrDescriptor
 .text.USBD_HS_ConfigStrDescriptor
                0x0000000008005cc8       0x3c src/lib/cube_f429/USB_DEVICE/App/usbd_desc.o
                0x0000000008005cc8                USBD_HS_ConfigStrDescriptor
 .text.USBD_HS_InterfaceStrDescriptor
                0x0000000008005d04       0x3c src/lib/cube_f429/USB_DEVICE/App/usbd_desc.o
                0x0000000008005d04                USBD_HS_InterfaceStrDescriptor
 .text.Get_SerialNum
                0x0000000008005d40       0x58 src/lib/cube_f429/USB_DEVICE/App/usbd_desc.o
 .text.IntToUnicode
                0x0000000008005d98       0x7e src/lib/cube_f429/USB_DEVICE/App/usbd_desc.o
 *fill*         0x0000000008005e16        0x2 
 .text.HAL_PCD_MspInit
                0x0000000008005e18       0xa0 src/lib/cube_f429/USB_DEVICE/Target/usbd_conf.o
                0x0000000008005e18                HAL_PCD_MspInit
 .text.HAL_PCD_SetupStageCallback
                0x0000000008005eb8       0x24 src/lib/cube_f429/USB_DEVICE/Target/usbd_conf.o
                0x0000000008005eb8                HAL_PCD_SetupStageCallback
 .text.HAL_PCD_DataOutStageCallback
                0x0000000008005edc       0x36 src/lib/cube_f429/USB_DEVICE/Target/usbd_conf.o
                0x0000000008005edc                HAL_PCD_DataOutStageCallback
 .text.HAL_PCD_DataInStageCallback
                0x0000000008005f12       0x34 src/lib/cube_f429/USB_DEVICE/Target/usbd_conf.o
                0x0000000008005f12                HAL_PCD_DataInStageCallback
 .text.HAL_PCD_SOFCallback
                0x0000000008005f46       0x1c src/lib/cube_f429/USB_DEVICE/Target/usbd_conf.o
                0x0000000008005f46                HAL_PCD_SOFCallback
 .text.HAL_PCD_ResetCallback
                0x0000000008005f62       0x50 src/lib/cube_f429/USB_DEVICE/Target/usbd_conf.o
                0x0000000008005f62                HAL_PCD_ResetCallback
 *fill*         0x0000000008005fb2        0x2 
 .text.HAL_PCD_SuspendCallback
                0x0000000008005fb4       0x4c src/lib/cube_f429/USB_DEVICE/Target/usbd_conf.o
                0x0000000008005fb4                HAL_PCD_SuspendCallback
 .text.HAL_PCD_ResumeCallback
                0x0000000008006000       0x1c src/lib/cube_f429/USB_DEVICE/Target/usbd_conf.o
                0x0000000008006000                HAL_PCD_ResumeCallback
 .text.HAL_PCD_ISOOUTIncompleteCallback
                0x000000000800601c       0x24 src/lib/cube_f429/USB_DEVICE/Target/usbd_conf.o
                0x000000000800601c                HAL_PCD_ISOOUTIncompleteCallback
 .text.HAL_PCD_ISOINIncompleteCallback
                0x0000000008006040       0x24 src/lib/cube_f429/USB_DEVICE/Target/usbd_conf.o
                0x0000000008006040                HAL_PCD_ISOINIncompleteCallback
 .text.HAL_PCD_ConnectCallback
                0x0000000008006064       0x1c src/lib/cube_f429/USB_DEVICE/Target/usbd_conf.o
                0x0000000008006064                HAL_PCD_ConnectCallback
 .text.HAL_PCD_DisconnectCallback
                0x0000000008006080       0x1c src/lib/cube_f429/USB_DEVICE/Target/usbd_conf.o
                0x0000000008006080                HAL_PCD_DisconnectCallback
 .text.USBD_LL_Init
                0x000000000800609c       0xa4 src/lib/cube_f429/USB_DEVICE/Target/usbd_conf.o
                0x000000000800609c                USBD_LL_Init
 .text.USBD_LL_Start
                0x0000000008006140       0x36 src/lib/cube_f429/USB_DEVICE/Target/usbd_conf.o
                0x0000000008006140                USBD_LL_Start
 .text.USBD_LL_OpenEP
                0x0000000008006176       0x4c src/lib/cube_f429/USB_DEVICE/Target/usbd_conf.o
                0x0000000008006176                USBD_LL_OpenEP
 .text.USBD_LL_CloseEP
                0x00000000080061c2       0x3e src/lib/cube_f429/USB_DEVICE/Target/usbd_conf.o
                0x00000000080061c2                USBD_LL_CloseEP
 .text.USBD_LL_StallEP
                0x0000000008006200       0x3e src/lib/cube_f429/USB_DEVICE/Target/usbd_conf.o
                0x0000000008006200                USBD_LL_StallEP
 .text.USBD_LL_ClearStallEP
                0x000000000800623e       0x3e src/lib/cube_f429/USB_DEVICE/Target/usbd_conf.o
                0x000000000800623e                USBD_LL_ClearStallEP
 .text.USBD_LL_IsStallEP
                0x000000000800627c       0x58 src/lib/cube_f429/USB_DEVICE/Target/usbd_conf.o
                0x000000000800627c                USBD_LL_IsStallEP
 .text.USBD_LL_SetUSBAddress
                0x00000000080062d4       0x3e src/lib/cube_f429/USB_DEVICE/Target/usbd_conf.o
                0x00000000080062d4                USBD_LL_SetUSBAddress
 .text.USBD_LL_Transmit
                0x0000000008006312       0x42 src/lib/cube_f429/USB_DEVICE/Target/usbd_conf.o
                0x0000000008006312                USBD_LL_Transmit
 .text.USBD_LL_PrepareReceive
                0x0000000008006354       0x42 src/lib/cube_f429/USB_DEVICE/Target/usbd_conf.o
                0x0000000008006354                USBD_LL_PrepareReceive
 .text.USBD_LL_GetRxDataSize
                0x0000000008006396       0x26 src/lib/cube_f429/USB_DEVICE/Target/usbd_conf.o
                0x0000000008006396                USBD_LL_GetRxDataSize
 .text.USBD_static_malloc
                0x00000000080063bc       0x1c src/lib/cube_f429/USB_DEVICE/Target/usbd_conf.o
                0x00000000080063bc                USBD_static_malloc
 .text.USBD_static_free
                0x00000000080063d8       0x14 src/lib/cube_f429/USB_DEVICE/Target/usbd_conf.o
                0x00000000080063d8                USBD_static_free
 .text.USBD_Get_USB_Status
                0x00000000080063ec       0x58 src/lib/cube_f429/USB_DEVICE/Target/usbd_conf.o
                0x00000000080063ec                USBD_Get_USB_Status
 .text.main     0x0000000008006444       0x20 src/main.o
                0x0000000008006444                main
 .text.__libc_init_array
                0x0000000008006464       0x48 c:/st/stm32cubeide_1.6.1/stm32cubeide/plugins/com.st.stm32cube.ide.mcu.externaltools.gnu-tools-for-stm32.9-2020-q2-update.win32_1.5.0.202011040924/tools/bin/../lib/gcc/arm-none-eabi/9.3.1/../../../../arm-none-eabi/lib/thumb/v7e-m+fp/hard\libc_nano.a(lib_a-init.o)
                0x0000000008006464                __libc_init_array
 .text.memset   0x00000000080064ac       0x10 c:/st/stm32cubeide_1.6.1/stm32cubeide/plugins/com.st.stm32cube.ide.mcu.externaltools.gnu-tools-for-stm32.9-2020-q2-update.win32_1.5.0.202011040924/tools/bin/../lib/gcc/arm-none-eabi/9.3.1/../../../../arm-none-eabi/lib/thumb/v7e-m+fp/hard\libc_nano.a(lib_a-memset.o)
                0x00000000080064ac                memset
 *(.glue_7)
 .glue_7        0x00000000080064bc        0x0 linker stubs
 *(.glue_7t)
 .glue_7t       0x00000000080064bc        0x0 linker stubs
 *(.eh_frame)
 .eh_frame      0x00000000080064bc        0x0 c:/st/stm32cubeide_1.6.1/stm32cubeide/plugins/com.st.stm32cube.ide.mcu.externaltools.gnu-tools-for-stm32.9-2020-q2-update.win32_1.5.0.202011040924/tools/bin/../lib/gcc/arm-none-eabi/9.3.1/thumb/v7e-m+fp/hard/crtbegin.o
 *(.init)
 .init          0x00000000080064bc        0x4 c:/st/stm32cubeide_1.6.1/stm32cubeide/plugins/com.st.stm32cube.ide.mcu.externaltools.gnu-tools-for-stm32.9-2020-q2-update.win32_1.5.0.202011040924/tools/bin/../lib/gcc/arm-none-eabi/9.3.1/thumb/v7e-m+fp/hard/crti.o
                0x00000000080064bc                _init
 .init          0x00000000080064c0        0x8 c:/st/stm32cubeide_1.6.1/stm32cubeide/plugins/com.st.stm32cube.ide.mcu.externaltools.gnu-tools-for-stm32.9-2020-q2-update.win32_1.5.0.202011040924/tools/bin/../lib/gcc/arm-none-eabi/9.3.1/thumb/v7e-m+fp/hard/crtn.o
 *(.fini)
 .fini          0x00000000080064c8        0x4 c:/st/stm32cubeide_1.6.1/stm32cubeide/plugins/com.st.stm32cube.ide.mcu.externaltools.gnu-tools-for-stm32.9-2020-q2-update.win32_1.5.0.202011040924/tools/bin/../lib/gcc/arm-none-eabi/9.3.1/thumb/v7e-m+fp/hard/crti.o
                0x00000000080064c8                _fini
 .fini          0x00000000080064cc        0x8 c:/st/stm32cubeide_1.6.1/stm32cubeide/plugins/com.st.stm32cube.ide.mcu.externaltools.gnu-tools-for-stm32.9-2020-q2-update.win32_1.5.0.202011040924/tools/bin/../lib/gcc/arm-none-eabi/9.3.1/thumb/v7e-m+fp/hard/crtn.o
                0x00000000080064d4                . = ALIGN (0x4)
                0x00000000080064d4                _etext = .

.vfp11_veneer   0x00000000080064d4        0x0
 .vfp11_veneer  0x00000000080064d4        0x0 linker stubs

.v4_bx          0x00000000080064d4        0x0
 .v4_bx         0x00000000080064d4        0x0 linker stubs

.iplt           0x00000000080064d4        0x0
 .iplt          0x00000000080064d4        0x0 c:/st/stm32cubeide_1.6.1/stm32cubeide/plugins/com.st.stm32cube.ide.mcu.externaltools.gnu-tools-for-stm32.9-2020-q2-update.win32_1.5.0.202011040924/tools/bin/../lib/gcc/arm-none-eabi/9.3.1/thumb/v7e-m+fp/hard/crtbegin.o

.rodata         0x00000000080064d4       0x60
                0x00000000080064d4                . = ALIGN (0x4)
 *(.rodata)
 .rodata        0x00000000080064d4       0x46 src/lib/cube_f429/USB_DEVICE/App/usbd_desc.o
 *fill*         0x000000000800651a        0x2 
 .rodata        0x000000000800651c        0x7 src/main.o
 *(.rodata*)
 *fill*         0x0000000008006523        0x1 
 .rodata.AHBPrescTable
                0x0000000008006524       0x10 src/bsp/system_stm32f4xx.o
                0x0000000008006524                AHBPrescTable
                0x0000000008006534                . = ALIGN (0x4)

.ARM.extab      0x0000000008006534        0x0
                0x0000000008006534                . = ALIGN (0x4)
 *(.ARM.extab* .gnu.linkonce.armextab.*)
                0x0000000008006534                . = ALIGN (0x4)

.ARM            0x0000000008006534        0x8
                0x0000000008006534                . = ALIGN (0x4)
                0x0000000008006534                __exidx_start = .
 *(.ARM.exidx*)
 .ARM.exidx     0x0000000008006534        0x8 c:/st/stm32cubeide_1.6.1/stm32cubeide/plugins/com.st.stm32cube.ide.mcu.externaltools.gnu-tools-for-stm32.9-2020-q2-update.win32_1.5.0.202011040924/tools/bin/../lib/gcc/arm-none-eabi/9.3.1/thumb/v7e-m+fp/hard\libgcc.a(_udivmoddi4.o)
                0x000000000800653c                __exidx_end = .
                0x000000000800653c                . = ALIGN (0x4)

.rel.dyn        0x000000000800653c        0x0
 .rel.iplt      0x000000000800653c        0x0 c:/st/stm32cubeide_1.6.1/stm32cubeide/plugins/com.st.stm32cube.ide.mcu.externaltools.gnu-tools-for-stm32.9-2020-q2-update.win32_1.5.0.202011040924/tools/bin/../lib/gcc/arm-none-eabi/9.3.1/thumb/v7e-m+fp/hard/crtbegin.o

.preinit_array  0x000000000800653c        0x0
                0x000000000800653c                . = ALIGN (0x4)
                0x000000000800653c                PROVIDE (__preinit_array_start = .)
 *(.preinit_array*)
                0x000000000800653c                PROVIDE (__preinit_array_end = .)
                0x000000000800653c                . = ALIGN (0x4)

.init_array     0x000000000800653c        0x4
                0x000000000800653c                . = ALIGN (0x4)
                0x000000000800653c                PROVIDE (__init_array_start = .)
 *(SORT_BY_NAME(.init_array.*))
 *(.init_array*)
 .init_array    0x000000000800653c        0x4 c:/st/stm32cubeide_1.6.1/stm32cubeide/plugins/com.st.stm32cube.ide.mcu.externaltools.gnu-tools-for-stm32.9-2020-q2-update.win32_1.5.0.202011040924/tools/bin/../lib/gcc/arm-none-eabi/9.3.1/thumb/v7e-m+fp/hard/crtbegin.o
                0x0000000008006540                PROVIDE (__init_array_end = .)
                0x0000000008006540                . = ALIGN (0x4)

.fini_array     0x0000000008006540        0x4
                0x0000000008006540                . = ALIGN (0x4)
                [!provide]                        PROVIDE (__fini_array_start = .)
 *(SORT_BY_NAME(.fini_array.*))
 *(.fini_array*)
 .fini_array    0x0000000008006540        0x4 c:/st/stm32cubeide_1.6.1/stm32cubeide/plugins/com.st.stm32cube.ide.mcu.externaltools.gnu-tools-for-stm32.9-2020-q2-update.win32_1.5.0.202011040924/tools/bin/../lib/gcc/arm-none-eabi/9.3.1/thumb/v7e-m+fp/hard/crtbegin.o
                [!provide]                        PROVIDE (__fini_array_end = .)
                0x0000000008006544                . = ALIGN (0x4)
                0x0000000008006544                _sidata = LOADADDR (.data)

.data           0x0000000020000000      0x180 load address 0x0000000008006544
                0x0000000020000000                . = ALIGN (0x4)
                0x0000000020000000                _sdata = .
 *(.data)
 *(.data*)
 .data.SystemCoreClock
                0x0000000020000000        0x4 src/bsp/system_stm32f4xx.o
                0x0000000020000000                SystemCoreClock
 .data.uwTickPrio
                0x0000000020000004        0x4 src/lib/cube_f429/Drivers/STM32F4xx_HAL_Driver/Src/stm32f4xx_hal.o
                0x0000000020000004                uwTickPrio
 .data.uwTickFreq
                0x0000000020000008        0x1 src/lib/cube_f429/Drivers/STM32F4xx_HAL_Driver/Src/stm32f4xx_hal.o
                0x0000000020000008                uwTickFreq
 *fill*         0x0000000020000009        0x3 
 .data.USBD_CDC_DeviceQualifierDesc
                0x000000002000000c        0xa src/lib/cube_f429/Middlewares/ST/STM32_USB_Device_Library/Class/CDC/Src/usbd_cdc.o
 *fill*         0x0000000020000016        0x2 
 .data.USBD_CDC
                0x0000000020000018       0x38 src/lib/cube_f429/Middlewares/ST/STM32_USB_Device_Library/Class/CDC/Src/usbd_cdc.o
                0x0000000020000018                USBD_CDC
 .data.USBD_CDC_CfgHSDesc
                0x0000000020000050       0x43 src/lib/cube_f429/Middlewares/ST/STM32_USB_Device_Library/Class/CDC/Src/usbd_cdc.o
 *fill*         0x0000000020000093        0x1 
 .data.USBD_CDC_CfgFSDesc
                0x0000000020000094       0x43 src/lib/cube_f429/Middlewares/ST/STM32_USB_Device_Library/Class/CDC/Src/usbd_cdc.o
 *fill*         0x00000000200000d7        0x1 
 .data.USBD_CDC_OtherSpeedCfgDesc
                0x00000000200000d8       0x43 src/lib/cube_f429/Middlewares/ST/STM32_USB_Device_Library/Class/CDC/Src/usbd_cdc.o
 *fill*         0x000000002000011b        0x1 
 .data.USBD_Interface_fops_HS
                0x000000002000011c       0x14 src/lib/cube_f429/USB_DEVICE/App/usbd_cdc_if.o
                0x000000002000011c                USBD_Interface_fops_HS
 .data.HS_Desc  0x0000000020000130       0x1c src/lib/cube_f429/USB_DEVICE/App/usbd_desc.o
                0x0000000020000130                HS_Desc
 .data.USBD_HS_DeviceDesc
                0x000000002000014c       0x12 src/lib/cube_f429/USB_DEVICE/App/usbd_desc.o
                0x000000002000014c                USBD_HS_DeviceDesc
 *fill*         0x000000002000015e        0x2 
 .data.USBD_LangIDDesc
                0x0000000020000160        0x4 src/lib/cube_f429/USB_DEVICE/App/usbd_desc.o
                0x0000000020000160                USBD_LangIDDesc
 .data.USBD_StringSerial
                0x0000000020000164       0x1a src/lib/cube_f429/USB_DEVICE/App/usbd_desc.o
                0x0000000020000164                USBD_StringSerial
 *(.RamFunc)
 *(.RamFunc*)
                0x0000000020000180                . = ALIGN (0x4)
 *fill*         0x000000002000017e        0x2 
                0x0000000020000180                _edata = .

.igot.plt       0x0000000020000180        0x0 load address 0x00000000080066c4
 .igot.plt      0x0000000020000180        0x0 c:/st/stm32cubeide_1.6.1/stm32cubeide/plugins/com.st.stm32cube.ide.mcu.externaltools.gnu-tools-for-stm32.9-2020-q2-update.win32_1.5.0.202011040924/tools/bin/../lib/gcc/arm-none-eabi/9.3.1/thumb/v7e-m+fp/hard/crtbegin.o
                0x0000000020000180                . = ALIGN (0x4)

.bss            0x0000000020000180     0x1b1c load address 0x00000000080066c4
                0x0000000020000180                _sbss = .
                0x0000000020000180                __bss_start__ = _sbss
 *(.bss)
 .bss           0x0000000020000180       0x1c c:/st/stm32cubeide_1.6.1/stm32cubeide/plugins/com.st.stm32cube.ide.mcu.externaltools.gnu-tools-for-stm32.9-2020-q2-update.win32_1.5.0.202011040924/tools/bin/../lib/gcc/arm-none-eabi/9.3.1/thumb/v7e-m+fp/hard/crtbegin.o
 *(.bss*)
 .bss.cfgidx.10487
                0x000000002000019c        0x1 src/lib/cube_f429/Middlewares/ST/STM32_USB_Device_Library/Core/Src/usbd_ctlreq.o
 *fill*         0x000000002000019d        0x3 
 .bss.mem.10556
                0x00000000200001a0      0x220 src/lib/cube_f429/USB_DEVICE/Target/usbd_conf.o
 *(COMMON)
 COMMON         0x00000000200003c0        0x4 src/lib/cube_f429/Drivers/STM32F4xx_HAL_Driver/Src/stm32f4xx_hal.o
                0x00000000200003c0                uwTick
 COMMON         0x00000000200003c4      0x2d0 src/lib/cube_f429/USB_DEVICE/App/usb_device.o
                0x00000000200003c4                hUsbDeviceHS
 COMMON         0x0000000020000694     0x1000 src/lib/cube_f429/USB_DEVICE/App/usbd_cdc_if.o
                0x0000000020000694                UserRxBufferHS
                0x0000000020000e94                UserTxBufferHS
 COMMON         0x0000000020001694      0x200 src/lib/cube_f429/USB_DEVICE/App/usbd_desc.o
                0x0000000020001694                USBD_StrDesc
 COMMON         0x0000000020001894      0x408 src/lib/cube_f429/USB_DEVICE/Target/usbd_conf.o
                0x0000000020001894                hpcd_USB_OTG_HS
                0x0000000020001c9c                . = ALIGN (0x4)
                0x0000000020001c9c                _ebss = .
                0x0000000020001c9c                __bss_end__ = _ebss

._user_heap_stack
                0x0000000020001c9c      0x604 load address 0x00000000080066c4
                0x0000000020001ca0                . = ALIGN (0x8)
 *fill*         0x0000000020001c9c        0x4 
                [!provide]                        PROVIDE (end = .)
                0x0000000020001ca0                PROVIDE (_end = .)
                0x0000000020001ea0                . = (. + _Min_Heap_Size)
 *fill*         0x0000000020001ca0      0x200 
                0x00000000200022a0                . = (. + _Min_Stack_Size)
 *fill*         0x0000000020001ea0      0x400 
                0x00000000200022a0                . = ALIGN (0x8)

/DISCARD/
 libc.a(*)
 libm.a(*)
 libgcc.a(*)

.ARM.attributes
                0x0000000000000000       0x30
 *(.ARM.attributes)
 .ARM.attributes
                0x0000000000000000       0x1e c:/st/stm32cubeide_1.6.1/stm32cubeide/plugins/com.st.stm32cube.ide.mcu.externaltools.gnu-tools-for-stm32.9-2020-q2-update.win32_1.5.0.202011040924/tools/bin/../lib/gcc/arm-none-eabi/9.3.1/thumb/v7e-m+fp/hard/crti.o
 .ARM.attributes
                0x000000000000001e       0x34 c:/st/stm32cubeide_1.6.1/stm32cubeide/plugins/com.st.stm32cube.ide.mcu.externaltools.gnu-tools-for-stm32.9-2020-q2-update.win32_1.5.0.202011040924/tools/bin/../lib/gcc/arm-none-eabi/9.3.1/thumb/v7e-m+fp/hard/crtbegin.o
 .ARM.attributes
                0x0000000000000052       0x34 src/bsp/bsp.o
 .ARM.attributes
                0x0000000000000086       0x34 src/bsp/stm32f4xx_hal_msp.o
 .ARM.attributes
                0x00000000000000ba       0x34 src/bsp/stm32f4xx_it.o
 .ARM.attributes
                0x00000000000000ee       0x34 src/bsp/system_stm32f4xx.o
 .ARM.attributes
                0x0000000000000122       0x21 src/bsp/startup/startup_stm32f429zitx.o
 .ARM.attributes
                0x0000000000000143       0x34 src/lib/cube_f429/Drivers/STM32F4xx_HAL_Driver/Src/stm32f4xx_hal.o
 .ARM.attributes
                0x0000000000000177       0x34 src/lib/cube_f429/Drivers/STM32F4xx_HAL_Driver/Src/stm32f4xx_hal_cortex.o
 .ARM.attributes
                0x00000000000001ab       0x34 src/lib/cube_f429/Drivers/STM32F4xx_HAL_Driver/Src/stm32f4xx_hal_gpio.o
 .ARM.attributes
                0x00000000000001df       0x34 src/lib/cube_f429/Drivers/STM32F4xx_HAL_Driver/Src/stm32f4xx_hal_pcd.o
 .ARM.attributes
                0x0000000000000213       0x34 src/lib/cube_f429/Drivers/STM32F4xx_HAL_Driver/Src/stm32f4xx_hal_pcd_ex.o
 .ARM.attributes
                0x0000000000000247       0x34 src/lib/cube_f429/Drivers/STM32F4xx_HAL_Driver/Src/stm32f4xx_hal_rcc.o
 .ARM.attributes
                0x000000000000027b       0x34 src/lib/cube_f429/Drivers/STM32F4xx_HAL_Driver/Src/stm32f4xx_ll_usb.o
 .ARM.attributes
                0x00000000000002af       0x34 src/lib/cube_f429/Middlewares/ST/STM32_USB_Device_Library/Class/CDC/Src/usbd_cdc.o
 .ARM.attributes
                0x00000000000002e3       0x34 src/lib/cube_f429/Middlewares/ST/STM32_USB_Device_Library/Core/Src/usbd_core.o
 .ARM.attributes
                0x0000000000000317       0x34 src/lib/cube_f429/Middlewares/ST/STM32_USB_Device_Library/Core/Src/usbd_ctlreq.o
 .ARM.attributes
                0x000000000000034b       0x34 src/lib/cube_f429/Middlewares/ST/STM32_USB_Device_Library/Core/Src/usbd_ioreq.o
 .ARM.attributes
                0x000000000000037f       0x34 src/lib/cube_f429/USB_DEVICE/App/usb_device.o
 .ARM.attributes
                0x00000000000003b3       0x34 src/lib/cube_f429/USB_DEVICE/App/usbd_cdc_if.o
 .ARM.attributes
                0x00000000000003e7       0x34 src/lib/cube_f429/USB_DEVICE/App/usbd_desc.o
 .ARM.attributes
                0x000000000000041b       0x34 src/lib/cube_f429/USB_DEVICE/Target/usbd_conf.o
 .ARM.attributes
                0x000000000000044f       0x34 src/main.o
 .ARM.attributes
                0x0000000000000483       0x34 c:/st/stm32cubeide_1.6.1/stm32cubeide/plugins/com.st.stm32cube.ide.mcu.externaltools.gnu-tools-for-stm32.9-2020-q2-update.win32_1.5.0.202011040924/tools/bin/../lib/gcc/arm-none-eabi/9.3.1/../../../../arm-none-eabi/lib/thumb/v7e-m+fp/hard\libc_nano.a(lib_a-init.o)
 .ARM.attributes
                0x00000000000004b7       0x34 c:/st/stm32cubeide_1.6.1/stm32cubeide/plugins/com.st.stm32cube.ide.mcu.externaltools.gnu-tools-for-stm32.9-2020-q2-update.win32_1.5.0.202011040924/tools/bin/../lib/gcc/arm-none-eabi/9.3.1/../../../../arm-none-eabi/lib/thumb/v7e-m+fp/hard\libc_nano.a(lib_a-memset.o)
 .ARM.attributes
                0x00000000000004eb       0x1e c:/st/stm32cubeide_1.6.1/stm32cubeide/plugins/com.st.stm32cube.ide.mcu.externaltools.gnu-tools-for-stm32.9-2020-q2-update.win32_1.5.0.202011040924/tools/bin/../lib/gcc/arm-none-eabi/9.3.1/thumb/v7e-m+fp/hard\libgcc.a(_aeabi_uldivmod.o)
 .ARM.attributes
                0x0000000000000509       0x34 c:/st/stm32cubeide_1.6.1/stm32cubeide/plugins/com.st.stm32cube.ide.mcu.externaltools.gnu-tools-for-stm32.9-2020-q2-update.win32_1.5.0.202011040924/tools/bin/../lib/gcc/arm-none-eabi/9.3.1/thumb/v7e-m+fp/hard\libgcc.a(_udivmoddi4.o)
 .ARM.attributes
                0x000000000000053d       0x1e c:/st/stm32cubeide_1.6.1/stm32cubeide/plugins/com.st.stm32cube.ide.mcu.externaltools.gnu-tools-for-stm32.9-2020-q2-update.win32_1.5.0.202011040924/tools/bin/../lib/gcc/arm-none-eabi/9.3.1/thumb/v7e-m+fp/hard\libgcc.a(_dvmd_tls.o)
 .ARM.attributes
                0x000000000000055b       0x1e c:/st/stm32cubeide_1.6.1/stm32cubeide/plugins/com.st.stm32cube.ide.mcu.externaltools.gnu-tools-for-stm32.9-2020-q2-update.win32_1.5.0.202011040924/tools/bin/../lib/gcc/arm-none-eabi/9.3.1/thumb/v7e-m+fp/hard/crtn.o
OUTPUT(stm32429disco_my.elf elf32-littlearm)
LOAD linker stubs
LOAD c:/st/stm32cubeide_1.6.1/stm32cubeide/plugins/com.st.stm32cube.ide.mcu.externaltools.gnu-tools-for-stm32.9-2020-q2-update.win32_1.5.0.202011040924/tools/bin/../lib/gcc/arm-none-eabi/9.3.1/../../../../arm-none-eabi/lib/thumb/v7e-m+fp/hard\libc.a
LOAD c:/st/stm32cubeide_1.6.1/stm32cubeide/plugins/com.st.stm32cube.ide.mcu.externaltools.gnu-tools-for-stm32.9-2020-q2-update.win32_1.5.0.202011040924/tools/bin/../lib/gcc/arm-none-eabi/9.3.1/../../../../arm-none-eabi/lib/thumb/v7e-m+fp/hard\libm.a
LOAD c:/st/stm32cubeide_1.6.1/stm32cubeide/plugins/com.st.stm32cube.ide.mcu.externaltools.gnu-tools-for-stm32.9-2020-q2-update.win32_1.5.0.202011040924/tools/bin/../lib/gcc/arm-none-eabi/9.3.1/thumb/v7e-m+fp/hard\libgcc.a

.debug_info     0x0000000000000000    0x19933
 .debug_info    0x0000000000000000     0x16a1 src/bsp/bsp.o
 .debug_info    0x00000000000016a1     0x13f5 src/bsp/stm32f4xx_hal_msp.o
 .debug_info    0x0000000000002a96     0x16d9 src/bsp/stm32f4xx_it.o
 .debug_info    0x000000000000416f      0x562 src/bsp/system_stm32f4xx.o
 .debug_info    0x00000000000046d1       0x22 src/bsp/startup/startup_stm32f429zitx.o
 .debug_info    0x00000000000046f3      0xa2a src/lib/cube_f429/Drivers/STM32F4xx_HAL_Driver/Src/stm32f4xx_hal.o
 .debug_info    0x000000000000511d      0xf0d src/lib/cube_f429/Drivers/STM32F4xx_HAL_Driver/Src/stm32f4xx_hal_cortex.o
 .debug_info    0x000000000000602a      0x85a src/lib/cube_f429/Drivers/STM32F4xx_HAL_Driver/Src/stm32f4xx_hal_gpio.o
 .debug_info    0x0000000000006884     0x12dd src/lib/cube_f429/Drivers/STM32F4xx_HAL_Driver/Src/stm32f4xx_hal_pcd.o
 .debug_info    0x0000000000007b61      0x7c3 src/lib/cube_f429/Drivers/STM32F4xx_HAL_Driver/Src/stm32f4xx_hal_pcd_ex.o
 .debug_info    0x0000000000008324      0x9b2 src/lib/cube_f429/Drivers/STM32F4xx_HAL_Driver/Src/stm32f4xx_hal_rcc.o
 .debug_info    0x0000000000008cd6     0x1ab4 src/lib/cube_f429/Drivers/STM32F4xx_HAL_Driver/Src/stm32f4xx_ll_usb.o
 .debug_info    0x000000000000a78a     0x20dd src/lib/cube_f429/Middlewares/ST/STM32_USB_Device_Library/Class/CDC/Src/usbd_cdc.o
 .debug_info    0x000000000000c867     0x1b20 src/lib/cube_f429/Middlewares/ST/STM32_USB_Device_Library/Core/Src/usbd_core.o
 .debug_info    0x000000000000e387     0x1aec src/lib/cube_f429/Middlewares/ST/STM32_USB_Device_Library/Core/Src/usbd_ctlreq.o
 .debug_info    0x000000000000fe73     0x180e src/lib/cube_f429/Middlewares/ST/STM32_USB_Device_Library/Core/Src/usbd_ioreq.o
 .debug_info    0x0000000000011681     0x1777 src/lib/cube_f429/USB_DEVICE/App/usb_device.o
 .debug_info    0x0000000000012df8     0x19a8 src/lib/cube_f429/USB_DEVICE/App/usbd_cdc_if.o
 .debug_info    0x00000000000147a0     0x1573 src/lib/cube_f429/USB_DEVICE/App/usbd_desc.o
 .debug_info    0x0000000000015d13     0x2a45 src/lib/cube_f429/USB_DEVICE/Target/usbd_conf.o
 .debug_info    0x0000000000018758     0x11db src/main.o

.debug_abbrev   0x0000000000000000     0x2fe5
 .debug_abbrev  0x0000000000000000      0x258 src/bsp/bsp.o
 .debug_abbrev  0x0000000000000258      0x1eb src/bsp/stm32f4xx_hal_msp.o
 .debug_abbrev  0x0000000000000443      0x20f src/bsp/stm32f4xx_it.o
 .debug_abbrev  0x0000000000000652      0x129 src/bsp/system_stm32f4xx.o
 .debug_abbrev  0x000000000000077b       0x12 src/bsp/startup/startup_stm32f429zitx.o
 .debug_abbrev  0x000000000000078d      0x1ed src/lib/cube_f429/Drivers/STM32F4xx_HAL_Driver/Src/stm32f4xx_hal.o
 .debug_abbrev  0x000000000000097a      0x33c src/lib/cube_f429/Drivers/STM32F4xx_HAL_Driver/Src/stm32f4xx_hal_cortex.o
 .debug_abbrev  0x0000000000000cb6      0x1f1 src/lib/cube_f429/Drivers/STM32F4xx_HAL_Driver/Src/stm32f4xx_hal_gpio.o
 .debug_abbrev  0x0000000000000ea7      0x2a0 src/lib/cube_f429/Drivers/STM32F4xx_HAL_Driver/Src/stm32f4xx_hal_pcd.o
 .debug_abbrev  0x0000000000001147      0x1fb src/lib/cube_f429/Drivers/STM32F4xx_HAL_Driver/Src/stm32f4xx_hal_pcd_ex.o
 .debug_abbrev  0x0000000000001342      0x275 src/lib/cube_f429/Drivers/STM32F4xx_HAL_Driver/Src/stm32f4xx_hal_rcc.o
 .debug_abbrev  0x00000000000015b7      0x2a7 src/lib/cube_f429/Drivers/STM32F4xx_HAL_Driver/Src/stm32f4xx_ll_usb.o
 .debug_abbrev  0x000000000000185e      0x2fc src/lib/cube_f429/Middlewares/ST/STM32_USB_Device_Library/Class/CDC/Src/usbd_cdc.o
 .debug_abbrev  0x0000000000001b5a      0x2b7 src/lib/cube_f429/Middlewares/ST/STM32_USB_Device_Library/Core/Src/usbd_core.o
 .debug_abbrev  0x0000000000001e11      0x2fc src/lib/cube_f429/Middlewares/ST/STM32_USB_Device_Library/Core/Src/usbd_ctlreq.o
 .debug_abbrev  0x000000000000210d      0x22a src/lib/cube_f429/Middlewares/ST/STM32_USB_Device_Library/Core/Src/usbd_ioreq.o
 .debug_abbrev  0x0000000000002337      0x204 src/lib/cube_f429/USB_DEVICE/App/usb_device.o
 .debug_abbrev  0x000000000000253b      0x30c src/lib/cube_f429/USB_DEVICE/App/usbd_cdc_if.o
 .debug_abbrev  0x0000000000002847      0x2aa src/lib/cube_f429/USB_DEVICE/App/usbd_desc.o
 .debug_abbrev  0x0000000000002af1      0x32c src/lib/cube_f429/USB_DEVICE/Target/usbd_conf.o
 .debug_abbrev  0x0000000000002e1d      0x1c8 src/main.o

.debug_aranges  0x0000000000000000      0xb38
 .debug_aranges
                0x0000000000000000       0x40 src/bsp/bsp.o
 .debug_aranges
                0x0000000000000040       0x20 src/bsp/stm32f4xx_hal_msp.o
 .debug_aranges
                0x0000000000000060       0x68 src/bsp/stm32f4xx_it.o
 .debug_aranges
                0x00000000000000c8       0x28 src/bsp/system_stm32f4xx.o
 .debug_aranges
                0x00000000000000f0       0x28 src/bsp/startup/startup_stm32f429zitx.o
 .debug_aranges
                0x0000000000000118      0x100 src/lib/cube_f429/Drivers/STM32F4xx_HAL_Driver/Src/stm32f4xx_hal.o
 .debug_aranges
                0x0000000000000218      0x118 src/lib/cube_f429/Drivers/STM32F4xx_HAL_Driver/Src/stm32f4xx_hal_cortex.o
 .debug_aranges
                0x0000000000000330       0x58 src/lib/cube_f429/Drivers/STM32F4xx_HAL_Driver/Src/stm32f4xx_hal_gpio.o
 .debug_aranges
                0x0000000000000388      0x138 src/lib/cube_f429/Drivers/STM32F4xx_HAL_Driver/Src/stm32f4xx_hal_pcd.o
 .debug_aranges
                0x00000000000004c0       0x38 src/lib/cube_f429/Drivers/STM32F4xx_HAL_Driver/Src/stm32f4xx_hal_pcd_ex.o
 .debug_aranges
                0x00000000000004f8       0x88 src/lib/cube_f429/Drivers/STM32F4xx_HAL_Driver/Src/stm32f4xx_hal_rcc.o
 .debug_aranges
                0x0000000000000580      0x198 src/lib/cube_f429/Drivers/STM32F4xx_HAL_Driver/Src/stm32f4xx_ll_usb.o
 .debug_aranges
                0x0000000000000718       0x90 src/lib/cube_f429/Middlewares/ST/STM32_USB_Device_Library/Class/CDC/Src/usbd_cdc.o
 .debug_aranges
                0x00000000000007a8       0xb8 src/lib/cube_f429/Middlewares/ST/STM32_USB_Device_Library/Core/Src/usbd_core.o
 .debug_aranges
                0x0000000000000860       0x90 src/lib/cube_f429/Middlewares/ST/STM32_USB_Device_Library/Core/Src/usbd_ctlreq.o
 .debug_aranges
                0x00000000000008f0       0x50 src/lib/cube_f429/Middlewares/ST/STM32_USB_Device_Library/Core/Src/usbd_ioreq.o
 .debug_aranges
                0x0000000000000940       0x20 src/lib/cube_f429/USB_DEVICE/App/usb_device.o
 .debug_aranges
                0x0000000000000960       0x48 src/lib/cube_f429/USB_DEVICE/App/usbd_cdc_if.o
 .debug_aranges
                0x00000000000009a8       0x60 src/lib/cube_f429/USB_DEVICE/App/usbd_desc.o
 .debug_aranges
                0x0000000000000a08      0x110 src/lib/cube_f429/USB_DEVICE/Target/usbd_conf.o
 .debug_aranges
                0x0000000000000b18       0x20 src/main.o

.debug_ranges   0x0000000000000000      0x9f0
 .debug_ranges  0x0000000000000000       0x30 src/bsp/bsp.o
 .debug_ranges  0x0000000000000030       0x10 src/bsp/stm32f4xx_hal_msp.o
 .debug_ranges  0x0000000000000040       0x58 src/bsp/stm32f4xx_it.o
 .debug_ranges  0x0000000000000098       0x18 src/bsp/system_stm32f4xx.o
 .debug_ranges  0x00000000000000b0       0x20 src/bsp/startup/startup_stm32f429zitx.o
 .debug_ranges  0x00000000000000d0       0xf0 src/lib/cube_f429/Drivers/STM32F4xx_HAL_Driver/Src/stm32f4xx_hal.o
 .debug_ranges  0x00000000000001c0      0x108 src/lib/cube_f429/Drivers/STM32F4xx_HAL_Driver/Src/stm32f4xx_hal_cortex.o
 .debug_ranges  0x00000000000002c8       0x48 src/lib/cube_f429/Drivers/STM32F4xx_HAL_Driver/Src/stm32f4xx_hal_gpio.o
 .debug_ranges  0x0000000000000310      0x128 src/lib/cube_f429/Drivers/STM32F4xx_HAL_Driver/Src/stm32f4xx_hal_pcd.o
 .debug_ranges  0x0000000000000438       0x28 src/lib/cube_f429/Drivers/STM32F4xx_HAL_Driver/Src/stm32f4xx_hal_pcd_ex.o
 .debug_ranges  0x0000000000000460       0x78 src/lib/cube_f429/Drivers/STM32F4xx_HAL_Driver/Src/stm32f4xx_hal_rcc.o
 .debug_ranges  0x00000000000004d8      0x188 src/lib/cube_f429/Drivers/STM32F4xx_HAL_Driver/Src/stm32f4xx_ll_usb.o
 .debug_ranges  0x0000000000000660       0x80 src/lib/cube_f429/Middlewares/ST/STM32_USB_Device_Library/Class/CDC/Src/usbd_cdc.o
 .debug_ranges  0x00000000000006e0       0xa8 src/lib/cube_f429/Middlewares/ST/STM32_USB_Device_Library/Core/Src/usbd_core.o
 .debug_ranges  0x0000000000000788       0x80 src/lib/cube_f429/Middlewares/ST/STM32_USB_Device_Library/Core/Src/usbd_ctlreq.o
 .debug_ranges  0x0000000000000808       0x40 src/lib/cube_f429/Middlewares/ST/STM32_USB_Device_Library/Core/Src/usbd_ioreq.o
 .debug_ranges  0x0000000000000848       0x10 src/lib/cube_f429/USB_DEVICE/App/usb_device.o
 .debug_ranges  0x0000000000000858       0x38 src/lib/cube_f429/USB_DEVICE/App/usbd_cdc_if.o
 .debug_ranges  0x0000000000000890       0x50 src/lib/cube_f429/USB_DEVICE/App/usbd_desc.o
 .debug_ranges  0x00000000000008e0      0x100 src/lib/cube_f429/USB_DEVICE/Target/usbd_conf.o
 .debug_ranges  0x00000000000009e0       0x10 src/main.o

.debug_macro    0x0000000000000000    0x26802
 .debug_macro   0x0000000000000000      0x42d src/bsp/bsp.o
 .debug_macro   0x000000000000042d      0xa9c src/bsp/bsp.o
 .debug_macro   0x0000000000000ec9       0x22 src/bsp/bsp.o
 .debug_macro   0x0000000000000eeb       0x4c src/bsp/bsp.o
 .debug_macro   0x0000000000000f37       0x18 src/bsp/bsp.o
 .debug_macro   0x0000000000000f4f       0x94 src/bsp/bsp.o
 .debug_macro   0x0000000000000fe3       0x3c src/bsp/bsp.o
 .debug_macro   0x000000000000101f       0x34 src/bsp/bsp.o
 .debug_macro   0x0000000000001053       0x16 src/bsp/bsp.o
 .debug_macro   0x0000000000001069       0x57 src/bsp/bsp.o
 .debug_macro   0x00000000000010c0       0x97 src/bsp/bsp.o
 .debug_macro   0x0000000000001157      0x339 src/bsp/bsp.o
 .debug_macro   0x0000000000001490       0xfd src/bsp/bsp.o
 .debug_macro   0x000000000000158d       0x10 src/bsp/bsp.o
 .debug_macro   0x000000000000159d       0x16 src/bsp/bsp.o
 .debug_macro   0x00000000000015b3       0x43 src/bsp/bsp.o
 .debug_macro   0x00000000000015f6       0x34 src/bsp/bsp.o
 .debug_macro   0x000000000000162a       0x10 src/bsp/bsp.o
 .debug_macro   0x000000000000163a       0x58 src/bsp/bsp.o
 .debug_macro   0x0000000000001692       0x71 src/bsp/bsp.o
 .debug_macro   0x0000000000001703       0x1c src/bsp/bsp.o
 .debug_macro   0x000000000000171f      0x12a src/bsp/bsp.o
 .debug_macro   0x0000000000001849       0x10 src/bsp/bsp.o
 .debug_macro   0x0000000000001859       0x6a src/bsp/bsp.o
 .debug_macro   0x00000000000018c3       0x1c src/bsp/bsp.o
 .debug_macro   0x00000000000018df       0x52 src/bsp/bsp.o
 .debug_macro   0x0000000000001931       0x22 src/bsp/bsp.o
 .debug_macro   0x0000000000001953       0x10 src/bsp/bsp.o
 .debug_macro   0x0000000000001963       0x40 src/bsp/bsp.o
 .debug_macro   0x00000000000019a3       0xd5 src/bsp/bsp.o
 .debug_macro   0x0000000000001a78       0x1c src/bsp/bsp.o
 .debug_macro   0x0000000000001a94       0x3d src/bsp/bsp.o
 .debug_macro   0x0000000000001ad1       0x16 src/bsp/bsp.o
 .debug_macro   0x0000000000001ae7      0x145 src/bsp/bsp.o
 .debug_macro   0x0000000000001c2c       0x16 src/bsp/bsp.o
 .debug_macro   0x0000000000001c42       0x35 src/bsp/bsp.o
 .debug_macro   0x0000000000001c77       0x20 src/bsp/bsp.o
 .debug_macro   0x0000000000001c97      0x103 src/bsp/bsp.o
 .debug_macro   0x0000000000001d9a      0x1df src/bsp/bsp.o
 .debug_macro   0x0000000000001f79       0x22 src/bsp/bsp.o
 .debug_macro   0x0000000000001f9b       0x2e src/bsp/bsp.o
 .debug_macro   0x0000000000001fc9       0x28 src/bsp/bsp.o
 .debug_macro   0x0000000000001ff1       0x1c src/bsp/bsp.o
 .debug_macro   0x000000000000200d       0x22 src/bsp/bsp.o
 .debug_macro   0x000000000000202f       0xd9 src/bsp/bsp.o
 .debug_macro   0x0000000000002108     0x102d src/bsp/bsp.o
 .debug_macro   0x0000000000003135      0x11f src/bsp/bsp.o
 .debug_macro   0x0000000000003254    0x17f91 src/bsp/bsp.o
 .debug_macro   0x000000000001b1e5       0x6d src/bsp/bsp.o
 .debug_macro   0x000000000001b252      0x2a1 src/bsp/bsp.o
 .debug_macro   0x000000000001b4f3     0x36dd src/bsp/bsp.o
 .debug_macro   0x000000000001ebd0       0x56 src/bsp/bsp.o
 .debug_macro   0x000000000001ec26      0xca5 src/bsp/bsp.o
 .debug_macro   0x000000000001f8cb      0x9fe src/bsp/bsp.o
 .debug_macro   0x00000000000202c9      0x116 src/bsp/bsp.o
 .debug_macro   0x00000000000203df      0x157 src/bsp/bsp.o
 .debug_macro   0x0000000000020536       0xa5 src/bsp/bsp.o
 .debug_macro   0x00000000000205db      0x182 src/bsp/bsp.o
 .debug_macro   0x000000000002075d      0x287 src/bsp/bsp.o
 .debug_macro   0x00000000000209e4       0x5f src/bsp/bsp.o
 .debug_macro   0x0000000000020a43      0x236 src/bsp/bsp.o
 .debug_macro   0x0000000000020c79      0x132 src/bsp/bsp.o
 .debug_macro   0x0000000000020dab      0x41d src/bsp/bsp.o
 .debug_macro   0x00000000000211c8       0x2e src/bsp/bsp.o
 .debug_macro   0x00000000000211f6      0x1b5 src/bsp/bsp.o
 .debug_macro   0x00000000000213ab       0x22 src/bsp/bsp.o
 .debug_macro   0x00000000000213cd       0xd6 src/bsp/bsp.o
 .debug_macro   0x00000000000214a3      0x11a src/bsp/bsp.o
 .debug_macro   0x00000000000215bd       0xe2 src/bsp/bsp.o
 .debug_macro   0x000000000002169f       0x89 src/bsp/bsp.o
 .debug_macro   0x0000000000021728      0x295 src/bsp/bsp.o
 .debug_macro   0x00000000000219bd      0x21e src/bsp/bsp.o
 .debug_macro   0x0000000000021bdb       0xba src/bsp/bsp.o
 .debug_macro   0x0000000000021c95      0x134 src/bsp/bsp.o
 .debug_macro   0x0000000000021dc9       0x16 src/bsp/bsp.o
 .debug_macro   0x0000000000021ddf       0x16 src/bsp/bsp.o
 .debug_macro   0x0000000000021df5       0x29 src/bsp/bsp.o
 .debug_macro   0x0000000000021e1e       0x10 src/bsp/bsp.o
 .debug_macro   0x0000000000021e2e       0x65 src/bsp/bsp.o
 .debug_macro   0x0000000000021e93      0x1ef src/bsp/bsp.o
 .debug_macro   0x0000000000022082      0x429 src/bsp/stm32f4xx_hal_msp.o
 .debug_macro   0x00000000000224ab      0x433 src/bsp/stm32f4xx_it.o
 .debug_macro   0x00000000000228de       0xda src/bsp/system_stm32f4xx.o
 .debug_macro   0x00000000000229b8       0x8e src/bsp/system_stm32f4xx.o
 .debug_macro   0x0000000000022a46       0x51 src/bsp/system_stm32f4xx.o
 .debug_macro   0x0000000000022a97       0xdf src/bsp/system_stm32f4xx.o
 .debug_macro   0x0000000000022b76      0x252 src/lib/cube_f429/Drivers/STM32F4xx_HAL_Driver/Src/stm32f4xx_hal.o
 .debug_macro   0x0000000000022dc8       0x5c src/lib/cube_f429/Drivers/STM32F4xx_HAL_Driver/Src/stm32f4xx_hal.o
 .debug_macro   0x0000000000022e24      0x1f2 src/lib/cube_f429/Drivers/STM32F4xx_HAL_Driver/Src/stm32f4xx_hal_cortex.o
 .debug_macro   0x0000000000023016      0x1f8 src/lib/cube_f429/Drivers/STM32F4xx_HAL_Driver/Src/stm32f4xx_hal_gpio.o
 .debug_macro   0x000000000002320e      0x1fe src/lib/cube_f429/Drivers/STM32F4xx_HAL_Driver/Src/stm32f4xx_hal_pcd.o
 .debug_macro   0x000000000002340c      0x1f2 src/lib/cube_f429/Drivers/STM32F4xx_HAL_Driver/Src/stm32f4xx_hal_pcd_ex.o
 .debug_macro   0x00000000000235fe      0x216 src/lib/cube_f429/Drivers/STM32F4xx_HAL_Driver/Src/stm32f4xx_hal_rcc.o
 .debug_macro   0x0000000000023814      0x1f2 src/lib/cube_f429/Drivers/STM32F4xx_HAL_Driver/Src/stm32f4xx_ll_usb.o
 .debug_macro   0x0000000000023a06      0x468 src/lib/cube_f429/Middlewares/ST/STM32_USB_Device_Library/Class/CDC/Src/usbd_cdc.o
 .debug_macro   0x0000000000023e6e       0x95 src/lib/cube_f429/Middlewares/ST/STM32_USB_Device_Library/Class/CDC/Src/usbd_cdc.o
 .debug_macro   0x0000000000023f03      0x459 src/lib/cube_f429/Middlewares/ST/STM32_USB_Device_Library/Core/Src/usbd_core.o
 .debug_macro   0x000000000002435c      0x207 src/lib/cube_f429/Middlewares/ST/STM32_USB_Device_Library/Core/Src/usbd_core.o
 .debug_macro   0x0000000000024563      0x459 src/lib/cube_f429/Middlewares/ST/STM32_USB_Device_Library/Core/Src/usbd_ctlreq.o
 .debug_macro   0x00000000000249bc      0x455 src/lib/cube_f429/Middlewares/ST/STM32_USB_Device_Library/Core/Src/usbd_ioreq.o
 .debug_macro   0x0000000000024e11      0x484 src/lib/cube_f429/USB_DEVICE/App/usb_device.o
 .debug_macro   0x0000000000025295       0x52 src/lib/cube_f429/USB_DEVICE/App/usb_device.o
 .debug_macro   0x00000000000252e7      0x333 src/lib/cube_f429/USB_DEVICE/App/usb_device.o
 .debug_macro   0x000000000002561a       0x22 src/lib/cube_f429/USB_DEVICE/App/usb_device.o
 .debug_macro   0x000000000002563c       0x16 src/lib/cube_f429/USB_DEVICE/App/usb_device.o
 .debug_macro   0x0000000000025652      0x473 src/lib/cube_f429/USB_DEVICE/App/usbd_cdc_if.o
 .debug_macro   0x0000000000025ac5       0x10 src/lib/cube_f429/USB_DEVICE/App/usbd_cdc_if.o
 .debug_macro   0x0000000000025ad5      0x492 src/lib/cube_f429/USB_DEVICE/App/usbd_desc.o
 .debug_macro   0x0000000000025f67      0x472 src/lib/cube_f429/USB_DEVICE/Target/usbd_conf.o
 .debug_macro   0x00000000000263d9      0x429 src/main.o

.debug_line     0x0000000000000000    0x11f60
 .debug_line    0x0000000000000000      0xce0 src/bsp/bsp.o
 .debug_line    0x0000000000000ce0      0xc25 src/bsp/stm32f4xx_hal_msp.o
 .debug_line    0x0000000000001905      0xcff src/bsp/stm32f4xx_it.o
 .debug_line    0x0000000000002604      0x557 src/bsp/system_stm32f4xx.o
 .debug_line    0x0000000000002b5b       0x8b src/bsp/startup/startup_stm32f429zitx.o
 .debug_line    0x0000000000002be6      0xb29 src/lib/cube_f429/Drivers/STM32F4xx_HAL_Driver/Src/stm32f4xx_hal.o
 .debug_line    0x000000000000370f      0xda2 src/lib/cube_f429/Drivers/STM32F4xx_HAL_Driver/Src/stm32f4xx_hal_cortex.o
 .debug_line    0x00000000000044b1      0xc91 src/lib/cube_f429/Drivers/STM32F4xx_HAL_Driver/Src/stm32f4xx_hal_gpio.o
 .debug_line    0x0000000000005142     0x1440 src/lib/cube_f429/Drivers/STM32F4xx_HAL_Driver/Src/stm32f4xx_hal_pcd.o
 .debug_line    0x0000000000006582      0x8d6 src/lib/cube_f429/Drivers/STM32F4xx_HAL_Driver/Src/stm32f4xx_hal_pcd_ex.o
 .debug_line    0x0000000000006e58      0xe6f src/lib/cube_f429/Drivers/STM32F4xx_HAL_Driver/Src/stm32f4xx_hal_rcc.o
 .debug_line    0x0000000000007cc7     0x1a82 src/lib/cube_f429/Drivers/STM32F4xx_HAL_Driver/Src/stm32f4xx_ll_usb.o
 .debug_line    0x0000000000009749     0x109b src/lib/cube_f429/Middlewares/ST/STM32_USB_Device_Library/Class/CDC/Src/usbd_cdc.o
 .debug_line    0x000000000000a7e4     0x10eb src/lib/cube_f429/Middlewares/ST/STM32_USB_Device_Library/Core/Src/usbd_core.o
 .debug_line    0x000000000000b8cf     0x136b src/lib/cube_f429/Middlewares/ST/STM32_USB_Device_Library/Core/Src/usbd_ctlreq.o
 .debug_line    0x000000000000cc3a      0xd42 src/lib/cube_f429/Middlewares/ST/STM32_USB_Device_Library/Core/Src/usbd_ioreq.o
 .debug_line    0x000000000000d97c      0xd31 src/lib/cube_f429/USB_DEVICE/App/usb_device.o
 .debug_line    0x000000000000e6ad      0xd94 src/lib/cube_f429/USB_DEVICE/App/usbd_cdc_if.o
 .debug_line    0x000000000000f441      0xdc7 src/lib/cube_f429/USB_DEVICE/App/usbd_desc.o
 .debug_line    0x0000000000010208     0x112c src/lib/cube_f429/USB_DEVICE/Target/usbd_conf.o
 .debug_line    0x0000000000011334      0xc2c src/main.o

.debug_str      0x0000000000000000    0xd6d0e
 .debug_str     0x0000000000000000    0xd3446 src/bsp/bsp.o
                                      0xd37f7 (size before relaxing)
 .debug_str     0x00000000000d3446       0x2b src/bsp/stm32f4xx_hal_msp.o
                                      0xd3683 (size before relaxing)
 .debug_str     0x00000000000d3471      0x3fb src/bsp/stm32f4xx_it.o
                                      0xd3954 (size before relaxing)
 .debug_str     0x00000000000d386c      0x101 src/bsp/system_stm32f4xx.o
                                      0x934ca (size before relaxing)
 .debug_str     0x00000000000d396d       0x39 src/bsp/startup/startup_stm32f429zitx.o
                                         0x63 (size before relaxing)
 .debug_str     0x00000000000d39a6      0xb05 src/lib/cube_f429/Drivers/STM32F4xx_HAL_Driver/Src/stm32f4xx_hal.o
                                      0xcef0e (size before relaxing)
 .debug_str     0x00000000000d44ab      0x3ab src/lib/cube_f429/Drivers/STM32F4xx_HAL_Driver/Src/stm32f4xx_hal_cortex.o
                                      0xcecaf (size before relaxing)
 .debug_str     0x00000000000d4856      0x1df src/lib/cube_f429/Drivers/STM32F4xx_HAL_Driver/Src/stm32f4xx_hal_gpio.o
                                      0xce534 (size before relaxing)
 .debug_str     0x00000000000d4a35      0x576 src/lib/cube_f429/Drivers/STM32F4xx_HAL_Driver/Src/stm32f4xx_hal_pcd.o
                                      0xceb64 (size before relaxing)
 .debug_str     0x00000000000d4fab      0x151 src/lib/cube_f429/Drivers/STM32F4xx_HAL_Driver/Src/stm32f4xx_hal_pcd_ex.o
                                      0xce72f (size before relaxing)
 .debug_str     0x00000000000d50fc      0x27b src/lib/cube_f429/Drivers/STM32F4xx_HAL_Driver/Src/stm32f4xx_hal_rcc.o
                                      0xce78f (size before relaxing)
 .debug_str     0x00000000000d5377      0x6b5 src/lib/cube_f429/Drivers/STM32F4xx_HAL_Driver/Src/stm32f4xx_ll_usb.o
                                      0xcec9b (size before relaxing)
 .debug_str     0x00000000000d5a2c      0x920 src/lib/cube_f429/Middlewares/ST/STM32_USB_Device_Library/Class/CDC/Src/usbd_cdc.o
                                      0xd426b (size before relaxing)
 .debug_str     0x00000000000d634c      0x1b4 src/lib/cube_f429/Middlewares/ST/STM32_USB_Device_Library/Core/Src/usbd_core.o
                                      0xd3b45 (size before relaxing)
 .debug_str     0x00000000000d6500      0x164 src/lib/cube_f429/Middlewares/ST/STM32_USB_Device_Library/Core/Src/usbd_ctlreq.o
                                      0xd3b03 (size before relaxing)
 .debug_str     0x00000000000d6664       0xdb src/lib/cube_f429/Middlewares/ST/STM32_USB_Device_Library/Core/Src/usbd_ioreq.o
                                      0xd3a53 (size before relaxing)
 .debug_str     0x00000000000d673f      0x12a src/lib/cube_f429/USB_DEVICE/App/usb_device.o
                                      0xd3dcf (size before relaxing)
 .debug_str     0x00000000000d6869       0xac src/lib/cube_f429/USB_DEVICE/App/usbd_cdc_if.o
                                      0xd3e2c (size before relaxing)
 .debug_str     0x00000000000d6915      0x280 src/lib/cube_f429/USB_DEVICE/App/usbd_desc.o
                                      0xd39aa (size before relaxing)
 .debug_str     0x00000000000d6b95      0x166 src/lib/cube_f429/USB_DEVICE/Target/usbd_conf.o
                                      0xd4a0f (size before relaxing)
 .debug_str     0x00000000000d6cfb       0x13 src/main.o
                                      0xd3555 (size before relaxing)

.comment        0x0000000000000000       0x53
 .comment       0x0000000000000000       0x53 src/bsp/bsp.o
                                         0x54 (size before relaxing)
 .comment       0x0000000000000053       0x54 src/bsp/stm32f4xx_hal_msp.o
 .comment       0x0000000000000053       0x54 src/bsp/stm32f4xx_it.o
 .comment       0x0000000000000053       0x54 src/bsp/system_stm32f4xx.o
 .comment       0x0000000000000053       0x54 src/lib/cube_f429/Drivers/STM32F4xx_HAL_Driver/Src/stm32f4xx_hal.o
 .comment       0x0000000000000053       0x54 src/lib/cube_f429/Drivers/STM32F4xx_HAL_Driver/Src/stm32f4xx_hal_cortex.o
 .comment       0x0000000000000053       0x54 src/lib/cube_f429/Drivers/STM32F4xx_HAL_Driver/Src/stm32f4xx_hal_gpio.o
 .comment       0x0000000000000053       0x54 src/lib/cube_f429/Drivers/STM32F4xx_HAL_Driver/Src/stm32f4xx_hal_pcd.o
 .comment       0x0000000000000053       0x54 src/lib/cube_f429/Drivers/STM32F4xx_HAL_Driver/Src/stm32f4xx_hal_pcd_ex.o
 .comment       0x0000000000000053       0x54 src/lib/cube_f429/Drivers/STM32F4xx_HAL_Driver/Src/stm32f4xx_hal_rcc.o
 .comment       0x0000000000000053       0x54 src/lib/cube_f429/Drivers/STM32F4xx_HAL_Driver/Src/stm32f4xx_ll_usb.o
 .comment       0x0000000000000053       0x54 src/lib/cube_f429/Middlewares/ST/STM32_USB_Device_Library/Class/CDC/Src/usbd_cdc.o
 .comment       0x0000000000000053       0x54 src/lib/cube_f429/Middlewares/ST/STM32_USB_Device_Library/Core/Src/usbd_core.o
 .comment       0x0000000000000053       0x54 src/lib/cube_f429/Middlewares/ST/STM32_USB_Device_Library/Core/Src/usbd_ctlreq.o
 .comment       0x0000000000000053       0x54 src/lib/cube_f429/Middlewares/ST/STM32_USB_Device_Library/Core/Src/usbd_ioreq.o
 .comment       0x0000000000000053       0x54 src/lib/cube_f429/USB_DEVICE/App/usb_device.o
 .comment       0x0000000000000053       0x54 src/lib/cube_f429/USB_DEVICE/App/usbd_cdc_if.o
 .comment       0x0000000000000053       0x54 src/lib/cube_f429/USB_DEVICE/App/usbd_desc.o
 .comment       0x0000000000000053       0x54 src/lib/cube_f429/USB_DEVICE/Target/usbd_conf.o
 .comment       0x0000000000000053       0x54 src/main.o

.debug_frame    0x0000000000000000     0x2bf0
 .debug_frame   0x0000000000000000       0xb4 src/bsp/bsp.o
 .debug_frame   0x00000000000000b4       0x38 src/bsp/stm32f4xx_hal_msp.o
 .debug_frame   0x00000000000000ec      0x120 src/bsp/stm32f4xx_it.o
 .debug_frame   0x000000000000020c       0x58 src/bsp/system_stm32f4xx.o
 .debug_frame   0x0000000000000264      0x3b4 src/lib/cube_f429/Drivers/STM32F4xx_HAL_Driver/Src/stm32f4xx_hal.o
 .debug_frame   0x0000000000000618      0x498 src/lib/cube_f429/Drivers/STM32F4xx_HAL_Driver/Src/stm32f4xx_hal_cortex.o
 .debug_frame   0x0000000000000ab0      0x14c src/lib/cube_f429/Drivers/STM32F4xx_HAL_Driver/Src/stm32f4xx_hal_gpio.o
 .debug_frame   0x0000000000000bfc      0x574 src/lib/cube_f429/Drivers/STM32F4xx_HAL_Driver/Src/stm32f4xx_hal_pcd.o
 .debug_frame   0x0000000000001170       0xb0 src/lib/cube_f429/Drivers/STM32F4xx_HAL_Driver/Src/stm32f4xx_hal_pcd_ex.o
 .debug_frame   0x0000000000001220      0x1f0 src/lib/cube_f429/Drivers/STM32F4xx_HAL_Driver/Src/stm32f4xx_hal_rcc.o
 .debug_frame   0x0000000000001410      0x798 src/lib/cube_f429/Drivers/STM32F4xx_HAL_Driver/Src/stm32f4xx_ll_usb.o
 .debug_frame   0x0000000000001ba8      0x248 src/lib/cube_f429/Middlewares/ST/STM32_USB_Device_Library/Class/CDC/Src/usbd_cdc.o
 .debug_frame   0x0000000000001df0      0x2f4 src/lib/cube_f429/Middlewares/ST/STM32_USB_Device_Library/Core/Src/usbd_core.o
 .debug_frame   0x00000000000020e4      0x23c src/lib/cube_f429/Middlewares/ST/STM32_USB_Device_Library/Core/Src/usbd_ctlreq.o
 .debug_frame   0x0000000000002320      0x10c src/lib/cube_f429/Middlewares/ST/STM32_USB_Device_Library/Core/Src/usbd_ioreq.o
 .debug_frame   0x000000000000242c       0x2c src/lib/cube_f429/USB_DEVICE/App/usb_device.o